******************************************************************************
              TMS320C55x Linker PC v4.4.1                      
******************************************************************************
>> Linked Sun Jul 18 12:46:55 2021

OUTPUT FILE NAME:   <FIR.out>
ENTRY POINT SYMBOL: "_c_int00"  address: 000270d9


MEMORY CONFIGURATION

         name            origin    length      used     unused   attr    fill
                        (bytes)   (bytes)    (bytes)   (bytes)
----------------------  --------  ---------  --------  --------  ----  --------
PAGE 0:
  MMR                   00000000   000000c0  00000000  000000c0  RWIX
  DARAM0                000000c0   0000ff40  00009860  000066e0  RWIX
  SARAM0                00010000   00010000  00000000  00010000  RWIX
  SARAM1                00020000   00020000  00007216  00018dea  RWIX
  SARAM2                00040000   0000fe00  0000110c  0000ecf4  RWIX
  VECS                  0004fe00   00000200  00000100  00000100  RWIX
  PDROM                 00ff8000   00008000  00000000  00008000  R IX

PAGE 2:
  IOPORT                00000000   00020000  00000000  00020000  RWI 


SECTION ALLOCATION MAP
(Addresses surrounded by []'s are displayed for convenience only!)

output                                                          attributes/
section   page  orgn(bytes) orgn(words) len(bytes) len(words)   input sections
--------  ----  ----------- ----------- ---------- ----------   --------------
.pinit       0   [ 00040000 ]  00020000          *   00000000   UNINITIALIZED

.stack       0   [ 000000c0 ]  00000060          *   00001000   UNINITIALIZED
                 [ 000000c0 ]  00000060          *   00001000   --HOLE--

.sysstack 
*            0   [ 000020c0 ]  00001060          *   00000800   UNINITIALIZED
                 [ 000020c0 ]  00001060          *   00000800   --HOLE--

.bss.1       0   [ 000030c0 ]  00001860          *   00001817   UNINITIALIZED
                 [ 000030c0 ]  00001860          *   000012d0   main.obj (.bss)
                 [ 00005660 ]  00002b30          *   000002a2   oled5515.obj (.bss)
                 [ 00005ba4 ]  00002dd2          *   00000119   rts55h.lib : defs.obj (.bss)
                 [ 00005dd6 ]  00002eeb          *   000000d0              : trgdrv.obj (.bss)
                 [ 00005f76 ]  00002fbb          *   00000001              : fopen.obj (.bss)
                 [ 00005f78 ]  00002fbc          *   00000071              : lowlev.obj (.bss)
                 [ 0000605a ]  0000302d          *   00000001   usbstk5515_i2c.obj (.bss)
                 [ 0000605c ]  0000302e          *   00000036   PLL.obj (.bss)
                 [ 000060c8 ]  00003064          *   0000000c   pushbuttons5515.obj (.bss)
                 [ 000060e0 ]  00003070          *   00000007   rts55h.lib : memory.obj (.bss)

.bss.2       0   [ 000060f0 ]  00003078          *   0000000e   UNINITIALIZED
                 [ 000060f0 ]  00003078          *   00000004   55xdsph.lib : cfft_scale.obj (.bss)
                 [ 000060f8 ]  0000307c          *   00000004   rts55h.lib : _lock.obj (.bss)
                 [ 00006100 ]  00003080          *   00000004              : exit.obj (.bss)
                 [ 00006108 ]  00003084          *   00000002   aic3204.obj (.bss)

.sysmem      0   [ 0000610c ]  00003086          *   00001000   UNINITIALIZED
                 [ 0000610c ]  00003086          *   00001000   --HOLE--

.const.1     0   [ 0000810c ]  00004086          *   000007cf   
                 [ 0000810c ]  00004086          *   00000324   main.obj (.const:.string)
                 [ 00008754 ]  000043aa          *   00000236   PLL.obj (.const:.string)
                 [ 00008bc0 ]  000045e0          *   00000174   aic3204_init.obj (.const:.string)
                 [ 00008ea8 ]  00004754          *   00000101   rts55h.lib : ctype.obj (.const:__ctypes_)

.const.2     0   [ 000090ac ]  00004856          *   0000003c   
                 [ 000090ac ]  00004856          *   00000024   rts55h.lib : _printfi.obj (.const:.string)
                 [ 000090f4 ]  0000487a          *   0000000c              : _printfi.obj (.const)
                 [ 0000910c ]  00004886          *   00000008              : divd.obj (.const:_initial_approx$1)
                 [ 0000911c ]  0000488e          *   00000002              : fputs.obj (.const:.string)
                 [ 00009120 ]  00004890          *   00000002              : fltlid.obj (.const)

.data        0   [ 00009124 ]  00004892          *   00000400   
                 [ 00009124 ]  00004892          *   00000400   55xdsph.lib : twiddle.obj (.data:twiddle)

.text        0     00020000  [ 00010000 ] 00007216          *   
                   00020000  [ 00010000 ] 00001533          *   rts55h.lib : _printfi.obj (.text)
                   00021533  [ 00010a99+] 00000eec          *   main.obj (.text)
                   0002241f  [ 0001120f+] 00000965          *   oled5515.obj (.text)
                   00022d84  [ 000116c2 ] 00000538          *   rts55h.lib : trgdrv.obj (.text)
                   000232bc  [ 0001195e ] 00000533          *              : memory.obj (.text)
                   000237ef  [ 00011bf7+] 00000522          *   aic3204_init.obj (.text)
                   00023d11  [ 00011e88+] 00000518          *   rts55h.lib : lowlev.obj (.text)
                   00024229  [ 00012114+] 000003c7          *              : divd.obj (.text)
                   000245f0  [ 000122f8 ] 00000340          *   PLL.obj (.text)
                   00024930  [ 00012498 ] 000002d3          *   pushbuttons5515.obj (.text)
                   00024c03  [ 00012601+] 000002ad          *   CSLc55x5h.lib : csl_pll.obj (.text)
                   00024eb0  [ 00012758 ] 0000026c          *   rts55h.lib : fopen.obj (.text)
                   0002511c  [ 0001288e ] 0000025c          *   bargraph5515.obj (.text)
                   00025378  [ 000129bc ] 0000025c          *   rts55h.lib : llmpy.obj (.text)
                   000255d4  [ 00012aea ] 00000257          *              : addd.obj (.text)
                   0002582b  [ 00012c15+] 000001ee          *   55xdsph.lib : cfft_scale.obj (.text)
                   00025a19  [ 00012d0c+] 000001ea          *   rts55h.lib : cmpd.obj (.text)
                   00025c03  [ 00012e01+] 000001c9          *   usbstk5515_led.obj (.text)
                   00025dcc  [ 00012ee6 ] 0000017b          *   rts55h.lib : fputs.obj (.text)
                   00025f47  [ 00012fa3+] 00000156          *   usbstk5515_gpio.obj (.text)
                   0002609d  [ 0001304e+] 0000014b          *   rts55h.lib : mpyd.obj (.text)
                   000261e8  [ 000130f4 ] 0000013e          *   usbstk5515_i2c.obj (.text)
                   00026326  [ 00013193 ] 0000013b          *   aic3204.obj (.text)
                   00026461  [ 00013230+] 000000f3          *   rts55h.lib : setvbuf.obj (.text)
                   00026554  [ 000132aa ] 000000de          *   55xdsph.lib : cbrev.obj (.text:cbrev)
                   00026632  [ 00013319 ] 000000da          *   rts55h.lib : _io_perm.obj (.text)
                   0002670c  [ 00013386 ] 000000be          *              : trgmsg.obj (.text:CIO_breakpoint)
                   000267ca  [ 000133e5 ] 000000ba          *              : fflush.obj (.text)
                   00026884  [ 00013442 ] 000000a2          *              : fputc.obj (.text)
                   00026926  [ 00013493 ] 000000a0          *              : divul.obj (.text)
                   000269c6  [ 000134e3 ] 00000079          *              : ltoa.obj (.text)
                   00026a3f  [ 0001351f+] 00000076          *              : fclose.obj (.text)
                   00026ab5  [ 0001355a+] 00000076          *              : frcmpyd.obj (.text)
                   00026b2b  [ 00013595+] 00000073          *              : frcmpyd_div.obj (.text)
                   00026b9e  [ 000135cf ] 00000070          *              : remul.obj (.text)
                   00026c0e  [ 00013607 ] 0000006e          *              : fixdli.obj (.text)
                   00026c7c  [ 0001363e ] 0000006b          *   55xdsph.lib : fir.obj (.text)
                   00026ce7  [ 00013673+] 0000006b          *   rts55h.lib : trgmsg.obj (.text)
                   00026d52  [ 000136a9 ] 00000068          *              : fseek.obj (.text)
                   00026dba  [ 000136dd ] 00000067          *              : fltlid.obj (.text)
                   00026e21  [ 00013710+] 00000059          *              : atoi.obj (.text)
                   00026e7a  [ 0001373d ] 00000056          *              : memcpy.obj (.text)
                   00026ed0  [ 00013768 ] 00000054          *   usbstk5515.obj (.text)
                   00026f24  [ 00013792 ] 0000004e          *   rts55h.lib : printf.obj (.text)
                   00026f72  [ 000137b9 ] 0000004d          *              : autoinit.obj (.text)
                   00026fbf  [ 000137df+] 0000004b          *              : remli.obj (.text)
                   0002700a  [ 00013805 ] 00000049          *              : args_main.obj (.text)
                   00027053  [ 00013829+] 00000048          *              : divli.obj (.text)
                   0002709b  [ 0001384d+] 0000003e          *              : exit.obj (.text)
                   000270d9  [ 0001386c+] 00000034          *              : boot.obj (.text)
                   0002710d  [ 00013886+] 0000002a          *              : fixdi.obj (.text)
                   00027137  [ 0001389b+] 0000002a          *              : udiv.obj (.text)
                   00027161  [ 000138b0+] 00000022          *              : memccpy.obj (.text)
                   00027183  [ 000138c1+] 0000001c          *   stereo.obj (.text)
                   0002719f  [ 000138cf+] 0000001a          *   rts55h.lib : isinf.obj (.text)
                   000271b9  [ 000138dc+] 00000014          *              : subd.obj (.text)
                   000271cd  [ 000138e6+] 00000013          *              : lmpy.obj (.text)
                   000271e0  [ 000138f0 ] 00000012          *              : _lock.obj (.text)
                   000271f2  [ 000138f9 ] 00000010          *              : negd.obj (.text)
                   00027202  [ 00013901 ] 0000000a          *              : remove.obj (.text)
                   0002720c  [ 00013906 ] 00000007          *              : exit.obj (.text:CIO_breakpoint)
                   00027213  [ 00013909+] 00000002          *              : vectors.obj (.text)
                   00027215  [ 0001390a ] 00000001          *   --HOLE-- [fill = 20]

.cinit       0   [ 00040000 ]  00020000          *   00000766   
                 [ 00040000 ]  00020000          *   000003d9   main.obj (.cinit)
                 [ 000407b2 ]  000203d9          *   000002ab   oled5515.obj (.cinit)
                 [ 00040d08 ]  00020684          *   00000046   PLL.obj (.cinit)
                 [ 00040d94 ]  000206ca          *   0000002d   rts55h.lib : lowlev.obj (.cinit)
                 [ 00040dee ]  000206f7          *   0000002a              : defs.obj (.cinit)
                 [ 00040e42 ]  00020721          *   00000024   pushbuttons5515.obj (.cinit)
                 [ 00040e8a ]  00020745          *   0000000a   rts55h.lib : _lock.obj (.cinit)
                 [ 00040e9e ]  0002074f          *   0000000a              : exit.obj (.cinit)
                 [ 00040eb2 ]  00020759          *   00000004              : fopen.obj (.cinit)
                 [ 00040eba ]  0002075d          *   00000004              : memory.obj (.cinit)
                 [ 00040ec2 ]  00020761          *   00000004   usbstk5515_i2c.obj (.cinit)
                 [ 00040eca ]  00020765          *   00000001   --HOLE-- [fill = 0]

.cio         0   [ 00040ed0 ]  00020768          *   00000120   UNINITIALIZED
                 [ 00040ed0 ]  00020768          *   00000120   rts55h.lib : trgmsg.obj (.cio)

vectors      0     0004fe00  [ 00027f00 ] 00000100          *   
                   0004fe00  [ 00027f00 ] 00000100          *   rts55h.lib : vectors.obj (vectors)


GLOBAL SYMBOLS: SORTED ALPHABETICALLY BY Name 

abs. value/
byte addr   word addr   name
---------   ---------   ----
00000002                $TI_capability$C5500$CallingConvention
00000008                $TI_capability$C5500$MemoryModel
00000001                $TI_capability_requires_rev3
ffffffff                .bss
ffffffff                .data
ffffffff                .text
0002720d                C$$EXIT
000267c5                C$$IO$$
000271cd                I$$LMPY
00027137                I$$UDIV
0002714c                I$$UMOD
00026326                _AIC3204_rget
00026371                _AIC3204_rset
            00001a03    _CurStep
0002325e                _HOSTclock
000231f3                _HOSTclose
0002313e                _HOSTlseek
0002309d                _HOSTopen
00023012                _HOSTread
00022f59                _HOSTrename
00022efb                _HOSTtime
00022e8f                _HOSTunlink
00022e04                _HOSTwrite
            00001a02    _LastStep
0002243f                _OSD9616_multiSend
0002241f                _OSD9616_send
00024df5                _PLL_bypass
00024c65                _PLL_config
00024d8e                _PLL_enable
00024c2d                _PLL_init
00024e44                _PLL_reset
0004fe00                _Reset
00024930                _SAR_init
00026045                _USBSTK5515_GPIO_getInput
00025f47                _USBSTK5515_GPIO_init
00025f4b                _USBSTK5515_GPIO_setDirection
00025fc8                _USBSTK5515_GPIO_setOutput
00026207                _USBSTK5515_I2C_close
000261e8                _USBSTK5515_I2C_init
000262ad                _USBSTK5515_I2C_read
00026210                _USBSTK5515_I2C_reset
0002621e                _USBSTK5515_I2C_write
00025c03                _USBSTK5515_LED_init
00025c1f                _USBSTK5515_LED_off
00025c0e                _USBSTK5515_LED_on
00025c5f                _USBSTK5515_ULED_getall
00025c30                _USBSTK5515_ULED_init
00025d54                _USBSTK5515_ULED_off
00025d1f                _USBSTK5515_ULED_on
00025cb1                _USBSTK5515_ULED_setall
00025d87                _USBSTK5515_ULED_toggle
00026f16                _USBSTK5515_init
00026ed0                _USBSTK5515_wait
00026f04                _USBSTK5515_waitusec
            00020768    __CIOBUF_
            00001060    __STACK_END
00002000                __STACK_SIZE
00002000                __SYSMEM_SIZE
00001000                __SYSSTACK_SIZE
00000001                __TI_args_main
ffffffff                ___binit__
ffffffff                ___bss__
ffffffff                ___c_args__
            00020000    ___cinit__
ffffffff                ___data__
ffffffff                ___edata__
ffffffff                ___end__
ffffffff                ___etext__
0002719f                ___isinf
ffffffff                ___pinit__
ffffffff                ___text__
000255d4                __addd
0002700a                __args_main
00024fc5                __cleanup
            00003080    __cleanup_ptr
00025bab                __cmpd
            00004754    __ctypes_
00024229                __divd
00027053                __divli
000255a0                __divlli
00027137                __divu
00026926                __divul
000254ac                __divull
000267ca                __doflush
            00003082    __dtors_ptr
00025b77                __eqld
0002710d                __fixdi
00026c0e                __fixdli
00026dba                __fltlid
00026ab5                __frcmpyd
00026b2b                __frcmpyd_div
            00002eea    __ft_end
            00002dd2    __ftable
00025b2d                __geqd
00025ae2                __gtrd
00025a95                __leqd
            0000307c    __lock
00025a4d                __lssd
0002609d                __mpyd
000271cd                __mpyli
000253f5                __mpylli
000271f2                __negd
00025a19                __neqd
000271f0                __nop
00021315                __printfi
000266af                __rd_ok
000271e8                __register_lock
000271e0                __register_unlock
00026fbf                __remli
000253c6                __remlli
0002714c                __remu
00026b9e                __remul
00025378                __remull
            00000060    __stack
000271b9                __subd
            00003086    __sys_memory
            00001060    __sysstack
            00002e4a    __tmpnams
            0000307e    __unlock
00026632                __wrt_ok
0002720c                _abort
00024141                _add_device
000263df                _aic3204_codec_read
00026425                _aic3204_codec_write
000263c3                _aic3204_disable
00026393                _aic3204_hardware_init
000237ef                _aic3204_init
            00002bec    _ascii_set
00026e21                _atoi
00026f72                _auto_init
00025258                _bargraph_12dB
0002511c                _bargraph_3dB
000251ba                _bargraph_6dB
000270d9                _c_int00
000237a3                _calloc
00026554                _cbrev
0002582b                _cfft_SCALE
            00002b30    _character_set
0002379b                _chkheap
000240d1                _close
            00003084    _counter1
            00003085    _counter2
            00001a05    _dbuffer1
            00001def    _dbuffer2
            00002746    _dbuffer3
0002709b                _exit
00026a3f                _fclose
0002682c                _fflush
000240c8                _find_registered_device
00026c7c                _fir
000250e3                _fopen
00026884                _fputc
00025dcc                _fputs
            00002706    _fr
000232bc                _free
00023734                _free_memory
0002501d                _freopen
00026d52                _fseek
00022d84                _getenv
            000021da    _h
            00001860    _h1
            000018c4    _h2
            00001937    _h3
            0000199d    _h4
            00003038    _hPll
            000019fe    _i
            00001a00    _j
            000019fa    _left_input
            000019fc    _left_output
00024064                _lseek
000269c6                _ltoa
00021533                _main
00023400                _malloc
000236ca                _max_free
00027161                _memccpy
00026e7a                _memcpy
0002338e                _minit
            00001a04    _nh
            000023f1    _noiseResult
            00002b98    _number_set
00022af3                _oled_display_bargraph
000227ef                _oled_display_message
0002275f                _oled_display_message_5x7
00022cb3                _oled_display_picture
00022bdc                _oled_display_waveform
00022642                _oled_init
00023fa7                _open
            00003062    _pConfigInfo
            00003034    _pllCfg1
            0000305a    _pllCfg_100MHz
            0000305e    _pllCfg_120MHz
            00003042    _pllCfg_12MHz
            00003046    _pllCfg_12p288MHz
            0000303a    _pllCfg_1MHz
            0000303e    _pllCfg_2MHz
            0000304a    _pllCfg_40MHz
            0000304e    _pllCfg_60MHz
            00003052    _pllCfg_75MHz
            00003056    _pllCfg_98MHz
            0000302e    _pllObj
0002466b                _pll_frequency_setup
0002248b                _printCharacter
000224cf                _printCharacter_5x7
00022554                _printMessage
0002251f                _printMessage_5x7
00026f24                _printf
00024948                _pushbuttons_read
00024ae3                _pushbuttons_read_raw
00026884                _putc
00026917                _putchar
00025f1b                _puts
00023efd                _read
00026ce7                _readmsg
00023501                _realloc
00027202                _remove
00023ec9                _remove_device
00023e72                _rename
            000019fb    _right_input
            000019fd    _right_output
000239c1                _set_sampling_frequency_and_gain
00026461                _setvbuf
000252f6                _spectrum_analyser_display
            00003069    _step
00027183                _stereo_to_mono
00023e3e                _unlink
            000021dc    _whiteNoise
00023d11                _write
0002670c                _writemsg
            00002606    _xf
ffffffff                binit
            00020000    cinit
ffffffff                edata
ffffffff                end
ffffffff                etext
ffffffff                pinit
            00004892    twiddle


GLOBAL SYMBOLS: SORTED BY Symbol Address 

abs. value/
byte addr   word addr   name
---------   ---------   ----
00000001                $TI_capability_requires_rev3
00000001                __TI_args_main
00000002                $TI_capability$C5500$CallingConvention
00000008                $TI_capability$C5500$MemoryModel
            00000060    __stack
00001000                __SYSSTACK_SIZE
00002000                __STACK_SIZE
00002000                __SYSMEM_SIZE
            00001060    __STACK_END
            00001060    __sysstack
            00001860    _h1
            000018c4    _h2
            00001937    _h3
            0000199d    _h4
            000019fa    _left_input
            000019fb    _right_input
            000019fc    _left_output
            000019fd    _right_output
            000019fe    _i
            00001a00    _j
            00001a02    _LastStep
            00001a03    _CurStep
            00001a04    _nh
            00001a05    _dbuffer1
            00001def    _dbuffer2
            000021da    _h
            000021dc    _whiteNoise
            000023f1    _noiseResult
            00002606    _xf
            00002706    _fr
            00002746    _dbuffer3
            00002b30    _character_set
            00002b98    _number_set
            00002bec    _ascii_set
            00002dd2    __ftable
            00002e4a    __tmpnams
            00002eea    __ft_end
            0000302e    _pllObj
            00003034    _pllCfg1
            00003038    _hPll
            0000303a    _pllCfg_1MHz
            0000303e    _pllCfg_2MHz
            00003042    _pllCfg_12MHz
            00003046    _pllCfg_12p288MHz
            0000304a    _pllCfg_40MHz
            0000304e    _pllCfg_60MHz
            00003052    _pllCfg_75MHz
            00003056    _pllCfg_98MHz
            0000305a    _pllCfg_100MHz
            0000305e    _pllCfg_120MHz
            00003062    _pConfigInfo
            00003069    _step
            0000307c    __lock
            0000307e    __unlock
            00003080    __cleanup_ptr
            00003082    __dtors_ptr
            00003084    _counter1
            00003085    _counter2
            00003086    __sys_memory
            00004754    __ctypes_
            00004892    twiddle
00021315                __printfi
00021533                _main
0002241f                _OSD9616_send
0002243f                _OSD9616_multiSend
0002248b                _printCharacter
000224cf                _printCharacter_5x7
0002251f                _printMessage_5x7
00022554                _printMessage
00022642                _oled_init
0002275f                _oled_display_message_5x7
000227ef                _oled_display_message
00022af3                _oled_display_bargraph
00022bdc                _oled_display_waveform
00022cb3                _oled_display_picture
00022d84                _getenv
00022e04                _HOSTwrite
00022e8f                _HOSTunlink
00022efb                _HOSTtime
00022f59                _HOSTrename
00023012                _HOSTread
0002309d                _HOSTopen
0002313e                _HOSTlseek
000231f3                _HOSTclose
0002325e                _HOSTclock
000232bc                _free
0002338e                _minit
00023400                _malloc
00023501                _realloc
000236ca                _max_free
00023734                _free_memory
0002379b                _chkheap
000237a3                _calloc
000237ef                _aic3204_init
000239c1                _set_sampling_frequency_and_gain
00023d11                _write
00023e3e                _unlink
00023e72                _rename
00023ec9                _remove_device
00023efd                _read
00023fa7                _open
00024064                _lseek
000240c8                _find_registered_device
000240d1                _close
00024141                _add_device
00024229                __divd
0002466b                _pll_frequency_setup
00024930                _SAR_init
00024948                _pushbuttons_read
00024ae3                _pushbuttons_read_raw
00024c2d                _PLL_init
00024c65                _PLL_config
00024d8e                _PLL_enable
00024df5                _PLL_bypass
00024e44                _PLL_reset
00024fc5                __cleanup
0002501d                _freopen
000250e3                _fopen
0002511c                _bargraph_3dB
000251ba                _bargraph_6dB
00025258                _bargraph_12dB
000252f6                _spectrum_analyser_display
00025378                __remull
000253c6                __remlli
000253f5                __mpylli
000254ac                __divull
000255a0                __divlli
000255d4                __addd
0002582b                _cfft_SCALE
00025a19                __neqd
00025a4d                __lssd
00025a95                __leqd
00025ae2                __gtrd
00025b2d                __geqd
00025b77                __eqld
00025bab                __cmpd
00025c03                _USBSTK5515_LED_init
00025c0e                _USBSTK5515_LED_on
00025c1f                _USBSTK5515_LED_off
00025c30                _USBSTK5515_ULED_init
00025c5f                _USBSTK5515_ULED_getall
00025cb1                _USBSTK5515_ULED_setall
00025d1f                _USBSTK5515_ULED_on
00025d54                _USBSTK5515_ULED_off
00025d87                _USBSTK5515_ULED_toggle
00025dcc                _fputs
00025f1b                _puts
00025f47                _USBSTK5515_GPIO_init
00025f4b                _USBSTK5515_GPIO_setDirection
00025fc8                _USBSTK5515_GPIO_setOutput
00026045                _USBSTK5515_GPIO_getInput
0002609d                __mpyd
000261e8                _USBSTK5515_I2C_init
00026207                _USBSTK5515_I2C_close
00026210                _USBSTK5515_I2C_reset
0002621e                _USBSTK5515_I2C_write
000262ad                _USBSTK5515_I2C_read
00026326                _AIC3204_rget
00026371                _AIC3204_rset
00026393                _aic3204_hardware_init
000263c3                _aic3204_disable
000263df                _aic3204_codec_read
00026425                _aic3204_codec_write
00026461                _setvbuf
00026554                _cbrev
00026632                __wrt_ok
000266af                __rd_ok
0002670c                _writemsg
000267c5                C$$IO$$
000267ca                __doflush
0002682c                _fflush
00026884                _fputc
00026884                _putc
00026917                _putchar
00026926                __divul
000269c6                _ltoa
00026a3f                _fclose
00026ab5                __frcmpyd
00026b2b                __frcmpyd_div
00026b9e                __remul
00026c0e                __fixdli
00026c7c                _fir
00026ce7                _readmsg
00026d52                _fseek
00026dba                __fltlid
00026e21                _atoi
00026e7a                _memcpy
00026ed0                _USBSTK5515_wait
00026f04                _USBSTK5515_waitusec
00026f16                _USBSTK5515_init
00026f24                _printf
00026f72                _auto_init
00026fbf                __remli
0002700a                __args_main
00027053                __divli
0002709b                _exit
000270d9                _c_int00
0002710d                __fixdi
00027137                I$$UDIV
00027137                __divu
0002714c                I$$UMOD
0002714c                __remu
00027161                _memccpy
00027183                _stereo_to_mono
0002719f                ___isinf
000271b9                __subd
000271cd                I$$LMPY
000271cd                __mpyli
000271e0                __register_unlock
000271e8                __register_lock
000271f0                __nop
000271f2                __negd
00027202                _remove
0002720c                _abort
0002720d                C$$EXIT
            00020000    ___cinit__
            00020000    cinit
            00020768    __CIOBUF_
0004fe00                _Reset
ffffffff                .bss
ffffffff                .data
ffffffff                .text
ffffffff                ___binit__
ffffffff                ___bss__
ffffffff                ___c_args__
ffffffff                ___data__
ffffffff                ___edata__
ffffffff                ___end__
ffffffff                ___etext__
ffffffff                ___pinit__
ffffffff                ___text__
ffffffff                binit
ffffffff                edata
ffffffff                end
ffffffff                etext
ffffffff                pinit

[236 symbols]
