<?xml version="1.0"?>
<link_info>
   <banner>TMS320C55x Linker PC v4.4.1</banner>
   <copyright>Copyright (c) 1996-2012 Texas Instruments Incorporated</copyright>
   <link_time>0x60f3f88f</link_time>
   <output_file>FIR.out</output_file>
   <entry_point>
      <name>_c_int00</name>
      <address>0x270d9</address>
   </entry_point>
   <input_file_list>
      <input_file id="fl-2">
         <path>.\</path>
         <kind>object</kind>
         <file>PLL.obj</file>
         <name>PLL.obj</name>
      </input_file>
      <input_file id="fl-3">
         <path>.\</path>
         <kind>object</kind>
         <file>aic3204.obj</file>
         <name>aic3204.obj</name>
      </input_file>
      <input_file id="fl-4">
         <path>.\</path>
         <kind>object</kind>
         <file>aic3204_init.obj</file>
         <name>aic3204_init.obj</name>
      </input_file>
      <input_file id="fl-5">
         <path>.\</path>
         <kind>object</kind>
         <file>bargraph5515.obj</file>
         <name>bargraph5515.obj</name>
      </input_file>
      <input_file id="fl-6">
         <path>.\</path>
         <kind>object</kind>
         <file>main.obj</file>
         <name>main.obj</name>
      </input_file>
      <input_file id="fl-7">
         <path>.\</path>
         <kind>object</kind>
         <file>oled5515.obj</file>
         <name>oled5515.obj</name>
      </input_file>
      <input_file id="fl-8">
         <path>.\</path>
         <kind>object</kind>
         <file>pushbuttons5515.obj</file>
         <name>pushbuttons5515.obj</name>
      </input_file>
      <input_file id="fl-9">
         <path>.\</path>
         <kind>object</kind>
         <file>stereo.obj</file>
         <name>stereo.obj</name>
      </input_file>
      <input_file id="fl-a">
         <path>.\</path>
         <kind>object</kind>
         <file>usbstk5515.obj</file>
         <name>usbstk5515.obj</name>
      </input_file>
      <input_file id="fl-b">
         <path>.\</path>
         <kind>object</kind>
         <file>usbstk5515_gpio.obj</file>
         <name>usbstk5515_gpio.obj</name>
      </input_file>
      <input_file id="fl-c">
         <path>.\</path>
         <kind>object</kind>
         <file>usbstk5515_i2c.obj</file>
         <name>usbstk5515_i2c.obj</name>
      </input_file>
      <input_file id="fl-d">
         <path>.\</path>
         <kind>object</kind>
         <file>usbstk5515_led.obj</file>
         <name>usbstk5515_led.obj</name>
      </input_file>
      <input_file id="fl-13">
         <path>..\</path>
         <kind>archive</kind>
         <file>55xdsph.lib</file>
         <name>cbrev.obj</name>
      </input_file>
      <input_file id="fl-14">
         <path>..\</path>
         <kind>archive</kind>
         <file>55xdsph.lib</file>
         <name>cfft_scale.obj</name>
      </input_file>
      <input_file id="fl-15">
         <path>..\</path>
         <kind>archive</kind>
         <file>55xdsph.lib</file>
         <name>fir.obj</name>
      </input_file>
      <input_file id="fl-16">
         <path>..\</path>
         <kind>archive</kind>
         <file>55xdsph.lib</file>
         <name>twiddle.obj</name>
      </input_file>
      <input_file id="fl-17">
         <path>..\</path>
         <kind>archive</kind>
         <file>CSLc55x5h.lib</file>
         <name>csl_pll.obj</name>
      </input_file>
      <input_file id="fl-18">
         <path>F:\ti\ccs1031\ccs\tools\compiler\c5500_4.4.1\lib\</path>
         <kind>archive</kind>
         <file>rts55h.lib</file>
         <name>boot.obj</name>
      </input_file>
      <input_file id="fl-19">
         <path>F:\ti\ccs1031\ccs\tools\compiler\c5500_4.4.1\lib\</path>
         <kind>archive</kind>
         <file>rts55h.lib</file>
         <name>exit.obj</name>
      </input_file>
      <input_file id="fl-1a">
         <path>F:\ti\ccs1031\ccs\tools\compiler\c5500_4.4.1\lib\</path>
         <kind>archive</kind>
         <file>rts55h.lib</file>
         <name>fputs.obj</name>
      </input_file>
      <input_file id="fl-1b">
         <path>F:\ti\ccs1031\ccs\tools\compiler\c5500_4.4.1\lib\</path>
         <kind>archive</kind>
         <file>rts55h.lib</file>
         <name>lowlev.obj</name>
      </input_file>
      <input_file id="fl-1c">
         <path>F:\ti\ccs1031\ccs\tools\compiler\c5500_4.4.1\lib\</path>
         <kind>archive</kind>
         <file>rts55h.lib</file>
         <name>memcpy.obj</name>
      </input_file>
      <input_file id="fl-1d">
         <path>F:\ti\ccs1031\ccs\tools\compiler\c5500_4.4.1\lib\</path>
         <kind>archive</kind>
         <file>rts55h.lib</file>
         <name>printf.obj</name>
      </input_file>
      <input_file id="fl-1e">
         <path>F:\ti\ccs1031\ccs\tools\compiler\c5500_4.4.1\lib\</path>
         <kind>archive</kind>
         <file>rts55h.lib</file>
         <name>trgdrv.obj</name>
      </input_file>
      <input_file id="fl-1f">
         <path>F:\ti\ccs1031\ccs\tools\compiler\c5500_4.4.1\lib\</path>
         <kind>archive</kind>
         <file>rts55h.lib</file>
         <name>trgmsg.obj</name>
      </input_file>
      <input_file id="fl-20">
         <path>F:\ti\ccs1031\ccs\tools\compiler\c5500_4.4.1\lib\</path>
         <kind>archive</kind>
         <file>rts55h.lib</file>
         <name>vectors.obj</name>
      </input_file>
      <input_file id="fl-21">
         <path>F:\ti\ccs1031\ccs\tools\compiler\c5500_4.4.1\lib\</path>
         <kind>archive</kind>
         <file>rts55h.lib</file>
         <name>_io_perm.obj</name>
      </input_file>
      <input_file id="fl-22">
         <path>F:\ti\ccs1031\ccs\tools\compiler\c5500_4.4.1\lib\</path>
         <kind>archive</kind>
         <file>rts55h.lib</file>
         <name>_lock.obj</name>
      </input_file>
      <input_file id="fl-23">
         <path>F:\ti\ccs1031\ccs\tools\compiler\c5500_4.4.1\lib\</path>
         <kind>archive</kind>
         <file>rts55h.lib</file>
         <name>_printfi.obj</name>
      </input_file>
      <input_file id="fl-24">
         <path>F:\ti\ccs1031\ccs\tools\compiler\c5500_4.4.1\lib\</path>
         <kind>archive</kind>
         <file>rts55h.lib</file>
         <name>args_main.obj</name>
      </input_file>
      <input_file id="fl-25">
         <path>F:\ti\ccs1031\ccs\tools\compiler\c5500_4.4.1\lib\</path>
         <kind>archive</kind>
         <file>rts55h.lib</file>
         <name>atoi.obj</name>
      </input_file>
      <input_file id="fl-26">
         <path>F:\ti\ccs1031\ccs\tools\compiler\c5500_4.4.1\lib\</path>
         <kind>archive</kind>
         <file>rts55h.lib</file>
         <name>autoinit.obj</name>
      </input_file>
      <input_file id="fl-27">
         <path>F:\ti\ccs1031\ccs\tools\compiler\c5500_4.4.1\lib\</path>
         <kind>archive</kind>
         <file>rts55h.lib</file>
         <name>cmpd.obj</name>
      </input_file>
      <input_file id="fl-28">
         <path>F:\ti\ccs1031\ccs\tools\compiler\c5500_4.4.1\lib\</path>
         <kind>archive</kind>
         <file>rts55h.lib</file>
         <name>ctype.obj</name>
      </input_file>
      <input_file id="fl-29">
         <path>F:\ti\ccs1031\ccs\tools\compiler\c5500_4.4.1\lib\</path>
         <kind>archive</kind>
         <file>rts55h.lib</file>
         <name>defs.obj</name>
      </input_file>
      <input_file id="fl-2a">
         <path>F:\ti\ccs1031\ccs\tools\compiler\c5500_4.4.1\lib\</path>
         <kind>archive</kind>
         <file>rts55h.lib</file>
         <name>divd.obj</name>
      </input_file>
      <input_file id="fl-2b">
         <path>F:\ti\ccs1031\ccs\tools\compiler\c5500_4.4.1\lib\</path>
         <kind>archive</kind>
         <file>rts55h.lib</file>
         <name>divul.obj</name>
      </input_file>
      <input_file id="fl-2c">
         <path>F:\ti\ccs1031\ccs\tools\compiler\c5500_4.4.1\lib\</path>
         <kind>archive</kind>
         <file>rts55h.lib</file>
         <name>fflush.obj</name>
      </input_file>
      <input_file id="fl-2d">
         <path>F:\ti\ccs1031\ccs\tools\compiler\c5500_4.4.1\lib\</path>
         <kind>archive</kind>
         <file>rts55h.lib</file>
         <name>fixdi.obj</name>
      </input_file>
      <input_file id="fl-2e">
         <path>F:\ti\ccs1031\ccs\tools\compiler\c5500_4.4.1\lib\</path>
         <kind>archive</kind>
         <file>rts55h.lib</file>
         <name>fixdli.obj</name>
      </input_file>
      <input_file id="fl-2f">
         <path>F:\ti\ccs1031\ccs\tools\compiler\c5500_4.4.1\lib\</path>
         <kind>archive</kind>
         <file>rts55h.lib</file>
         <name>fltlid.obj</name>
      </input_file>
      <input_file id="fl-30">
         <path>F:\ti\ccs1031\ccs\tools\compiler\c5500_4.4.1\lib\</path>
         <kind>archive</kind>
         <file>rts55h.lib</file>
         <name>fputc.obj</name>
      </input_file>
      <input_file id="fl-31">
         <path>F:\ti\ccs1031\ccs\tools\compiler\c5500_4.4.1\lib\</path>
         <kind>archive</kind>
         <file>rts55h.lib</file>
         <name>frcmpyd_div.obj</name>
      </input_file>
      <input_file id="fl-32">
         <path>F:\ti\ccs1031\ccs\tools\compiler\c5500_4.4.1\lib\</path>
         <kind>archive</kind>
         <file>rts55h.lib</file>
         <name>fseek.obj</name>
      </input_file>
      <input_file id="fl-33">
         <path>F:\ti\ccs1031\ccs\tools\compiler\c5500_4.4.1\lib\</path>
         <kind>archive</kind>
         <file>rts55h.lib</file>
         <name>isinf.obj</name>
      </input_file>
      <input_file id="fl-34">
         <path>F:\ti\ccs1031\ccs\tools\compiler\c5500_4.4.1\lib\</path>
         <kind>archive</kind>
         <file>rts55h.lib</file>
         <name>llmpy.obj</name>
      </input_file>
      <input_file id="fl-35">
         <path>F:\ti\ccs1031\ccs\tools\compiler\c5500_4.4.1\lib\</path>
         <kind>archive</kind>
         <file>rts55h.lib</file>
         <name>lmpy.obj</name>
      </input_file>
      <input_file id="fl-36">
         <path>F:\ti\ccs1031\ccs\tools\compiler\c5500_4.4.1\lib\</path>
         <kind>archive</kind>
         <file>rts55h.lib</file>
         <name>ltoa.obj</name>
      </input_file>
      <input_file id="fl-37">
         <path>F:\ti\ccs1031\ccs\tools\compiler\c5500_4.4.1\lib\</path>
         <kind>archive</kind>
         <file>rts55h.lib</file>
         <name>memccpy.obj</name>
      </input_file>
      <input_file id="fl-38">
         <path>F:\ti\ccs1031\ccs\tools\compiler\c5500_4.4.1\lib\</path>
         <kind>archive</kind>
         <file>rts55h.lib</file>
         <name>mpyd.obj</name>
      </input_file>
      <input_file id="fl-39">
         <path>F:\ti\ccs1031\ccs\tools\compiler\c5500_4.4.1\lib\</path>
         <kind>archive</kind>
         <file>rts55h.lib</file>
         <name>negd.obj</name>
      </input_file>
      <input_file id="fl-3a">
         <path>F:\ti\ccs1031\ccs\tools\compiler\c5500_4.4.1\lib\</path>
         <kind>archive</kind>
         <file>rts55h.lib</file>
         <name>remli.obj</name>
      </input_file>
      <input_file id="fl-3b">
         <path>F:\ti\ccs1031\ccs\tools\compiler\c5500_4.4.1\lib\</path>
         <kind>archive</kind>
         <file>rts55h.lib</file>
         <name>remul.obj</name>
      </input_file>
      <input_file id="fl-3c">
         <path>F:\ti\ccs1031\ccs\tools\compiler\c5500_4.4.1\lib\</path>
         <kind>archive</kind>
         <file>rts55h.lib</file>
         <name>setvbuf.obj</name>
      </input_file>
      <input_file id="fl-3d">
         <path>F:\ti\ccs1031\ccs\tools\compiler\c5500_4.4.1\lib\</path>
         <kind>archive</kind>
         <file>rts55h.lib</file>
         <name>subd.obj</name>
      </input_file>
      <input_file id="fl-3e">
         <path>F:\ti\ccs1031\ccs\tools\compiler\c5500_4.4.1\lib\</path>
         <kind>archive</kind>
         <file>rts55h.lib</file>
         <name>udiv.obj</name>
      </input_file>
      <input_file id="fl-3f">
         <path>F:\ti\ccs1031\ccs\tools\compiler\c5500_4.4.1\lib\</path>
         <kind>archive</kind>
         <file>rts55h.lib</file>
         <name>addd.obj</name>
      </input_file>
      <input_file id="fl-40">
         <path>F:\ti\ccs1031\ccs\tools\compiler\c5500_4.4.1\lib\</path>
         <kind>archive</kind>
         <file>rts55h.lib</file>
         <name>divli.obj</name>
      </input_file>
      <input_file id="fl-41">
         <path>F:\ti\ccs1031\ccs\tools\compiler\c5500_4.4.1\lib\</path>
         <kind>archive</kind>
         <file>rts55h.lib</file>
         <name>fopen.obj</name>
      </input_file>
      <input_file id="fl-42">
         <path>F:\ti\ccs1031\ccs\tools\compiler\c5500_4.4.1\lib\</path>
         <kind>archive</kind>
         <file>rts55h.lib</file>
         <name>frcmpyd.obj</name>
      </input_file>
      <input_file id="fl-43">
         <path>F:\ti\ccs1031\ccs\tools\compiler\c5500_4.4.1\lib\</path>
         <kind>archive</kind>
         <file>rts55h.lib</file>
         <name>memory.obj</name>
      </input_file>
      <input_file id="fl-44">
         <path>F:\ti\ccs1031\ccs\tools\compiler\c5500_4.4.1\lib\</path>
         <kind>archive</kind>
         <file>rts55h.lib</file>
         <name>fclose.obj</name>
      </input_file>
      <input_file id="fl-45">
         <path>F:\ti\ccs1031\ccs\tools\compiler\c5500_4.4.1\lib\</path>
         <kind>archive</kind>
         <file>rts55h.lib</file>
         <name>remove.obj</name>
      </input_file>
   </input_file_list>
   <object_component_list>
      <object_component id="oc-a6">
         <name>.text</name>
         <load_address>0x20000</load_address>
         <run_address>0x20000</run_address>
         <size>0x1533</size>
         <input_file_ref idref="fl-23"/>
      </object_component>
      <object_component id="oc-2b">
         <name>.text</name>
         <load_address>0x21533</load_address>
         <run_address>0x21533</run_address>
         <size>0xeec</size>
         <input_file_ref idref="fl-6"/>
      </object_component>
      <object_component id="oc-33">
         <name>.text</name>
         <load_address>0x2241f</load_address>
         <run_address>0x2241f</run_address>
         <size>0x965</size>
         <input_file_ref idref="fl-7"/>
      </object_component>
      <object_component id="oc-8d">
         <name>.text</name>
         <load_address>0x22d84</load_address>
         <run_address>0x22d84</run_address>
         <size>0x538</size>
         <input_file_ref idref="fl-1e"/>
      </object_component>
      <object_component id="oc-129">
         <name>.text</name>
         <load_address>0x232bc</load_address>
         <run_address>0x232bc</run_address>
         <size>0x533</size>
         <input_file_ref idref="fl-43"/>
      </object_component>
      <object_component id="oc-20">
         <name>.text</name>
         <load_address>0x237ef</load_address>
         <run_address>0x237ef</run_address>
         <size>0x522</size>
         <input_file_ref idref="fl-4"/>
      </object_component>
      <object_component id="oc-7f">
         <name>.text</name>
         <load_address>0x23d11</load_address>
         <run_address>0x23d11</run_address>
         <size>0x518</size>
         <input_file_ref idref="fl-1b"/>
      </object_component>
      <object_component id="oc-c2">
         <name>.text</name>
         <load_address>0x24229</load_address>
         <run_address>0x24229</run_address>
         <size>0x3c7</size>
         <input_file_ref idref="fl-2a"/>
      </object_component>
      <object_component id="oc-12">
         <name>.text</name>
         <load_address>0x245f0</load_address>
         <run_address>0x245f0</run_address>
         <size>0x340</size>
         <input_file_ref idref="fl-2"/>
      </object_component>
      <object_component id="oc-3a">
         <name>.text</name>
         <load_address>0x24930</load_address>
         <run_address>0x24930</run_address>
         <size>0x2d3</size>
         <input_file_ref idref="fl-8"/>
      </object_component>
      <object_component id="oc-6a">
         <name>.text</name>
         <load_address>0x24c03</load_address>
         <run_address>0x24c03</run_address>
         <size>0x2ad</size>
         <input_file_ref idref="fl-17"/>
      </object_component>
      <object_component id="oc-11f">
         <name>.text</name>
         <load_address>0x24eb0</load_address>
         <run_address>0x24eb0</run_address>
         <size>0x26c</size>
         <input_file_ref idref="fl-41"/>
      </object_component>
      <object_component id="oc-26">
         <name>.text</name>
         <load_address>0x2511c</load_address>
         <run_address>0x2511c</run_address>
         <size>0x25c</size>
         <input_file_ref idref="fl-5"/>
      </object_component>
      <object_component id="oc-eb">
         <name>.text</name>
         <load_address>0x25378</load_address>
         <run_address>0x25378</run_address>
         <size>0x25c</size>
         <input_file_ref idref="fl-34"/>
      </object_component>
      <object_component id="oc-117">
         <name>.text</name>
         <load_address>0x255d4</load_address>
         <run_address>0x255d4</run_address>
         <size>0x257</size>
         <input_file_ref idref="fl-3f"/>
      </object_component>
      <object_component id="oc-60">
         <name>.text</name>
         <load_address>0x2582b</load_address>
         <run_address>0x2582b</run_address>
         <size>0x1ee</size>
         <input_file_ref idref="fl-14"/>
      </object_component>
      <object_component id="oc-b8">
         <name>.text</name>
         <load_address>0x25a19</load_address>
         <run_address>0x25a19</run_address>
         <size>0x1ea</size>
         <input_file_ref idref="fl-27"/>
      </object_component>
      <object_component id="oc-57">
         <name>.text</name>
         <load_address>0x25c03</load_address>
         <run_address>0x25c03</run_address>
         <size>0x1c9</size>
         <input_file_ref idref="fl-d"/>
      </object_component>
      <object_component id="oc-7a">
         <name>.text</name>
         <load_address>0x25dcc</load_address>
         <run_address>0x25dcc</run_address>
         <size>0x17b</size>
         <input_file_ref idref="fl-1a"/>
      </object_component>
      <object_component id="oc-4b">
         <name>.text</name>
         <load_address>0x25f47</load_address>
         <run_address>0x25f47</run_address>
         <size>0x156</size>
         <input_file_ref idref="fl-b"/>
      </object_component>
      <object_component id="oc-fb">
         <name>.text</name>
         <load_address>0x2609d</load_address>
         <run_address>0x2609d</run_address>
         <size>0x14b</size>
         <input_file_ref idref="fl-38"/>
      </object_component>
      <object_component id="oc-50">
         <name>.text</name>
         <load_address>0x261e8</load_address>
         <run_address>0x261e8</run_address>
         <size>0x13e</size>
         <input_file_ref idref="fl-c"/>
      </object_component>
      <object_component id="oc-1a">
         <name>.text</name>
         <load_address>0x26326</load_address>
         <run_address>0x26326</run_address>
         <size>0x13b</size>
         <input_file_ref idref="fl-3"/>
      </object_component>
      <object_component id="oc-10b">
         <name>.text</name>
         <load_address>0x26461</load_address>
         <run_address>0x26461</run_address>
         <size>0xf3</size>
         <input_file_ref idref="fl-3c"/>
      </object_component>
      <object_component id="oc-5c">
         <name>.text:cbrev</name>
         <load_address>0x26554</load_address>
         <run_address>0x26554</run_address>
         <size>0xde</size>
         <input_file_ref idref="fl-13"/>
      </object_component>
      <object_component id="oc-9c">
         <name>.text</name>
         <load_address>0x26632</load_address>
         <run_address>0x26632</run_address>
         <size>0xda</size>
         <input_file_ref idref="fl-21"/>
      </object_component>
      <object_component id="oc-95">
         <name>.text:CIO_breakpoint</name>
         <load_address>0x2670c</load_address>
         <run_address>0x2670c</run_address>
         <size>0xbe</size>
         <input_file_ref idref="fl-1f"/>
      </object_component>
      <object_component id="oc-ca">
         <name>.text</name>
         <load_address>0x267ca</load_address>
         <run_address>0x267ca</run_address>
         <size>0xba</size>
         <input_file_ref idref="fl-2c"/>
      </object_component>
      <object_component id="oc-db">
         <name>.text</name>
         <load_address>0x26884</load_address>
         <run_address>0x26884</run_address>
         <size>0xa2</size>
         <input_file_ref idref="fl-30"/>
      </object_component>
      <object_component id="oc-c6">
         <name>.text</name>
         <load_address>0x26926</load_address>
         <run_address>0x26926</run_address>
         <size>0xa0</size>
         <input_file_ref idref="fl-2b"/>
      </object_component>
      <object_component id="oc-f3">
         <name>.text</name>
         <load_address>0x269c6</load_address>
         <run_address>0x269c6</run_address>
         <size>0x79</size>
         <input_file_ref idref="fl-36"/>
      </object_component>
      <object_component id="oc-130">
         <name>.text</name>
         <load_address>0x26a3f</load_address>
         <run_address>0x26a3f</run_address>
         <size>0x76</size>
         <input_file_ref idref="fl-44"/>
      </object_component>
      <object_component id="oc-125">
         <name>.text</name>
         <load_address>0x26ab5</load_address>
         <run_address>0x26ab5</run_address>
         <size>0x76</size>
         <input_file_ref idref="fl-42"/>
      </object_component>
      <object_component id="oc-df">
         <name>.text</name>
         <load_address>0x26b2b</load_address>
         <run_address>0x26b2b</run_address>
         <size>0x73</size>
         <input_file_ref idref="fl-31"/>
      </object_component>
      <object_component id="oc-107">
         <name>.text</name>
         <load_address>0x26b9e</load_address>
         <run_address>0x26b9e</run_address>
         <size>0x70</size>
         <input_file_ref idref="fl-3b"/>
      </object_component>
      <object_component id="oc-d2">
         <name>.text</name>
         <load_address>0x26c0e</load_address>
         <run_address>0x26c0e</run_address>
         <size>0x6e</size>
         <input_file_ref idref="fl-2e"/>
      </object_component>
      <object_component id="oc-65">
         <name>.text</name>
         <load_address>0x26c7c</load_address>
         <run_address>0x26c7c</run_address>
         <size>0x6b</size>
         <input_file_ref idref="fl-15"/>
      </object_component>
      <object_component id="oc-92">
         <name>.text</name>
         <load_address>0x26ce7</load_address>
         <run_address>0x26ce7</run_address>
         <size>0x6b</size>
         <input_file_ref idref="fl-1f"/>
      </object_component>
      <object_component id="oc-e3">
         <name>.text</name>
         <load_address>0x26d52</load_address>
         <run_address>0x26d52</run_address>
         <size>0x68</size>
         <input_file_ref idref="fl-32"/>
      </object_component>
      <object_component id="oc-d6">
         <name>.text</name>
         <load_address>0x26dba</load_address>
         <run_address>0x26dba</run_address>
         <size>0x67</size>
         <input_file_ref idref="fl-2f"/>
      </object_component>
      <object_component id="oc-b0">
         <name>.text</name>
         <load_address>0x26e21</load_address>
         <run_address>0x26e21</run_address>
         <size>0x59</size>
         <input_file_ref idref="fl-25"/>
      </object_component>
      <object_component id="oc-85">
         <name>.text</name>
         <load_address>0x26e7a</load_address>
         <run_address>0x26e7a</run_address>
         <size>0x56</size>
         <input_file_ref idref="fl-1c"/>
      </object_component>
      <object_component id="oc-46">
         <name>.text</name>
         <load_address>0x26ed0</load_address>
         <run_address>0x26ed0</run_address>
         <size>0x54</size>
         <input_file_ref idref="fl-a"/>
      </object_component>
      <object_component id="oc-89">
         <name>.text</name>
         <load_address>0x26f24</load_address>
         <run_address>0x26f24</run_address>
         <size>0x4e</size>
         <input_file_ref idref="fl-1d"/>
      </object_component>
      <object_component id="oc-b4">
         <name>.text</name>
         <load_address>0x26f72</load_address>
         <run_address>0x26f72</run_address>
         <size>0x4d</size>
         <input_file_ref idref="fl-26"/>
      </object_component>
      <object_component id="oc-103">
         <name>.text</name>
         <load_address>0x26fbf</load_address>
         <run_address>0x26fbf</run_address>
         <size>0x4b</size>
         <input_file_ref idref="fl-3a"/>
      </object_component>
      <object_component id="oc-ac">
         <name>.text</name>
         <load_address>0x2700a</load_address>
         <run_address>0x2700a</run_address>
         <size>0x49</size>
         <input_file_ref idref="fl-24"/>
      </object_component>
      <object_component id="oc-11b">
         <name>.text</name>
         <load_address>0x27053</load_address>
         <run_address>0x27053</run_address>
         <size>0x48</size>
         <input_file_ref idref="fl-40"/>
      </object_component>
      <object_component id="oc-73">
         <name>.text</name>
         <load_address>0x2709b</load_address>
         <run_address>0x2709b</run_address>
         <size>0x3e</size>
         <input_file_ref idref="fl-19"/>
      </object_component>
      <object_component id="oc-10">
         <name>.text</name>
         <load_address>0x270d9</load_address>
         <run_address>0x270d9</run_address>
         <size>0x34</size>
         <input_file_ref idref="fl-18"/>
      </object_component>
      <object_component id="oc-ce">
         <name>.text</name>
         <load_address>0x2710d</load_address>
         <run_address>0x2710d</run_address>
         <size>0x2a</size>
         <input_file_ref idref="fl-2d"/>
      </object_component>
      <object_component id="oc-113">
         <name>.text</name>
         <load_address>0x27137</load_address>
         <run_address>0x27137</run_address>
         <size>0x2a</size>
         <input_file_ref idref="fl-3e"/>
      </object_component>
      <object_component id="oc-f7">
         <name>.text</name>
         <load_address>0x27161</load_address>
         <run_address>0x27161</run_address>
         <size>0x22</size>
         <input_file_ref idref="fl-37"/>
      </object_component>
      <object_component id="oc-41">
         <name>.text</name>
         <load_address>0x27183</load_address>
         <run_address>0x27183</run_address>
         <size>0x1c</size>
         <input_file_ref idref="fl-9"/>
      </object_component>
      <object_component id="oc-e7">
         <name>.text</name>
         <load_address>0x2719f</load_address>
         <run_address>0x2719f</run_address>
         <size>0x1a</size>
         <input_file_ref idref="fl-33"/>
      </object_component>
      <object_component id="oc-10f">
         <name>.text</name>
         <load_address>0x271b9</load_address>
         <run_address>0x271b9</run_address>
         <size>0x14</size>
         <input_file_ref idref="fl-3d"/>
      </object_component>
      <object_component id="oc-ef">
         <name>.text</name>
         <load_address>0x271cd</load_address>
         <run_address>0x271cd</run_address>
         <size>0x13</size>
         <input_file_ref idref="fl-35"/>
      </object_component>
      <object_component id="oc-a0">
         <name>.text</name>
         <load_address>0x271e0</load_address>
         <run_address>0x271e0</run_address>
         <size>0x12</size>
         <input_file_ref idref="fl-22"/>
      </object_component>
      <object_component id="oc-ff">
         <name>.text</name>
         <load_address>0x271f2</load_address>
         <run_address>0x271f2</run_address>
         <size>0x10</size>
         <input_file_ref idref="fl-39"/>
      </object_component>
      <object_component id="oc-134">
         <name>.text</name>
         <load_address>0x27202</load_address>
         <run_address>0x27202</run_address>
         <size>0xa</size>
         <input_file_ref idref="fl-45"/>
      </object_component>
      <object_component id="oc-77">
         <name>.text:CIO_breakpoint</name>
         <load_address>0x2720c</load_address>
         <run_address>0x2720c</run_address>
         <size>0x7</size>
         <input_file_ref idref="fl-19"/>
      </object_component>
      <object_component id="oc-98">
         <name>.text</name>
         <load_address>0x27213</load_address>
         <run_address>0x27213</run_address>
         <size>0x2</size>
         <input_file_ref idref="fl-20"/>
      </object_component>
      <object_component id="oc-6f">
         <name>.stack</name>
         <uninitialized>true</uninitialized>
         <run_address>0xc0</run_address>
         <size>0x0</size>
         <input_file_ref idref="fl-18"/>
      </object_component>
      <object_component id="oc-152">
         <name>.stack</name>
         <uninitialized>true</uninitialized>
         <run_address>0xc0</run_address>
         <size>0x0</size>
      </object_component>
      <object_component id="oc-138">
         <name>.sysstack</name>
         <uninitialized>true</uninitialized>
         <run_address>0x20c0</run_address>
         <size>0x0</size>
         <input_file_ref idref="fl-18"/>
      </object_component>
      <object_component id="oc-154">
         <name>.sysstack</name>
         <uninitialized>true</uninitialized>
         <run_address>0x20c0</run_address>
         <size>0x0</size>
      </object_component>
      <object_component id="oc-69">
         <name>.data:twiddle</name>
         <load_address>0x9124</load_address>
         <run_address>0x9124</run_address>
         <size>0x800</size>
         <input_file_ref idref="fl-16"/>
      </object_component>
      <object_component id="oc-2c">
         <name>.bss</name>
         <uninitialized>true</uninitialized>
         <run_address>0x30c0</run_address>
         <size>0x25a0</size>
         <input_file_ref idref="fl-6"/>
      </object_component>
      <object_component id="oc-34">
         <name>.bss</name>
         <uninitialized>true</uninitialized>
         <run_address>0x5660</run_address>
         <size>0x544</size>
         <input_file_ref idref="fl-7"/>
      </object_component>
      <object_component id="oc-be">
         <name>.bss</name>
         <uninitialized>true</uninitialized>
         <run_address>0x5ba4</run_address>
         <size>0x232</size>
         <input_file_ref idref="fl-29"/>
      </object_component>
      <object_component id="oc-8e">
         <name>.bss</name>
         <uninitialized>true</uninitialized>
         <run_address>0x5dd6</run_address>
         <size>0x1a0</size>
         <input_file_ref idref="fl-1e"/>
      </object_component>
      <object_component id="oc-120">
         <name>.bss</name>
         <uninitialized>true</uninitialized>
         <run_address>0x5f76</run_address>
         <size>0x2</size>
         <input_file_ref idref="fl-41"/>
      </object_component>
      <object_component id="oc-80">
         <name>.bss</name>
         <uninitialized>true</uninitialized>
         <run_address>0x5f78</run_address>
         <size>0xe2</size>
         <input_file_ref idref="fl-1b"/>
      </object_component>
      <object_component id="oc-51">
         <name>.bss</name>
         <uninitialized>true</uninitialized>
         <run_address>0x605a</run_address>
         <size>0x2</size>
         <input_file_ref idref="fl-c"/>
      </object_component>
      <object_component id="oc-13">
         <name>.bss</name>
         <uninitialized>true</uninitialized>
         <run_address>0x605c</run_address>
         <size>0x6c</size>
         <input_file_ref idref="fl-2"/>
      </object_component>
      <object_component id="oc-3b">
         <name>.bss</name>
         <uninitialized>true</uninitialized>
         <run_address>0x60c8</run_address>
         <size>0x18</size>
         <input_file_ref idref="fl-8"/>
      </object_component>
      <object_component id="oc-12a">
         <name>.bss</name>
         <uninitialized>true</uninitialized>
         <run_address>0x60e0</run_address>
         <size>0xe</size>
         <input_file_ref idref="fl-43"/>
      </object_component>
      <object_component id="oc-61">
         <name>.bss</name>
         <uninitialized>true</uninitialized>
         <run_address>0x60f0</run_address>
         <size>0x8</size>
         <input_file_ref idref="fl-14"/>
      </object_component>
      <object_component id="oc-a1">
         <name>.bss</name>
         <uninitialized>true</uninitialized>
         <run_address>0x60f8</run_address>
         <size>0x8</size>
         <input_file_ref idref="fl-22"/>
      </object_component>
      <object_component id="oc-74">
         <name>.bss</name>
         <uninitialized>true</uninitialized>
         <run_address>0x6100</run_address>
         <size>0x8</size>
         <input_file_ref idref="fl-19"/>
      </object_component>
      <object_component id="oc-1b">
         <name>.bss</name>
         <uninitialized>true</uninitialized>
         <run_address>0x6108</run_address>
         <size>0x4</size>
         <input_file_ref idref="fl-3"/>
      </object_component>
      <object_component id="oc-2f">
         <name>.const:.string</name>
         <load_address>0x810c</load_address>
         <run_address>0x810c</run_address>
         <size>0x648</size>
         <input_file_ref idref="fl-6"/>
      </object_component>
      <object_component id="oc-16">
         <name>.const:.string</name>
         <load_address>0x8754</load_address>
         <run_address>0x8754</run_address>
         <size>0x46c</size>
         <input_file_ref idref="fl-2"/>
      </object_component>
      <object_component id="oc-22">
         <name>.const:.string</name>
         <load_address>0x8bc0</load_address>
         <run_address>0x8bc0</run_address>
         <size>0x2e8</size>
         <input_file_ref idref="fl-4"/>
      </object_component>
      <object_component id="oc-139">
         <name>.const:__ctypes_</name>
         <load_address>0x8ea8</load_address>
         <run_address>0x8ea8</run_address>
         <size>0x202</size>
         <input_file_ref idref="fl-28"/>
      </object_component>
      <object_component id="oc-a9">
         <name>.const:.string</name>
         <load_address>0x90ac</load_address>
         <run_address>0x90ac</run_address>
         <size>0x48</size>
         <input_file_ref idref="fl-23"/>
      </object_component>
      <object_component id="oc-a8">
         <name>.const</name>
         <load_address>0x90f4</load_address>
         <run_address>0x90f4</run_address>
         <size>0x18</size>
         <input_file_ref idref="fl-23"/>
      </object_component>
      <object_component id="oc-13a">
         <name>.const:_initial_approx$1</name>
         <load_address>0x910c</load_address>
         <run_address>0x910c</run_address>
         <size>0x10</size>
         <input_file_ref idref="fl-2a"/>
      </object_component>
      <object_component id="oc-7c">
         <name>.const:.string</name>
         <load_address>0x911c</load_address>
         <run_address>0x911c</run_address>
         <size>0x4</size>
         <input_file_ref idref="fl-1a"/>
      </object_component>
      <object_component id="oc-d8">
         <name>.const</name>
         <load_address>0x9120</load_address>
         <run_address>0x9120</run_address>
         <size>0x4</size>
         <input_file_ref idref="fl-2f"/>
      </object_component>
      <object_component id="oc-12d">
         <name>.sysmem</name>
         <uninitialized>true</uninitialized>
         <run_address>0x610c</run_address>
         <size>0x0</size>
         <input_file_ref idref="fl-43"/>
      </object_component>
      <object_component id="oc-153">
         <name>.sysmem</name>
         <uninitialized>true</uninitialized>
         <run_address>0x610c</run_address>
         <size>0x0</size>
      </object_component>
      <object_component id="oc-2e">
         <name>.cinit</name>
         <load_address>0x40000</load_address>
         <run_address>0x40000</run_address>
         <size>0x7b2</size>
         <input_file_ref idref="fl-6"/>
      </object_component>
      <object_component id="oc-36">
         <name>.cinit</name>
         <load_address>0x407b2</load_address>
         <run_address>0x407b2</run_address>
         <size>0x556</size>
         <input_file_ref idref="fl-7"/>
      </object_component>
      <object_component id="oc-15">
         <name>.cinit</name>
         <load_address>0x40d08</load_address>
         <run_address>0x40d08</run_address>
         <size>0x8c</size>
         <input_file_ref idref="fl-2"/>
      </object_component>
      <object_component id="oc-82">
         <name>.cinit</name>
         <load_address>0x40d94</load_address>
         <run_address>0x40d94</run_address>
         <size>0x5a</size>
         <input_file_ref idref="fl-1b"/>
      </object_component>
      <object_component id="oc-c0">
         <name>.cinit</name>
         <load_address>0x40dee</load_address>
         <run_address>0x40dee</run_address>
         <size>0x54</size>
         <input_file_ref idref="fl-29"/>
      </object_component>
      <object_component id="oc-3d">
         <name>.cinit</name>
         <load_address>0x40e42</load_address>
         <run_address>0x40e42</run_address>
         <size>0x48</size>
         <input_file_ref idref="fl-8"/>
      </object_component>
      <object_component id="oc-a3">
         <name>.cinit</name>
         <load_address>0x40e8a</load_address>
         <run_address>0x40e8a</run_address>
         <size>0x14</size>
         <input_file_ref idref="fl-22"/>
      </object_component>
      <object_component id="oc-76">
         <name>.cinit</name>
         <load_address>0x40e9e</load_address>
         <run_address>0x40e9e</run_address>
         <size>0x14</size>
         <input_file_ref idref="fl-19"/>
      </object_component>
      <object_component id="oc-122">
         <name>.cinit</name>
         <load_address>0x40eb2</load_address>
         <run_address>0x40eb2</run_address>
         <size>0x8</size>
         <input_file_ref idref="fl-41"/>
      </object_component>
      <object_component id="oc-12c">
         <name>.cinit</name>
         <load_address>0x40eba</load_address>
         <run_address>0x40eba</run_address>
         <size>0x8</size>
         <input_file_ref idref="fl-43"/>
      </object_component>
      <object_component id="oc-53">
         <name>.cinit</name>
         <load_address>0x40ec2</load_address>
         <run_address>0x40ec2</run_address>
         <size>0x8</size>
         <input_file_ref idref="fl-c"/>
      </object_component>
      <object_component id="oc-94">
         <name>.cio</name>
         <uninitialized>true</uninitialized>
         <run_address>0x40ed0</run_address>
         <size>0x240</size>
         <input_file_ref idref="fl-1f"/>
      </object_component>
      <object_component id="oc-11">
         <name>vectors</name>
         <load_address>0x4fe00</load_address>
         <run_address>0x4fe00</run_address>
         <size>0x100</size>
         <input_file_ref idref="fl-20"/>
      </object_component>
      <object_component id="oc-14">
         <name>.debug_info</name>
         <load_address>0x0</load_address>
         <run_address>0x0</run_address>
         <size>0x1179</size>
         <input_file_ref idref="fl-2"/>
      </object_component>
      <object_component id="oc-1c">
         <name>.debug_info</name>
         <load_address>0x1179</load_address>
         <run_address>0x1179</run_address>
         <size>0xc7f</size>
         <input_file_ref idref="fl-3"/>
      </object_component>
      <object_component id="oc-21">
         <name>.debug_info</name>
         <load_address>0x1df8</load_address>
         <run_address>0x1df8</run_address>
         <size>0xe5e</size>
         <input_file_ref idref="fl-4"/>
      </object_component>
      <object_component id="oc-27">
         <name>.debug_info</name>
         <load_address>0x2c56</load_address>
         <run_address>0x2c56</run_address>
         <size>0xb87</size>
         <input_file_ref idref="fl-5"/>
      </object_component>
      <object_component id="oc-2d">
         <name>.debug_info</name>
         <load_address>0x37dd</load_address>
         <run_address>0x37dd</run_address>
         <size>0x1937</size>
         <input_file_ref idref="fl-6"/>
      </object_component>
      <object_component id="oc-35">
         <name>.debug_info</name>
         <load_address>0x5114</load_address>
         <run_address>0x5114</run_address>
         <size>0x1d3c</size>
         <input_file_ref idref="fl-7"/>
      </object_component>
      <object_component id="oc-3c">
         <name>.debug_info</name>
         <load_address>0x6e50</load_address>
         <run_address>0x6e50</run_address>
         <size>0x736</size>
         <input_file_ref idref="fl-8"/>
      </object_component>
      <object_component id="oc-42">
         <name>.debug_info</name>
         <load_address>0x7586</load_address>
         <run_address>0x7586</run_address>
         <size>0x56b</size>
         <input_file_ref idref="fl-9"/>
      </object_component>
      <object_component id="oc-47">
         <name>.debug_info</name>
         <load_address>0x7af1</load_address>
         <run_address>0x7af1</run_address>
         <size>0x66d</size>
         <input_file_ref idref="fl-a"/>
      </object_component>
      <object_component id="oc-4c">
         <name>.debug_info</name>
         <load_address>0x815e</load_address>
         <run_address>0x815e</run_address>
         <size>0x7fb</size>
         <input_file_ref idref="fl-b"/>
      </object_component>
      <object_component id="oc-52">
         <name>.debug_info</name>
         <load_address>0x8959</load_address>
         <run_address>0x8959</run_address>
         <size>0xb89</size>
         <input_file_ref idref="fl-c"/>
      </object_component>
      <object_component id="oc-58">
         <name>.debug_info</name>
         <load_address>0x94e2</load_address>
         <run_address>0x94e2</run_address>
         <size>0xe78</size>
         <input_file_ref idref="fl-d"/>
      </object_component>
      <object_component id="oc-5d">
         <name>.debug_info</name>
         <load_address>0xa35a</load_address>
         <run_address>0xa35a</run_address>
         <size>0xe7</size>
         <input_file_ref idref="fl-13"/>
      </object_component>
      <object_component id="oc-62">
         <name>.debug_info</name>
         <load_address>0xa441</load_address>
         <run_address>0xa441</run_address>
         <size>0xf1</size>
         <input_file_ref idref="fl-14"/>
      </object_component>
      <object_component id="oc-66">
         <name>.debug_info</name>
         <load_address>0xa532</load_address>
         <run_address>0xa532</run_address>
         <size>0xe3</size>
         <input_file_ref idref="fl-15"/>
      </object_component>
      <object_component id="oc-6b">
         <name>.debug_info</name>
         <load_address>0xa615</load_address>
         <run_address>0xa615</run_address>
         <size>0x5ff3</size>
         <input_file_ref idref="fl-17"/>
      </object_component>
      <object_component id="oc-70">
         <name>.debug_info</name>
         <load_address>0x10608</load_address>
         <run_address>0x10608</run_address>
         <size>0xe8</size>
         <input_file_ref idref="fl-18"/>
      </object_component>
      <object_component id="oc-75">
         <name>.debug_info</name>
         <load_address>0x106f0</load_address>
         <run_address>0x106f0</run_address>
         <size>0x5fb</size>
         <input_file_ref idref="fl-19"/>
      </object_component>
      <object_component id="oc-7b">
         <name>.debug_info</name>
         <load_address>0x10ceb</load_address>
         <run_address>0x10ceb</run_address>
         <size>0x942</size>
         <input_file_ref idref="fl-1a"/>
      </object_component>
      <object_component id="oc-81">
         <name>.debug_info</name>
         <load_address>0x1162d</load_address>
         <run_address>0x1162d</run_address>
         <size>0x144b</size>
         <input_file_ref idref="fl-1b"/>
      </object_component>
      <object_component id="oc-86">
         <name>.debug_info</name>
         <load_address>0x12a78</load_address>
         <run_address>0x12a78</run_address>
         <size>0xd1</size>
         <input_file_ref idref="fl-1c"/>
      </object_component>
      <object_component id="oc-8a">
         <name>.debug_info</name>
         <load_address>0x12b49</load_address>
         <run_address>0x12b49</run_address>
         <size>0x76c</size>
         <input_file_ref idref="fl-1d"/>
      </object_component>
      <object_component id="oc-8f">
         <name>.debug_info</name>
         <load_address>0x132b5</load_address>
         <run_address>0x132b5</run_address>
         <size>0xed4</size>
         <input_file_ref idref="fl-1e"/>
      </object_component>
      <object_component id="oc-93">
         <name>.debug_info</name>
         <load_address>0x14189</load_address>
         <run_address>0x14189</run_address>
         <size>0x744</size>
         <input_file_ref idref="fl-1f"/>
      </object_component>
      <object_component id="oc-99">
         <name>.debug_info</name>
         <load_address>0x148cd</load_address>
         <run_address>0x148cd</run_address>
         <size>0xbc</size>
         <input_file_ref idref="fl-20"/>
      </object_component>
      <object_component id="oc-9d">
         <name>.debug_info</name>
         <load_address>0x14989</load_address>
         <run_address>0x14989</run_address>
         <size>0x662</size>
         <input_file_ref idref="fl-21"/>
      </object_component>
      <object_component id="oc-a2">
         <name>.debug_info</name>
         <load_address>0x14feb</load_address>
         <run_address>0x14feb</run_address>
         <size>0x5bc</size>
         <input_file_ref idref="fl-22"/>
      </object_component>
      <object_component id="oc-a7">
         <name>.debug_info</name>
         <load_address>0x155a7</load_address>
         <run_address>0x155a7</run_address>
         <size>0x27bd</size>
         <input_file_ref idref="fl-23"/>
      </object_component>
      <object_component id="oc-ad">
         <name>.debug_info</name>
         <load_address>0x17d64</load_address>
         <run_address>0x17d64</run_address>
         <size>0x586</size>
         <input_file_ref idref="fl-24"/>
      </object_component>
      <object_component id="oc-b1">
         <name>.debug_info</name>
         <load_address>0x182ea</load_address>
         <run_address>0x182ea</run_address>
         <size>0x5a4</size>
         <input_file_ref idref="fl-25"/>
      </object_component>
      <object_component id="oc-b5">
         <name>.debug_info</name>
         <load_address>0x1888e</load_address>
         <run_address>0x1888e</run_address>
         <size>0xcd</size>
         <input_file_ref idref="fl-26"/>
      </object_component>
      <object_component id="oc-b9">
         <name>.debug_info</name>
         <load_address>0x1895b</load_address>
         <run_address>0x1895b</run_address>
         <size>0x81f</size>
         <input_file_ref idref="fl-27"/>
      </object_component>
      <object_component id="oc-bc">
         <name>.debug_info</name>
         <load_address>0x1917a</load_address>
         <run_address>0x1917a</run_address>
         <size>0x498</size>
         <input_file_ref idref="fl-28"/>
      </object_component>
      <object_component id="oc-bf">
         <name>.debug_info</name>
         <load_address>0x19612</load_address>
         <run_address>0x19612</run_address>
         <size>0x57e</size>
         <input_file_ref idref="fl-29"/>
      </object_component>
      <object_component id="oc-c3">
         <name>.debug_info</name>
         <load_address>0x19b90</load_address>
         <run_address>0x19b90</run_address>
         <size>0x7e8</size>
         <input_file_ref idref="fl-2a"/>
      </object_component>
      <object_component id="oc-c7">
         <name>.debug_info</name>
         <load_address>0x1a378</load_address>
         <run_address>0x1a378</run_address>
         <size>0x534</size>
         <input_file_ref idref="fl-2b"/>
      </object_component>
      <object_component id="oc-cb">
         <name>.debug_info</name>
         <load_address>0x1a8ac</load_address>
         <run_address>0x1a8ac</run_address>
         <size>0x706</size>
         <input_file_ref idref="fl-2c"/>
      </object_component>
      <object_component id="oc-cf">
         <name>.debug_info</name>
         <load_address>0x1afb2</load_address>
         <run_address>0x1afb2</run_address>
         <size>0x4cf</size>
         <input_file_ref idref="fl-2d"/>
      </object_component>
      <object_component id="oc-d3">
         <name>.debug_info</name>
         <load_address>0x1b481</load_address>
         <run_address>0x1b481</run_address>
         <size>0x534</size>
         <input_file_ref idref="fl-2e"/>
      </object_component>
      <object_component id="oc-d7">
         <name>.debug_info</name>
         <load_address>0x1b9b5</load_address>
         <run_address>0x1b9b5</run_address>
         <size>0x549</size>
         <input_file_ref idref="fl-2f"/>
      </object_component>
      <object_component id="oc-dc">
         <name>.debug_info</name>
         <load_address>0x1befe</load_address>
         <run_address>0x1befe</run_address>
         <size>0x6aa</size>
         <input_file_ref idref="fl-30"/>
      </object_component>
      <object_component id="oc-e0">
         <name>.debug_info</name>
         <load_address>0x1c5a8</load_address>
         <run_address>0x1c5a8</run_address>
         <size>0x53e</size>
         <input_file_ref idref="fl-31"/>
      </object_component>
      <object_component id="oc-e4">
         <name>.debug_info</name>
         <load_address>0x1cae6</load_address>
         <run_address>0x1cae6</run_address>
         <size>0x5f7</size>
         <input_file_ref idref="fl-32"/>
      </object_component>
      <object_component id="oc-e8">
         <name>.debug_info</name>
         <load_address>0x1d0dd</load_address>
         <run_address>0x1d0dd</run_address>
         <size>0x680</size>
         <input_file_ref idref="fl-33"/>
      </object_component>
      <object_component id="oc-ec">
         <name>.debug_info</name>
         <load_address>0x1d75d</load_address>
         <run_address>0x1d75d</run_address>
         <size>0x7d4</size>
         <input_file_ref idref="fl-34"/>
      </object_component>
      <object_component id="oc-f0">
         <name>.debug_info</name>
         <load_address>0x1df31</load_address>
         <run_address>0x1df31</run_address>
         <size>0xbd</size>
         <input_file_ref idref="fl-35"/>
      </object_component>
      <object_component id="oc-f4">
         <name>.debug_info</name>
         <load_address>0x1dfee</load_address>
         <run_address>0x1dfee</run_address>
         <size>0x5ad</size>
         <input_file_ref idref="fl-36"/>
      </object_component>
      <object_component id="oc-f8">
         <name>.debug_info</name>
         <load_address>0x1e59b</load_address>
         <run_address>0x1e59b</run_address>
         <size>0x574</size>
         <input_file_ref idref="fl-37"/>
      </object_component>
      <object_component id="oc-fc">
         <name>.debug_info</name>
         <load_address>0x1eb0f</load_address>
         <run_address>0x1eb0f</run_address>
         <size>0x55b</size>
         <input_file_ref idref="fl-38"/>
      </object_component>
      <object_component id="oc-100">
         <name>.debug_info</name>
         <load_address>0x1f06a</load_address>
         <run_address>0x1f06a</run_address>
         <size>0x4b7</size>
         <input_file_ref idref="fl-39"/>
      </object_component>
      <object_component id="oc-104">
         <name>.debug_info</name>
         <load_address>0x1f521</load_address>
         <run_address>0x1f521</run_address>
         <size>0x4f2</size>
         <input_file_ref idref="fl-3a"/>
      </object_component>
      <object_component id="oc-108">
         <name>.debug_info</name>
         <load_address>0x1fa13</load_address>
         <run_address>0x1fa13</run_address>
         <size>0x534</size>
         <input_file_ref idref="fl-3b"/>
      </object_component>
      <object_component id="oc-10c">
         <name>.debug_info</name>
         <load_address>0x1ff47</load_address>
         <run_address>0x1ff47</run_address>
         <size>0x64a</size>
         <input_file_ref idref="fl-3c"/>
      </object_component>
      <object_component id="oc-110">
         <name>.debug_info</name>
         <load_address>0x20591</load_address>
         <run_address>0x20591</run_address>
         <size>0x4de</size>
         <input_file_ref idref="fl-3d"/>
      </object_component>
      <object_component id="oc-114">
         <name>.debug_info</name>
         <load_address>0x20a6f</load_address>
         <run_address>0x20a6f</run_address>
         <size>0xef</size>
         <input_file_ref idref="fl-3e"/>
      </object_component>
      <object_component id="oc-118">
         <name>.debug_info</name>
         <load_address>0x20b5e</load_address>
         <run_address>0x20b5e</run_address>
         <size>0x5ab</size>
         <input_file_ref idref="fl-3f"/>
      </object_component>
      <object_component id="oc-11c">
         <name>.debug_info</name>
         <load_address>0x21109</load_address>
         <run_address>0x21109</run_address>
         <size>0x4f2</size>
         <input_file_ref idref="fl-40"/>
      </object_component>
      <object_component id="oc-121">
         <name>.debug_info</name>
         <load_address>0x215fb</load_address>
         <run_address>0x215fb</run_address>
         <size>0xa1c</size>
         <input_file_ref idref="fl-41"/>
      </object_component>
      <object_component id="oc-126">
         <name>.debug_info</name>
         <load_address>0x22017</load_address>
         <run_address>0x22017</run_address>
         <size>0x4d2</size>
         <input_file_ref idref="fl-42"/>
      </object_component>
      <object_component id="oc-12b">
         <name>.debug_info</name>
         <load_address>0x224e9</load_address>
         <run_address>0x224e9</run_address>
         <size>0xba5</size>
         <input_file_ref idref="fl-43"/>
      </object_component>
      <object_component id="oc-131">
         <name>.debug_info</name>
         <load_address>0x2308e</load_address>
         <run_address>0x2308e</run_address>
         <size>0x64f</size>
         <input_file_ref idref="fl-44"/>
      </object_component>
      <object_component id="oc-135">
         <name>.debug_info</name>
         <load_address>0x236dd</load_address>
         <run_address>0x236dd</run_address>
         <size>0x510</size>
         <input_file_ref idref="fl-45"/>
      </object_component>
      <object_component id="oc-15c">
         <name>.debug_info</name>
         <load_address>0x23bed</load_address>
         <run_address>0x23bed</run_address>
         <size>0x6e</size>
      </object_component>
      <object_component id="oc-17">
         <name>.debug_frame</name>
         <load_address>0x0</load_address>
         <run_address>0x0</run_address>
         <size>0x103</size>
         <input_file_ref idref="fl-2"/>
      </object_component>
      <object_component id="oc-1d">
         <name>.debug_frame</name>
         <load_address>0x103</load_address>
         <run_address>0x103</run_address>
         <size>0x172</size>
         <input_file_ref idref="fl-3"/>
      </object_component>
      <object_component id="oc-23">
         <name>.debug_frame</name>
         <load_address>0x275</load_address>
         <run_address>0x275</run_address>
         <size>0x103</size>
         <input_file_ref idref="fl-4"/>
      </object_component>
      <object_component id="oc-28">
         <name>.debug_frame</name>
         <load_address>0x378</load_address>
         <run_address>0x378</run_address>
         <size>0x13b</size>
         <input_file_ref idref="fl-5"/>
      </object_component>
      <object_component id="oc-30">
         <name>.debug_frame</name>
         <load_address>0x4b3</load_address>
         <run_address>0x4b3</run_address>
         <size>0xe8</size>
         <input_file_ref idref="fl-6"/>
      </object_component>
      <object_component id="oc-37">
         <name>.debug_frame</name>
         <load_address>0x59b</load_address>
         <run_address>0x59b</run_address>
         <size>0x25e</size>
         <input_file_ref idref="fl-7"/>
      </object_component>
      <object_component id="oc-3e">
         <name>.debug_frame</name>
         <load_address>0x7f9</load_address>
         <run_address>0x7f9</run_address>
         <size>0x11a</size>
         <input_file_ref idref="fl-8"/>
      </object_component>
      <object_component id="oc-43">
         <name>.debug_frame</name>
         <load_address>0x913</load_address>
         <run_address>0x913</run_address>
         <size>0xe4</size>
         <input_file_ref idref="fl-9"/>
      </object_component>
      <object_component id="oc-48">
         <name>.debug_frame</name>
         <load_address>0x9f7</load_address>
         <run_address>0x9f7</run_address>
         <size>0x116</size>
         <input_file_ref idref="fl-a"/>
      </object_component>
      <object_component id="oc-4d">
         <name>.debug_frame</name>
         <load_address>0xb0d</load_address>
         <run_address>0xb0d</run_address>
         <size>0x135</size>
         <input_file_ref idref="fl-b"/>
      </object_component>
      <object_component id="oc-54">
         <name>.debug_frame</name>
         <load_address>0xc42</load_address>
         <run_address>0xc42</run_address>
         <size>0x14a</size>
         <input_file_ref idref="fl-c"/>
      </object_component>
      <object_component id="oc-59">
         <name>.debug_frame</name>
         <load_address>0xd8c</load_address>
         <run_address>0xd8c</run_address>
         <size>0x1d9</size>
         <input_file_ref idref="fl-d"/>
      </object_component>
      <object_component id="oc-6c">
         <name>.debug_frame</name>
         <load_address>0xf65</load_address>
         <run_address>0xf65</run_address>
         <size>0x175</size>
         <input_file_ref idref="fl-17"/>
      </object_component>
      <object_component id="oc-18">
         <name>.debug_line</name>
         <load_address>0x0</load_address>
         <run_address>0x0</run_address>
         <size>0x10e</size>
         <input_file_ref idref="fl-2"/>
      </object_component>
      <object_component id="oc-1e">
         <name>.debug_line</name>
         <load_address>0x10e</load_address>
         <run_address>0x10e</run_address>
         <size>0xfe</size>
         <input_file_ref idref="fl-3"/>
      </object_component>
      <object_component id="oc-24">
         <name>.debug_line</name>
         <load_address>0x20c</load_address>
         <run_address>0x20c</run_address>
         <size>0x20e</size>
         <input_file_ref idref="fl-4"/>
      </object_component>
      <object_component id="oc-29">
         <name>.debug_line</name>
         <load_address>0x41a</load_address>
         <run_address>0x41a</run_address>
         <size>0x1a9</size>
         <input_file_ref idref="fl-5"/>
      </object_component>
      <object_component id="oc-31">
         <name>.debug_line</name>
         <load_address>0x5c3</load_address>
         <run_address>0x5c3</run_address>
         <size>0x2a5</size>
         <input_file_ref idref="fl-6"/>
      </object_component>
      <object_component id="oc-38">
         <name>.debug_line</name>
         <load_address>0x868</load_address>
         <run_address>0x868</run_address>
         <size>0x513</size>
         <input_file_ref idref="fl-7"/>
      </object_component>
      <object_component id="oc-3f">
         <name>.debug_line</name>
         <load_address>0xd7b</load_address>
         <run_address>0xd7b</run_address>
         <size>0x1d3</size>
         <input_file_ref idref="fl-8"/>
      </object_component>
      <object_component id="oc-44">
         <name>.debug_line</name>
         <load_address>0xf4e</load_address>
         <run_address>0xf4e</run_address>
         <size>0x44</size>
         <input_file_ref idref="fl-9"/>
      </object_component>
      <object_component id="oc-49">
         <name>.debug_line</name>
         <load_address>0xf92</load_address>
         <run_address>0xf92</run_address>
         <size>0x83</size>
         <input_file_ref idref="fl-a"/>
      </object_component>
      <object_component id="oc-4e">
         <name>.debug_line</name>
         <load_address>0x1015</load_address>
         <run_address>0x1015</run_address>
         <size>0xdd</size>
         <input_file_ref idref="fl-b"/>
      </object_component>
      <object_component id="oc-55">
         <name>.debug_line</name>
         <load_address>0x10f2</load_address>
         <run_address>0x10f2</run_address>
         <size>0x122</size>
         <input_file_ref idref="fl-c"/>
      </object_component>
      <object_component id="oc-5a">
         <name>.debug_line</name>
         <load_address>0x1214</load_address>
         <run_address>0x1214</run_address>
         <size>0x179</size>
         <input_file_ref idref="fl-d"/>
      </object_component>
      <object_component id="oc-5e">
         <name>.debug_line</name>
         <load_address>0x138d</load_address>
         <run_address>0x138d</run_address>
         <size>0x8b</size>
         <input_file_ref idref="fl-13"/>
      </object_component>
      <object_component id="oc-63">
         <name>.debug_line</name>
         <load_address>0x1418</load_address>
         <run_address>0x1418</run_address>
         <size>0x109</size>
         <input_file_ref idref="fl-14"/>
      </object_component>
      <object_component id="oc-67">
         <name>.debug_line</name>
         <load_address>0x1521</load_address>
         <run_address>0x1521</run_address>
         <size>0x51</size>
         <input_file_ref idref="fl-15"/>
      </object_component>
      <object_component id="oc-6d">
         <name>.debug_line</name>
         <load_address>0x1572</load_address>
         <run_address>0x1572</run_address>
         <size>0x2dd</size>
         <input_file_ref idref="fl-17"/>
      </object_component>
      <object_component id="oc-71">
         <name>.debug_line</name>
         <load_address>0x184f</load_address>
         <run_address>0x184f</run_address>
         <size>0x54</size>
         <input_file_ref idref="fl-18"/>
      </object_component>
      <object_component id="oc-78">
         <name>.debug_line</name>
         <load_address>0x18a3</load_address>
         <run_address>0x18a3</run_address>
         <size>0x51</size>
         <input_file_ref idref="fl-19"/>
      </object_component>
      <object_component id="oc-7d">
         <name>.debug_line</name>
         <load_address>0x18f4</load_address>
         <run_address>0x18f4</run_address>
         <size>0xa6</size>
         <input_file_ref idref="fl-1a"/>
      </object_component>
      <object_component id="oc-83">
         <name>.debug_line</name>
         <load_address>0x199a</load_address>
         <run_address>0x199a</run_address>
         <size>0x1b0</size>
         <input_file_ref idref="fl-1b"/>
      </object_component>
      <object_component id="oc-87">
         <name>.debug_line</name>
         <load_address>0x1b4a</load_address>
         <run_address>0x1b4a</run_address>
         <size>0x54</size>
         <input_file_ref idref="fl-1c"/>
      </object_component>
      <object_component id="oc-8b">
         <name>.debug_line</name>
         <load_address>0x1b9e</load_address>
         <run_address>0x1b9e</run_address>
         <size>0x69</size>
         <input_file_ref idref="fl-1d"/>
      </object_component>
      <object_component id="oc-90">
         <name>.debug_line</name>
         <load_address>0x1c07</load_address>
         <run_address>0x1c07</run_address>
         <size>0x15e</size>
         <input_file_ref idref="fl-1e"/>
      </object_component>
      <object_component id="oc-96">
         <name>.debug_line</name>
         <load_address>0x1d65</load_address>
         <run_address>0x1d65</run_address>
         <size>0x6a</size>
         <input_file_ref idref="fl-1f"/>
      </object_component>
      <object_component id="oc-9a">
         <name>.debug_line</name>
         <load_address>0x1dcf</load_address>
         <run_address>0x1dcf</run_address>
         <size>0x37</size>
         <input_file_ref idref="fl-20"/>
      </object_component>
      <object_component id="oc-9e">
         <name>.debug_line</name>
         <load_address>0x1e06</load_address>
         <run_address>0x1e06</run_address>
         <size>0x57</size>
         <input_file_ref idref="fl-21"/>
      </object_component>
      <object_component id="oc-a4">
         <name>.debug_line</name>
         <load_address>0x1e5d</load_address>
         <run_address>0x1e5d</run_address>
         <size>0x57</size>
         <input_file_ref idref="fl-22"/>
      </object_component>
      <object_component id="oc-aa">
         <name>.debug_line</name>
         <load_address>0x1eb4</load_address>
         <run_address>0x1eb4</run_address>
         <size>0x328</size>
         <input_file_ref idref="fl-23"/>
      </object_component>
      <object_component id="oc-ae">
         <name>.debug_line</name>
         <load_address>0x21dc</load_address>
         <run_address>0x21dc</run_address>
         <size>0x41</size>
         <input_file_ref idref="fl-24"/>
      </object_component>
      <object_component id="oc-b2">
         <name>.debug_line</name>
         <load_address>0x221d</load_address>
         <run_address>0x221d</run_address>
         <size>0x46</size>
         <input_file_ref idref="fl-25"/>
      </object_component>
      <object_component id="oc-b6">
         <name>.debug_line</name>
         <load_address>0x2263</load_address>
         <run_address>0x2263</run_address>
         <size>0x55</size>
         <input_file_ref idref="fl-26"/>
      </object_component>
      <object_component id="oc-ba">
         <name>.debug_line</name>
         <load_address>0x22b8</load_address>
         <run_address>0x22b8</run_address>
         <size>0xad</size>
         <input_file_ref idref="fl-27"/>
      </object_component>
      <object_component id="oc-c4">
         <name>.debug_line</name>
         <load_address>0x2365</load_address>
         <run_address>0x2365</run_address>
         <size>0x5b</size>
         <input_file_ref idref="fl-2a"/>
      </object_component>
      <object_component id="oc-c8">
         <name>.debug_line</name>
         <load_address>0x23c0</load_address>
         <run_address>0x23c0</run_address>
         <size>0x44</size>
         <input_file_ref idref="fl-2b"/>
      </object_component>
      <object_component id="oc-cc">
         <name>.debug_line</name>
         <load_address>0x2404</load_address>
         <run_address>0x2404</run_address>
         <size>0x5b</size>
         <input_file_ref idref="fl-2c"/>
      </object_component>
      <object_component id="oc-d0">
         <name>.debug_line</name>
         <load_address>0x245f</load_address>
         <run_address>0x245f</run_address>
         <size>0x3d</size>
         <input_file_ref idref="fl-2d"/>
      </object_component>
      <object_component id="oc-d4">
         <name>.debug_line</name>
         <load_address>0x249c</load_address>
         <run_address>0x249c</run_address>
         <size>0x3d</size>
         <input_file_ref idref="fl-2e"/>
      </object_component>
      <object_component id="oc-d9">
         <name>.debug_line</name>
         <load_address>0x24d9</load_address>
         <run_address>0x24d9</run_address>
         <size>0x44</size>
         <input_file_ref idref="fl-2f"/>
      </object_component>
      <object_component id="oc-dd">
         <name>.debug_line</name>
         <load_address>0x251d</load_address>
         <run_address>0x251d</run_address>
         <size>0x56</size>
         <input_file_ref idref="fl-30"/>
      </object_component>
      <object_component id="oc-e1">
         <name>.debug_line</name>
         <load_address>0x2573</load_address>
         <run_address>0x2573</run_address>
         <size>0x40</size>
         <input_file_ref idref="fl-31"/>
      </object_component>
      <object_component id="oc-e5">
         <name>.debug_line</name>
         <load_address>0x25b3</load_address>
         <run_address>0x25b3</run_address>
         <size>0x3c</size>
         <input_file_ref idref="fl-32"/>
      </object_component>
      <object_component id="oc-e9">
         <name>.debug_line</name>
         <load_address>0x25ef</load_address>
         <run_address>0x25ef</run_address>
         <size>0x38</size>
         <input_file_ref idref="fl-33"/>
      </object_component>
      <object_component id="oc-ed">
         <name>.debug_line</name>
         <load_address>0x2627</load_address>
         <run_address>0x2627</run_address>
         <size>0xa8</size>
         <input_file_ref idref="fl-34"/>
      </object_component>
      <object_component id="oc-f1">
         <name>.debug_line</name>
         <load_address>0x26cf</load_address>
         <run_address>0x26cf</run_address>
         <size>0x3c</size>
         <input_file_ref idref="fl-35"/>
      </object_component>
      <object_component id="oc-f5">
         <name>.debug_line</name>
         <load_address>0x270b</load_address>
         <run_address>0x270b</run_address>
         <size>0x40</size>
         <input_file_ref idref="fl-36"/>
      </object_component>
      <object_component id="oc-f9">
         <name>.debug_line</name>
         <load_address>0x274b</load_address>
         <run_address>0x274b</run_address>
         <size>0x3a</size>
         <input_file_ref idref="fl-37"/>
      </object_component>
      <object_component id="oc-fd">
         <name>.debug_line</name>
         <load_address>0x2785</load_address>
         <run_address>0x2785</run_address>
         <size>0x3c</size>
         <input_file_ref idref="fl-38"/>
      </object_component>
      <object_component id="oc-101">
         <name>.debug_line</name>
         <load_address>0x27c1</load_address>
         <run_address>0x27c1</run_address>
         <size>0x37</size>
         <input_file_ref idref="fl-39"/>
      </object_component>
      <object_component id="oc-105">
         <name>.debug_line</name>
         <load_address>0x27f8</load_address>
         <run_address>0x27f8</run_address>
         <size>0x3c</size>
         <input_file_ref idref="fl-3a"/>
      </object_component>
      <object_component id="oc-109">
         <name>.debug_line</name>
         <load_address>0x2834</load_address>
         <run_address>0x2834</run_address>
         <size>0x44</size>
         <input_file_ref idref="fl-3b"/>
      </object_component>
      <object_component id="oc-10d">
         <name>.debug_line</name>
         <load_address>0x2878</load_address>
         <run_address>0x2878</run_address>
         <size>0x40</size>
         <input_file_ref idref="fl-3c"/>
      </object_component>
      <object_component id="oc-111">
         <name>.debug_line</name>
         <load_address>0x28b8</load_address>
         <run_address>0x28b8</run_address>
         <size>0x37</size>
         <input_file_ref idref="fl-3d"/>
      </object_component>
      <object_component id="oc-115">
         <name>.debug_line</name>
         <load_address>0x28ef</load_address>
         <run_address>0x28ef</run_address>
         <size>0x58</size>
         <input_file_ref idref="fl-3e"/>
      </object_component>
      <object_component id="oc-119">
         <name>.debug_line</name>
         <load_address>0x2947</load_address>
         <run_address>0x2947</run_address>
         <size>0x5c</size>
         <input_file_ref idref="fl-3f"/>
      </object_component>
      <object_component id="oc-11d">
         <name>.debug_line</name>
         <load_address>0x29a3</load_address>
         <run_address>0x29a3</run_address>
         <size>0x3c</size>
         <input_file_ref idref="fl-40"/>
      </object_component>
      <object_component id="oc-123">
         <name>.debug_line</name>
         <load_address>0x29df</load_address>
         <run_address>0x29df</run_address>
         <size>0xd7</size>
         <input_file_ref idref="fl-41"/>
      </object_component>
      <object_component id="oc-127">
         <name>.debug_line</name>
         <load_address>0x2ab6</load_address>
         <run_address>0x2ab6</run_address>
         <size>0x3a</size>
         <input_file_ref idref="fl-42"/>
      </object_component>
      <object_component id="oc-12e">
         <name>.debug_line</name>
         <load_address>0x2af0</load_address>
         <run_address>0x2af0</run_address>
         <size>0x112</size>
         <input_file_ref idref="fl-43"/>
      </object_component>
      <object_component id="oc-132">
         <name>.debug_line</name>
         <load_address>0x2c02</load_address>
         <run_address>0x2c02</run_address>
         <size>0x3d</size>
         <input_file_ref idref="fl-44"/>
      </object_component>
      <object_component id="oc-136">
         <name>.debug_line</name>
         <load_address>0x2c3f</load_address>
         <run_address>0x2c3f</run_address>
         <size>0x39</size>
         <input_file_ref idref="fl-45"/>
      </object_component>
      <object_component id="oc-19">
         <name>.debug_abbrev</name>
         <load_address>0x0</load_address>
         <run_address>0x0</run_address>
         <size>0x14c</size>
         <input_file_ref idref="fl-2"/>
      </object_component>
      <object_component id="oc-1f">
         <name>.debug_abbrev</name>
         <load_address>0x14c</load_address>
         <run_address>0x14c</run_address>
         <size>0x147</size>
         <input_file_ref idref="fl-3"/>
      </object_component>
      <object_component id="oc-25">
         <name>.debug_abbrev</name>
         <load_address>0x293</load_address>
         <run_address>0x293</run_address>
         <size>0xfd</size>
         <input_file_ref idref="fl-4"/>
      </object_component>
      <object_component id="oc-2a">
         <name>.debug_abbrev</name>
         <load_address>0x390</load_address>
         <run_address>0x390</run_address>
         <size>0xf4</size>
         <input_file_ref idref="fl-5"/>
      </object_component>
      <object_component id="oc-32">
         <name>.debug_abbrev</name>
         <load_address>0x484</load_address>
         <run_address>0x484</run_address>
         <size>0x14c</size>
         <input_file_ref idref="fl-6"/>
      </object_component>
      <object_component id="oc-39">
         <name>.debug_abbrev</name>
         <load_address>0x5d0</load_address>
         <run_address>0x5d0</run_address>
         <size>0x174</size>
         <input_file_ref idref="fl-7"/>
      </object_component>
      <object_component id="oc-40">
         <name>.debug_abbrev</name>
         <load_address>0x744</load_address>
         <run_address>0x744</run_address>
         <size>0x105</size>
         <input_file_ref idref="fl-8"/>
      </object_component>
      <object_component id="oc-45">
         <name>.debug_abbrev</name>
         <load_address>0x849</load_address>
         <run_address>0x849</run_address>
         <size>0x87</size>
         <input_file_ref idref="fl-9"/>
      </object_component>
      <object_component id="oc-4a">
         <name>.debug_abbrev</name>
         <load_address>0x8d0</load_address>
         <run_address>0x8d0</run_address>
         <size>0xe7</size>
         <input_file_ref idref="fl-a"/>
      </object_component>
      <object_component id="oc-4f">
         <name>.debug_abbrev</name>
         <load_address>0x9b7</load_address>
         <run_address>0x9b7</run_address>
         <size>0x87</size>
         <input_file_ref idref="fl-b"/>
      </object_component>
      <object_component id="oc-56">
         <name>.debug_abbrev</name>
         <load_address>0xa3e</load_address>
         <run_address>0xa3e</run_address>
         <size>0xe0</size>
         <input_file_ref idref="fl-c"/>
      </object_component>
      <object_component id="oc-5b">
         <name>.debug_abbrev</name>
         <load_address>0xb1e</load_address>
         <run_address>0xb1e</run_address>
         <size>0xdc</size>
         <input_file_ref idref="fl-d"/>
      </object_component>
      <object_component id="oc-5f">
         <name>.debug_abbrev</name>
         <load_address>0xbfa</load_address>
         <run_address>0xbfa</run_address>
         <size>0x2c</size>
         <input_file_ref idref="fl-13"/>
      </object_component>
      <object_component id="oc-64">
         <name>.debug_abbrev</name>
         <load_address>0xc26</load_address>
         <run_address>0xc26</run_address>
         <size>0x2c</size>
         <input_file_ref idref="fl-14"/>
      </object_component>
      <object_component id="oc-68">
         <name>.debug_abbrev</name>
         <load_address>0xc52</load_address>
         <run_address>0xc52</run_address>
         <size>0x2c</size>
         <input_file_ref idref="fl-15"/>
      </object_component>
      <object_component id="oc-6e">
         <name>.debug_abbrev</name>
         <load_address>0xc7e</load_address>
         <run_address>0xc7e</run_address>
         <size>0x23e</size>
         <input_file_ref idref="fl-17"/>
      </object_component>
      <object_component id="oc-72">
         <name>.debug_abbrev</name>
         <load_address>0xebc</load_address>
         <run_address>0xebc</run_address>
         <size>0x3a</size>
         <input_file_ref idref="fl-18"/>
      </object_component>
      <object_component id="oc-79">
         <name>.debug_abbrev</name>
         <load_address>0xef6</load_address>
         <run_address>0xef6</run_address>
         <size>0xf7</size>
         <input_file_ref idref="fl-19"/>
      </object_component>
      <object_component id="oc-7e">
         <name>.debug_abbrev</name>
         <load_address>0xfed</load_address>
         <run_address>0xfed</run_address>
         <size>0x140</size>
         <input_file_ref idref="fl-1a"/>
      </object_component>
      <object_component id="oc-84">
         <name>.debug_abbrev</name>
         <load_address>0x112d</load_address>
         <run_address>0x112d</run_address>
         <size>0x225</size>
         <input_file_ref idref="fl-1b"/>
      </object_component>
      <object_component id="oc-88">
         <name>.debug_abbrev</name>
         <load_address>0x1352</load_address>
         <run_address>0x1352</run_address>
         <size>0x38</size>
         <input_file_ref idref="fl-1c"/>
      </object_component>
      <object_component id="oc-8c">
         <name>.debug_abbrev</name>
         <load_address>0x138a</load_address>
         <run_address>0x138a</run_address>
         <size>0x145</size>
         <input_file_ref idref="fl-1d"/>
      </object_component>
      <object_component id="oc-91">
         <name>.debug_abbrev</name>
         <load_address>0x14cf</load_address>
         <run_address>0x14cf</run_address>
         <size>0x15a</size>
         <input_file_ref idref="fl-1e"/>
      </object_component>
      <object_component id="oc-97">
         <name>.debug_abbrev</name>
         <load_address>0x1629</load_address>
         <run_address>0x1629</run_address>
         <size>0xde</size>
         <input_file_ref idref="fl-1f"/>
      </object_component>
      <object_component id="oc-9b">
         <name>.debug_abbrev</name>
         <load_address>0x1707</load_address>
         <run_address>0x1707</run_address>
         <size>0x26</size>
[...]
         <value>0x2621e</value>
         <object_component_ref idref="oc-50"/>
      </symbol>
      <symbol id="sm-335">
         <name>_USBSTK5515_I2C_reset</name>
         <value>0x26210</value>
         <object_component_ref idref="oc-50"/>
      </symbol>
      <symbol id="sm-336">
         <name>_USBSTK5515_I2C_init</name>
         <value>0x261e8</value>
         <object_component_ref idref="oc-50"/>
      </symbol>
      <symbol id="sm-353">
         <name>_USBSTK5515_ULED_toggle</name>
         <value>0x25d87</value>
         <object_component_ref idref="oc-57"/>
      </symbol>
      <symbol id="sm-354">
         <name>_USBSTK5515_LED_on</name>
         <value>0x25c0e</value>
         <object_component_ref idref="oc-57"/>
      </symbol>
      <symbol id="sm-355">
         <name>_USBSTK5515_LED_off</name>
         <value>0x25c1f</value>
         <object_component_ref idref="oc-57"/>
      </symbol>
      <symbol id="sm-356">
         <name>_USBSTK5515_ULED_on</name>
         <value>0x25d1f</value>
         <object_component_ref idref="oc-57"/>
      </symbol>
      <symbol id="sm-357">
         <name>_USBSTK5515_ULED_off</name>
         <value>0x25d54</value>
         <object_component_ref idref="oc-57"/>
      </symbol>
      <symbol id="sm-358">
         <name>_USBSTK5515_ULED_getall</name>
         <value>0x25c5f</value>
         <object_component_ref idref="oc-57"/>
      </symbol>
      <symbol id="sm-359">
         <name>_USBSTK5515_ULED_setall</name>
         <value>0x25cb1</value>
         <object_component_ref idref="oc-57"/>
      </symbol>
      <symbol id="sm-35a">
         <name>_USBSTK5515_ULED_init</name>
         <value>0x25c30</value>
         <object_component_ref idref="oc-57"/>
      </symbol>
      <symbol id="sm-35b">
         <name>_USBSTK5515_LED_init</name>
         <value>0x25c03</value>
         <object_component_ref idref="oc-57"/>
      </symbol>
      <symbol id="sm-374">
         <name>_cbrev</name>
         <value>0x26554</value>
         <object_component_ref idref="oc-5c"/>
      </symbol>
      <symbol id="sm-397">
         <name>_cfft_SCALE</name>
         <value>0x2582b</value>
         <object_component_ref idref="oc-60"/>
      </symbol>
      <symbol id="sm-3a3">
         <name>_fir</name>
         <value>0x26c7c</value>
         <object_component_ref idref="oc-65"/>
      </symbol>
      <symbol id="sm-3a7">
         <name>twiddle</name>
         <value>0x9124</value>
         <object_component_ref idref="oc-69"/>
      </symbol>
      <symbol id="sm-3cc">
         <name>_PLL_reset</name>
         <value>0x24e44</value>
         <object_component_ref idref="oc-6a"/>
      </symbol>
      <symbol id="sm-3cd">
         <name>_PLL_bypass</name>
         <value>0x24df5</value>
         <object_component_ref idref="oc-6a"/>
      </symbol>
      <symbol id="sm-3ce">
         <name>_PLL_enable</name>
         <value>0x24d8e</value>
         <object_component_ref idref="oc-6a"/>
      </symbol>
      <symbol id="sm-3cf">
         <name>_PLL_config</name>
         <value>0x24c65</value>
         <object_component_ref idref="oc-6a"/>
      </symbol>
      <symbol id="sm-3d0">
         <name>_PLL_init</name>
         <value>0x24c2d</value>
         <object_component_ref idref="oc-6a"/>
      </symbol>
      <symbol id="sm-3dc">
         <name>__sysstack</name>
         <value>0x20c0</value>
         <object_component_ref idref="oc-138"/>
      </symbol>
      <symbol id="sm-3dd">
         <name>_c_int00</name>
         <value>0x270d9</value>
         <object_component_ref idref="oc-10"/>
      </symbol>
      <symbol id="sm-3de">
         <name>__stack</name>
         <value>0xc0</value>
         <object_component_ref idref="oc-6f"/>
      </symbol>
      <symbol id="sm-3ee">
         <name>C$$EXIT</name>
         <value>0x2720d</value>
         <object_component_ref idref="oc-77"/>
      </symbol>
      <symbol id="sm-3ef">
         <name>_exit</name>
         <value>0x2709b</value>
         <object_component_ref idref="oc-73"/>
      </symbol>
      <symbol id="sm-3f0">
         <name>_abort</name>
         <value>0x2720c</value>
         <object_component_ref idref="oc-77"/>
      </symbol>
      <symbol id="sm-3f1">
         <name>__cleanup_ptr</name>
         <value>0x6100</value>
         <object_component_ref idref="oc-74"/>
      </symbol>
      <symbol id="sm-3f2">
         <name>__dtors_ptr</name>
         <value>0x6104</value>
         <object_component_ref idref="oc-74"/>
      </symbol>
      <symbol id="sm-3fe">
         <name>_puts</name>
         <value>0x25f1b</value>
         <object_component_ref idref="oc-7a"/>
      </symbol>
      <symbol id="sm-3ff">
         <name>_fputs</name>
         <value>0x25dcc</value>
         <object_component_ref idref="oc-7a"/>
      </symbol>
      <symbol id="sm-410">
         <name>_add_device</name>
         <value>0x24141</value>
         <object_component_ref idref="oc-7f"/>
      </symbol>
      <symbol id="sm-411">
         <name>_rename</name>
         <value>0x23e72</value>
         <object_component_ref idref="oc-7f"/>
      </symbol>
      <symbol id="sm-412">
         <name>_read</name>
         <value>0x23efd</value>
         <object_component_ref idref="oc-7f"/>
      </symbol>
      <symbol id="sm-413">
         <name>_unlink</name>
         <value>0x23e3e</value>
         <object_component_ref idref="oc-7f"/>
      </symbol>
      <symbol id="sm-414">
         <name>_remove_device</name>
         <value>0x23ec9</value>
         <object_component_ref idref="oc-7f"/>
      </symbol>
      <symbol id="sm-415">
         <name>_open</name>
         <value>0x23fa7</value>
         <object_component_ref idref="oc-7f"/>
      </symbol>
      <symbol id="sm-416">
         <name>_find_registered_device</name>
         <value>0x240c8</value>
         <object_component_ref idref="oc-7f"/>
      </symbol>
      <symbol id="sm-417">
         <name>_lseek</name>
         <value>0x24064</value>
         <object_component_ref idref="oc-7f"/>
      </symbol>
      <symbol id="sm-418">
         <name>_close</name>
         <value>0x240d1</value>
         <object_component_ref idref="oc-7f"/>
      </symbol>
      <symbol id="sm-419">
         <name>_write</name>
         <value>0x23d11</value>
         <object_component_ref idref="oc-7f"/>
      </symbol>
      <symbol id="sm-423">
         <name>_memcpy</name>
         <value>0x26e7a</value>
         <object_component_ref idref="oc-85"/>
      </symbol>
      <symbol id="sm-42d">
         <name>_printf</name>
         <value>0x26f24</value>
         <object_component_ref idref="oc-89"/>
      </symbol>
      <symbol id="sm-439">
         <name>_HOSTopen</name>
         <value>0x2309d</value>
         <object_component_ref idref="oc-8d"/>
      </symbol>
      <symbol id="sm-43a">
         <name>_HOSTread</name>
         <value>0x23012</value>
         <object_component_ref idref="oc-8d"/>
      </symbol>
      <symbol id="sm-43b">
         <name>_HOSTtime</name>
         <value>0x22efb</value>
         <object_component_ref idref="oc-8d"/>
      </symbol>
      <symbol id="sm-43c">
         <name>_getenv</name>
         <value>0x22d84</value>
         <object_component_ref idref="oc-8d"/>
      </symbol>
      <symbol id="sm-43d">
         <name>_HOSTrename</name>
         <value>0x22f59</value>
         <object_component_ref idref="oc-8d"/>
      </symbol>
      <symbol id="sm-43e">
         <name>_HOSTclock</name>
         <value>0x2325e</value>
         <object_component_ref idref="oc-8d"/>
      </symbol>
      <symbol id="sm-43f">
         <name>_HOSTwrite</name>
         <value>0x22e04</value>
         <object_component_ref idref="oc-8d"/>
      </symbol>
      <symbol id="sm-440">
         <name>_HOSTlseek</name>
         <value>0x2313e</value>
         <object_component_ref idref="oc-8d"/>
      </symbol>
      <symbol id="sm-441">
         <name>_HOSTunlink</name>
         <value>0x22e8f</value>
         <object_component_ref idref="oc-8d"/>
      </symbol>
      <symbol id="sm-442">
         <name>_HOSTclose</name>
         <value>0x231f3</value>
         <object_component_ref idref="oc-8d"/>
      </symbol>
      <symbol id="sm-454">
         <name>C$$IO$$</name>
         <value>0x267c5</value>
         <object_component_ref idref="oc-95"/>
      </symbol>
      <symbol id="sm-455">
         <name>__CIOBUF_</name>
         <value>0x40ed0</value>
         <object_component_ref idref="oc-94"/>
      </symbol>
      <symbol id="sm-456">
         <name>_readmsg</name>
         <value>0x26ce7</value>
         <object_component_ref idref="oc-92"/>
      </symbol>
      <symbol id="sm-457">
         <name>_writemsg</name>
         <value>0x2670c</value>
         <object_component_ref idref="oc-95"/>
      </symbol>
      <symbol id="sm-461">
         <name>_Reset</name>
         <value>0x4fe00</value>
         <object_component_ref idref="oc-11"/>
      </symbol>
      <symbol id="sm-46b">
         <name>__rd_ok</name>
         <value>0x266af</value>
         <object_component_ref idref="oc-9c"/>
      </symbol>
      <symbol id="sm-46c">
         <name>__wrt_ok</name>
         <value>0x26632</value>
         <object_component_ref idref="oc-9c"/>
      </symbol>
      <symbol id="sm-47a">
         <name>__unlock</name>
         <value>0x60fc</value>
         <object_component_ref idref="oc-a1"/>
      </symbol>
      <symbol id="sm-47b">
         <name>__lock</name>
         <value>0x60f8</value>
         <object_component_ref idref="oc-a1"/>
      </symbol>
      <symbol id="sm-47c">
         <name>__register_lock</name>
         <value>0x271e8</value>
         <object_component_ref idref="oc-a0"/>
      </symbol>
      <symbol id="sm-47d">
         <name>__nop</name>
         <value>0x271f0</value>
         <object_component_ref idref="oc-a0"/>
      </symbol>
      <symbol id="sm-47e">
         <name>__register_unlock</name>
         <value>0x271e0</value>
         <object_component_ref idref="oc-a0"/>
      </symbol>
      <symbol id="sm-490">
         <name>__printfi</name>
         <value>0x21315</value>
         <object_component_ref idref="oc-a6"/>
      </symbol>
      <symbol id="sm-49a">
         <name>__args_main</name>
         <value>0x2700a</value>
         <object_component_ref idref="oc-ac"/>
      </symbol>
      <symbol id="sm-49b">
         <name>__TI_args_main</name>
         <value>0x1</value>
      </symbol>
      <symbol id="sm-4a5">
         <name>_atoi</name>
         <value>0x26e21</value>
         <object_component_ref idref="oc-b0"/>
      </symbol>
      <symbol id="sm-4ad">
         <name>_auto_init</name>
         <value>0x26f72</value>
         <object_component_ref idref="oc-b4"/>
      </symbol>
      <symbol id="sm-4b7">
         <name>__eqld</name>
         <value>0x25b77</value>
         <object_component_ref idref="oc-b8"/>
      </symbol>
      <symbol id="sm-4b8">
         <name>__cmpd</name>
         <value>0x25bab</value>
         <object_component_ref idref="oc-b8"/>
      </symbol>
      <symbol id="sm-4b9">
         <name>__neqd</name>
         <value>0x25a19</value>
         <object_component_ref idref="oc-b8"/>
      </symbol>
      <symbol id="sm-4ba">
         <name>__gtrd</name>
         <value>0x25ae2</value>
         <object_component_ref idref="oc-b8"/>
      </symbol>
      <symbol id="sm-4bb">
         <name>__geqd</name>
         <value>0x25b2d</value>
         <object_component_ref idref="oc-b8"/>
      </symbol>
      <symbol id="sm-4bc">
         <name>__leqd</name>
         <value>0x25a95</value>
         <object_component_ref idref="oc-b8"/>
      </symbol>
      <symbol id="sm-4bd">
         <name>__lssd</name>
         <value>0x25a4d</value>
         <object_component_ref idref="oc-b8"/>
      </symbol>
      <symbol id="sm-4c5">
         <name>__ctypes_</name>
         <value>0x8ea8</value>
         <object_component_ref idref="oc-139"/>
      </symbol>
      <symbol id="sm-4cf">
         <name>__tmpnams</name>
         <value>0x5c94</value>
         <object_component_ref idref="oc-be"/>
      </symbol>
      <symbol id="sm-4d0">
         <name>__ft_end</name>
         <value>0x5dd4</value>
         <object_component_ref idref="oc-be"/>
      </symbol>
      <symbol id="sm-4d1">
         <name>__ftable</name>
         <value>0x5ba4</value>
         <object_component_ref idref="oc-be"/>
      </symbol>
      <symbol id="sm-4dd">
         <name>__divd</name>
         <value>0x24229</value>
         <object_component_ref idref="oc-c2"/>
      </symbol>
      <symbol id="sm-4e8">
         <name>__divul</name>
         <value>0x26926</value>
         <object_component_ref idref="oc-c6"/>
      </symbol>
      <symbol id="sm-4f2">
         <name>__doflush</name>
         <value>0x267ca</value>
         <object_component_ref idref="oc-ca"/>
      </symbol>
      <symbol id="sm-4f3">
         <name>_fflush</name>
         <value>0x2682c</value>
         <object_component_ref idref="oc-ca"/>
      </symbol>
      <symbol id="sm-4fd">
         <name>__fixdi</name>
         <value>0x2710d</value>
         <object_component_ref idref="oc-ce"/>
      </symbol>
      <symbol id="sm-507">
         <name>__fixdli</name>
         <value>0x26c0e</value>
         <object_component_ref idref="oc-d2"/>
      </symbol>
      <symbol id="sm-513">
         <name>__fltlid</name>
         <value>0x26dba</value>
         <object_component_ref idref="oc-d6"/>
      </symbol>
      <symbol id="sm-51d">
         <name>_putchar</name>
         <value>0x26917</value>
         <object_component_ref idref="oc-db"/>
      </symbol>
      <symbol id="sm-51e">
         <name>_putc</name>
         <value>0x26884</value>
         <object_component_ref idref="oc-db"/>
      </symbol>
      <symbol id="sm-51f">
         <name>_fputc</name>
         <value>0x26884</value>
         <object_component_ref idref="oc-db"/>
      </symbol>
      <symbol id="sm-529">
         <name>__frcmpyd_div</name>
         <value>0x26b2b</value>
         <object_component_ref idref="oc-df"/>
      </symbol>
      <symbol id="sm-533">
         <name>_fseek</name>
         <value>0x26d52</value>
         <object_component_ref idref="oc-e3"/>
      </symbol>
      <symbol id="sm-53d">
         <name>___isinf</name>
         <value>0x2719f</value>
         <object_component_ref idref="oc-e7"/>
      </symbol>
      <symbol id="sm-547">
         <name>__divull</name>
         <value>0x254ac</value>
         <object_component_ref idref="oc-eb"/>
      </symbol>
      <symbol id="sm-548">
         <name>__mpylli</name>
         <value>0x253f5</value>
         <object_component_ref idref="oc-eb"/>
      </symbol>
      <symbol id="sm-549">
         <name>__remlli</name>
         <value>0x253c6</value>
         <object_component_ref idref="oc-eb"/>
      </symbol>
      <symbol id="sm-54a">
         <name>__divlli</name>
         <value>0x255a0</value>
         <object_component_ref idref="oc-eb"/>
      </symbol>
      <symbol id="sm-54b">
         <name>__remull</name>
         <value>0x25378</value>
         <object_component_ref idref="oc-eb"/>
      </symbol>
      <symbol id="sm-553">
         <name>__mpyli</name>
         <value>0x271cd</value>
         <object_component_ref idref="oc-ef"/>
      </symbol>
      <symbol id="sm-554">
         <name>I$$LMPY</name>
         <value>0x271cd</value>
         <object_component_ref idref="oc-ef"/>
      </symbol>
      <symbol id="sm-55e">
         <name>_ltoa</name>
         <value>0x269c6</value>
         <object_component_ref idref="oc-f3"/>
      </symbol>
      <symbol id="sm-569">
         <name>_memccpy</name>
         <value>0x27161</value>
         <object_component_ref idref="oc-f7"/>
      </symbol>
      <symbol id="sm-573">
         <name>__mpyd</name>
         <value>0x2609d</value>
         <object_component_ref idref="oc-fb"/>
      </symbol>
      <symbol id="sm-57d">
         <name>__negd</name>
         <value>0x271f2</value>
         <object_component_ref idref="oc-ff"/>
      </symbol>
      <symbol id="sm-587">
         <name>__remli</name>
         <value>0x26fbf</value>
         <object_component_ref idref="oc-103"/>
      </symbol>
      <symbol id="sm-592">
         <name>__remul</name>
         <value>0x26b9e</value>
         <object_component_ref idref="oc-107"/>
      </symbol>
      <symbol id="sm-59c">
         <name>_setvbuf</name>
         <value>0x26461</value>
         <object_component_ref idref="oc-10b"/>
      </symbol>
      <symbol id="sm-5a6">
         <name>__subd</name>
         <value>0x271b9</value>
         <object_component_ref idref="oc-10f"/>
      </symbol>
      <symbol id="sm-5ae">
         <name>__remu</name>
         <value>0x2714c</value>
         <object_component_ref idref="oc-113"/>
      </symbol>
      <symbol id="sm-5af">
         <name>__divu</name>
         <value>0x27137</value>
         <object_component_ref idref="oc-113"/>
      </symbol>
      <symbol id="sm-5b0">
         <name>I$$UMOD</name>
         <value>0x2714c</value>
         <object_component_ref idref="oc-113"/>
      </symbol>
      <symbol id="sm-5b1">
         <name>I$$UDIV</name>
         <value>0x27137</value>
         <object_component_ref idref="oc-113"/>
      </symbol>
      <symbol id="sm-5bb">
         <name>__addd</name>
         <value>0x255d4</value>
         <object_component_ref idref="oc-117"/>
      </symbol>
      <symbol id="sm-5c5">
         <name>__divli</name>
         <value>0x27053</value>
         <object_component_ref idref="oc-11b"/>
      </symbol>
      <symbol id="sm-5d4">
         <name>__cleanup</name>
         <value>0x24fc5</value>
         <object_component_ref idref="oc-11f"/>
      </symbol>
      <symbol id="sm-5d5">
         <name>_fopen</name>
         <value>0x250e3</value>
         <object_component_ref idref="oc-11f"/>
      </symbol>
      <symbol id="sm-5d6">
         <name>_freopen</name>
         <value>0x2501d</value>
         <object_component_ref idref="oc-11f"/>
      </symbol>
      <symbol id="sm-5e0">
         <name>__frcmpyd</name>
         <value>0x26ab5</value>
         <object_component_ref idref="oc-125"/>
      </symbol>
      <symbol id="sm-5f0">
         <name>__sys_memory</name>
         <value>0x610c</value>
         <object_component_ref idref="oc-12d"/>
      </symbol>
      <symbol id="sm-5f1">
         <name>_chkheap</name>
         <value>0x2379b</value>
         <object_component_ref idref="oc-129"/>
      </symbol>
      <symbol id="sm-5f2">
         <name>_realloc</name>
         <value>0x23501</value>
         <object_component_ref idref="oc-129"/>
      </symbol>
      <symbol id="sm-5f3">
         <name>_free_memory</name>
         <value>0x23734</value>
         <object_component_ref idref="oc-129"/>
      </symbol>
      <symbol id="sm-5f4">
         <name>_max_free</name>
         <value>0x236ca</value>
         <object_component_ref idref="oc-129"/>
      </symbol>
      <symbol id="sm-5f5">
         <name>_free</name>
         <value>0x232bc</value>
         <object_component_ref idref="oc-129"/>
      </symbol>
      <symbol id="sm-5f6">
         <name>_calloc</name>
         <value>0x237a3</value>
         <object_component_ref idref="oc-129"/>
      </symbol>
      <symbol id="sm-5f7">
         <name>_malloc</name>
         <value>0x23400</value>
         <object_component_ref idref="oc-129"/>
      </symbol>
      <symbol id="sm-5f8">
         <name>_minit</name>
         <value>0x2338e</value>
         <object_component_ref idref="oc-129"/>
      </symbol>
      <symbol id="sm-602">
         <name>_fclose</name>
         <value>0x26a3f</value>
         <object_component_ref idref="oc-130"/>
      </symbol>
      <symbol id="sm-60c">
         <name>_remove</name>
         <value>0x27202</value>
         <object_component_ref idref="oc-134"/>
      </symbol>
   </symbol_table>
</link_info>
