<?xml version="1.0"?>
<link_info>
   <banner>TMS320C55x Linker PC v4.4.1</banner>
   <copyright>Copyright (c) 1996-2012 Texas Instruments Incorporated</copyright>
   <link_time>0x60e71374</link_time>
   <output_file>FIR.out</output_file>
   <entry_point>
      <name>_c_int00</name>
      <address>0x2628d</address>
   </entry_point>
   <input_file_list>
      <input_file id="fl-2">
         <path>.\</path>
         <kind>object</kind>
         <file>PLL.obj</file>
         <name>PLL.obj</name>
      </input_file>
      <input_file id="fl-3">
         <path>.\</path>
         <kind>object</kind>
         <file>aic3204.obj</file>
         <name>aic3204.obj</name>
      </input_file>
      <input_file id="fl-4">
         <path>.\</path>
         <kind>object</kind>
         <file>aic3204_init.obj</file>
         <name>aic3204_init.obj</name>
      </input_file>
      <input_file id="fl-5">
         <path>.\</path>
         <kind>object</kind>
         <file>bargraph5515.obj</file>
         <name>bargraph5515.obj</name>
      </input_file>
      <input_file id="fl-6">
         <path>.\</path>
         <kind>object</kind>
         <file>main.obj</file>
         <name>main.obj</name>
      </input_file>
      <input_file id="fl-7">
         <path>.\</path>
         <kind>object</kind>
         <file>oled5515.obj</file>
         <name>oled5515.obj</name>
      </input_file>
      <input_file id="fl-8">
         <path>.\</path>
         <kind>object</kind>
         <file>pushbuttons5515.obj</file>
         <name>pushbuttons5515.obj</name>
      </input_file>
      <input_file id="fl-9">
         <path>.\</path>
         <kind>object</kind>
         <file>stereo.obj</file>
         <name>stereo.obj</name>
      </input_file>
      <input_file id="fl-a">
         <path>.\</path>
         <kind>object</kind>
         <file>usbstk5515.obj</file>
         <name>usbstk5515.obj</name>
      </input_file>
      <input_file id="fl-b">
         <path>.\</path>
         <kind>object</kind>
         <file>usbstk5515_gpio.obj</file>
         <name>usbstk5515_gpio.obj</name>
      </input_file>
      <input_file id="fl-c">
         <path>.\</path>
         <kind>object</kind>
         <file>usbstk5515_i2c.obj</file>
         <name>usbstk5515_i2c.obj</name>
      </input_file>
      <input_file id="fl-d">
         <path>.\</path>
         <kind>object</kind>
         <file>usbstk5515_led.obj</file>
         <name>usbstk5515_led.obj</name>
      </input_file>
      <input_file id="fl-13">
         <path>..\</path>
         <kind>archive</kind>
         <file>55xdsph.lib</file>
         <name>fir.obj</name>
      </input_file>
      <input_file id="fl-14">
         <path>..\</path>
         <kind>archive</kind>
         <file>CSLc55x5h.lib</file>
         <name>csl_pll.obj</name>
      </input_file>
      <input_file id="fl-15">
         <path>F:\ti\ccs1031\ccs\tools\compiler\c5500_4.4.1\lib\</path>
         <kind>archive</kind>
         <file>rts55h.lib</file>
         <name>boot.obj</name>
      </input_file>
      <input_file id="fl-16">
         <path>F:\ti\ccs1031\ccs\tools\compiler\c5500_4.4.1\lib\</path>
         <kind>archive</kind>
         <file>rts55h.lib</file>
         <name>exit.obj</name>
      </input_file>
      <input_file id="fl-17">
         <path>F:\ti\ccs1031\ccs\tools\compiler\c5500_4.4.1\lib\</path>
         <kind>archive</kind>
         <file>rts55h.lib</file>
         <name>fputs.obj</name>
      </input_file>
      <input_file id="fl-18">
         <path>F:\ti\ccs1031\ccs\tools\compiler\c5500_4.4.1\lib\</path>
         <kind>archive</kind>
         <file>rts55h.lib</file>
         <name>lowlev.obj</name>
      </input_file>
      <input_file id="fl-19">
         <path>F:\ti\ccs1031\ccs\tools\compiler\c5500_4.4.1\lib\</path>
         <kind>archive</kind>
         <file>rts55h.lib</file>
         <name>memcpy.obj</name>
      </input_file>
      <input_file id="fl-1a">
         <path>F:\ti\ccs1031\ccs\tools\compiler\c5500_4.4.1\lib\</path>
         <kind>archive</kind>
         <file>rts55h.lib</file>
         <name>printf.obj</name>
      </input_file>
      <input_file id="fl-1b">
         <path>F:\ti\ccs1031\ccs\tools\compiler\c5500_4.4.1\lib\</path>
         <kind>archive</kind>
         <file>rts55h.lib</file>
         <name>trgdrv.obj</name>
      </input_file>
      <input_file id="fl-1c">
         <path>F:\ti\ccs1031\ccs\tools\compiler\c5500_4.4.1\lib\</path>
         <kind>archive</kind>
         <file>rts55h.lib</file>
         <name>trgmsg.obj</name>
      </input_file>
      <input_file id="fl-1d">
         <path>F:\ti\ccs1031\ccs\tools\compiler\c5500_4.4.1\lib\</path>
         <kind>archive</kind>
         <file>rts55h.lib</file>
         <name>vectors.obj</name>
      </input_file>
      <input_file id="fl-1e">
         <path>F:\ti\ccs1031\ccs\tools\compiler\c5500_4.4.1\lib\</path>
         <kind>archive</kind>
         <file>rts55h.lib</file>
         <name>_io_perm.obj</name>
      </input_file>
      <input_file id="fl-1f">
         <path>F:\ti\ccs1031\ccs\tools\compiler\c5500_4.4.1\lib\</path>
         <kind>archive</kind>
         <file>rts55h.lib</file>
         <name>_lock.obj</name>
      </input_file>
      <input_file id="fl-20">
         <path>F:\ti\ccs1031\ccs\tools\compiler\c5500_4.4.1\lib\</path>
         <kind>archive</kind>
         <file>rts55h.lib</file>
         <name>_printfi.obj</name>
      </input_file>
      <input_file id="fl-21">
         <path>F:\ti\ccs1031\ccs\tools\compiler\c5500_4.4.1\lib\</path>
         <kind>archive</kind>
         <file>rts55h.lib</file>
         <name>args_main.obj</name>
      </input_file>
      <input_file id="fl-22">
         <path>F:\ti\ccs1031\ccs\tools\compiler\c5500_4.4.1\lib\</path>
         <kind>archive</kind>
         <file>rts55h.lib</file>
         <name>atoi.obj</name>
      </input_file>
      <input_file id="fl-23">
         <path>F:\ti\ccs1031\ccs\tools\compiler\c5500_4.4.1\lib\</path>
         <kind>archive</kind>
         <file>rts55h.lib</file>
         <name>autoinit.obj</name>
      </input_file>
      <input_file id="fl-24">
         <path>F:\ti\ccs1031\ccs\tools\compiler\c5500_4.4.1\lib\</path>
         <kind>archive</kind>
         <file>rts55h.lib</file>
         <name>cmpd.obj</name>
      </input_file>
      <input_file id="fl-25">
         <path>F:\ti\ccs1031\ccs\tools\compiler\c5500_4.4.1\lib\</path>
         <kind>archive</kind>
         <file>rts55h.lib</file>
         <name>ctype.obj</name>
      </input_file>
      <input_file id="fl-26">
         <path>F:\ti\ccs1031\ccs\tools\compiler\c5500_4.4.1\lib\</path>
         <kind>archive</kind>
         <file>rts55h.lib</file>
         <name>defs.obj</name>
      </input_file>
      <input_file id="fl-27">
         <path>F:\ti\ccs1031\ccs\tools\compiler\c5500_4.4.1\lib\</path>
         <kind>archive</kind>
         <file>rts55h.lib</file>
         <name>divd.obj</name>
      </input_file>
      <input_file id="fl-28">
         <path>F:\ti\ccs1031\ccs\tools\compiler\c5500_4.4.1\lib\</path>
         <kind>archive</kind>
         <file>rts55h.lib</file>
         <name>divul.obj</name>
      </input_file>
      <input_file id="fl-29">
         <path>F:\ti\ccs1031\ccs\tools\compiler\c5500_4.4.1\lib\</path>
         <kind>archive</kind>
         <file>rts55h.lib</file>
         <name>fflush.obj</name>
      </input_file>
      <input_file id="fl-2a">
         <path>F:\ti\ccs1031\ccs\tools\compiler\c5500_4.4.1\lib\</path>
         <kind>archive</kind>
         <file>rts55h.lib</file>
         <name>fixdi.obj</name>
      </input_file>
      <input_file id="fl-2b">
         <path>F:\ti\ccs1031\ccs\tools\compiler\c5500_4.4.1\lib\</path>
         <kind>archive</kind>
         <file>rts55h.lib</file>
         <name>fixdli.obj</name>
      </input_file>
      <input_file id="fl-2c">
         <path>F:\ti\ccs1031\ccs\tools\compiler\c5500_4.4.1\lib\</path>
         <kind>archive</kind>
         <file>rts55h.lib</file>
         <name>fltlid.obj</name>
      </input_file>
      <input_file id="fl-2d">
         <path>F:\ti\ccs1031\ccs\tools\compiler\c5500_4.4.1\lib\</path>
         <kind>archive</kind>
         <file>rts55h.lib</file>
         <name>fputc.obj</name>
      </input_file>
      <input_file id="fl-2e">
         <path>F:\ti\ccs1031\ccs\tools\compiler\c5500_4.4.1\lib\</path>
         <kind>archive</kind>
         <file>rts55h.lib</file>
         <name>frcmpyd_div.obj</name>
      </input_file>
      <input_file id="fl-2f">
         <path>F:\ti\ccs1031\ccs\tools\compiler\c5500_4.4.1\lib\</path>
         <kind>archive</kind>
         <file>rts55h.lib</file>
         <name>fseek.obj</name>
      </input_file>
      <input_file id="fl-30">
         <path>F:\ti\ccs1031\ccs\tools\compiler\c5500_4.4.1\lib\</path>
         <kind>archive</kind>
         <file>rts55h.lib</file>
         <name>isinf.obj</name>
      </input_file>
      <input_file id="fl-31">
         <path>F:\ti\ccs1031\ccs\tools\compiler\c5500_4.4.1\lib\</path>
         <kind>archive</kind>
         <file>rts55h.lib</file>
         <name>llmpy.obj</name>
      </input_file>
      <input_file id="fl-32">
         <path>F:\ti\ccs1031\ccs\tools\compiler\c5500_4.4.1\lib\</path>
         <kind>archive</kind>
         <file>rts55h.lib</file>
         <name>lmpy.obj</name>
      </input_file>
      <input_file id="fl-33">
         <path>F:\ti\ccs1031\ccs\tools\compiler\c5500_4.4.1\lib\</path>
         <kind>archive</kind>
         <file>rts55h.lib</file>
         <name>ltoa.obj</name>
      </input_file>
      <input_file id="fl-34">
         <path>F:\ti\ccs1031\ccs\tools\compiler\c5500_4.4.1\lib\</path>
         <kind>archive</kind>
         <file>rts55h.lib</file>
         <name>memccpy.obj</name>
      </input_file>
      <input_file id="fl-35">
         <path>F:\ti\ccs1031\ccs\tools\compiler\c5500_4.4.1\lib\</path>
         <kind>archive</kind>
         <file>rts55h.lib</file>
         <name>mpyd.obj</name>
      </input_file>
      <input_file id="fl-36">
         <path>F:\ti\ccs1031\ccs\tools\compiler\c5500_4.4.1\lib\</path>
         <kind>archive</kind>
         <file>rts55h.lib</file>
         <name>negd.obj</name>
      </input_file>
      <input_file id="fl-37">
         <path>F:\ti\ccs1031\ccs\tools\compiler\c5500_4.4.1\lib\</path>
         <kind>archive</kind>
         <file>rts55h.lib</file>
         <name>remli.obj</name>
      </input_file>
      <input_file id="fl-38">
         <path>F:\ti\ccs1031\ccs\tools\compiler\c5500_4.4.1\lib\</path>
         <kind>archive</kind>
         <file>rts55h.lib</file>
         <name>remul.obj</name>
      </input_file>
      <input_file id="fl-39">
         <path>F:\ti\ccs1031\ccs\tools\compiler\c5500_4.4.1\lib\</path>
         <kind>archive</kind>
         <file>rts55h.lib</file>
         <name>setvbuf.obj</name>
      </input_file>
      <input_file id="fl-3a">
         <path>F:\ti\ccs1031\ccs\tools\compiler\c5500_4.4.1\lib\</path>
         <kind>archive</kind>
         <file>rts55h.lib</file>
         <name>subd.obj</name>
      </input_file>
      <input_file id="fl-3b">
         <path>F:\ti\ccs1031\ccs\tools\compiler\c5500_4.4.1\lib\</path>
         <kind>archive</kind>
         <file>rts55h.lib</file>
         <name>udiv.obj</name>
      </input_file>
      <input_file id="fl-3c">
         <path>F:\ti\ccs1031\ccs\tools\compiler\c5500_4.4.1\lib\</path>
         <kind>archive</kind>
         <file>rts55h.lib</file>
         <name>addd.obj</name>
      </input_file>
      <input_file id="fl-3d">
         <path>F:\ti\ccs1031\ccs\tools\compiler\c5500_4.4.1\lib\</path>
         <kind>archive</kind>
         <file>rts55h.lib</file>
         <name>divli.obj</name>
      </input_file>
      <input_file id="fl-3e">
         <path>F:\ti\ccs1031\ccs\tools\compiler\c5500_4.4.1\lib\</path>
         <kind>archive</kind>
         <file>rts55h.lib</file>
         <name>fopen.obj</name>
      </input_file>
      <input_file id="fl-3f">
         <path>F:\ti\ccs1031\ccs\tools\compiler\c5500_4.4.1\lib\</path>
         <kind>archive</kind>
         <file>rts55h.lib</file>
         <name>frcmpyd.obj</name>
      </input_file>
      <input_file id="fl-40">
         <path>F:\ti\ccs1031\ccs\tools\compiler\c5500_4.4.1\lib\</path>
         <kind>archive</kind>
         <file>rts55h.lib</file>
         <name>memory.obj</name>
      </input_file>
      <input_file id="fl-41">
         <path>F:\ti\ccs1031\ccs\tools\compiler\c5500_4.4.1\lib\</path>
         <kind>archive</kind>
         <file>rts55h.lib</file>
         <name>fclose.obj</name>
      </input_file>
      <input_file id="fl-42">
         <path>F:\ti\ccs1031\ccs\tools\compiler\c5500_4.4.1\lib\</path>
         <kind>archive</kind>
         <file>rts55h.lib</file>
         <name>remove.obj</name>
      </input_file>
   </input_file_list>
   <object_component_list>
      <object_component id="oc-9c">
         <name>.text</name>
         <load_address>0x20000</load_address>
         <run_address>0x20000</run_address>
         <size>0x1533</size>
         <input_file_ref idref="fl-20"/>
      </object_component>
      <object_component id="oc-33">
         <name>.text</name>
         <load_address>0x21533</load_address>
         <run_address>0x21533</run_address>
         <size>0x965</size>
         <input_file_ref idref="fl-7"/>
      </object_component>
      <object_component id="oc-83">
         <name>.text</name>
         <load_address>0x21e98</load_address>
         <run_address>0x21e98</run_address>
         <size>0x538</size>
         <input_file_ref idref="fl-1b"/>
      </object_component>
      <object_component id="oc-11f">
         <name>.text</name>
         <load_address>0x223d0</load_address>
         <run_address>0x223d0</run_address>
         <size>0x533</size>
         <input_file_ref idref="fl-40"/>
      </object_component>
      <object_component id="oc-20">
         <name>.text</name>
         <load_address>0x22903</load_address>
         <run_address>0x22903</run_address>
         <size>0x522</size>
         <input_file_ref idref="fl-4"/>
      </object_component>
      <object_component id="oc-75">
         <name>.text</name>
         <load_address>0x22e25</load_address>
         <run_address>0x22e25</run_address>
         <size>0x518</size>
         <input_file_ref idref="fl-18"/>
      </object_component>
      <object_component id="oc-b8">
         <name>.text</name>
         <load_address>0x2333d</load_address>
         <run_address>0x2333d</run_address>
         <size>0x3c7</size>
         <input_file_ref idref="fl-27"/>
      </object_component>
      <object_component id="oc-2b">
         <name>.text</name>
         <load_address>0x23704</load_address>
         <run_address>0x23704</run_address>
         <size>0x389</size>
         <input_file_ref idref="fl-6"/>
      </object_component>
      <object_component id="oc-12">
         <name>.text</name>
         <load_address>0x23a8d</load_address>
         <run_address>0x23a8d</run_address>
         <size>0x340</size>
         <input_file_ref idref="fl-2"/>
      </object_component>
      <object_component id="oc-3a">
         <name>.text</name>
         <load_address>0x23dcd</load_address>
         <run_address>0x23dcd</run_address>
         <size>0x2b6</size>
         <input_file_ref idref="fl-8"/>
      </object_component>
      <object_component id="oc-60">
         <name>.text</name>
         <load_address>0x24083</load_address>
         <run_address>0x24083</run_address>
         <size>0x2ad</size>
         <input_file_ref idref="fl-14"/>
      </object_component>
      <object_component id="oc-115">
         <name>.text</name>
         <load_address>0x24330</load_address>
         <run_address>0x24330</run_address>
         <size>0x26c</size>
         <input_file_ref idref="fl-3e"/>
      </object_component>
      <object_component id="oc-26">
         <name>.text</name>
         <load_address>0x2459c</load_address>
         <run_address>0x2459c</run_address>
         <size>0x25c</size>
         <input_file_ref idref="fl-5"/>
      </object_component>
      <object_component id="oc-e1">
         <name>.text</name>
         <load_address>0x247f8</load_address>
         <run_address>0x247f8</run_address>
         <size>0x25c</size>
         <input_file_ref idref="fl-31"/>
      </object_component>
      <object_component id="oc-10d">
         <name>.text</name>
         <load_address>0x24a54</load_address>
         <run_address>0x24a54</run_address>
         <size>0x257</size>
         <input_file_ref idref="fl-3c"/>
      </object_component>
      <object_component id="oc-ae">
         <name>.text</name>
         <load_address>0x24cab</load_address>
         <run_address>0x24cab</run_address>
         <size>0x1ea</size>
         <input_file_ref idref="fl-24"/>
      </object_component>
      <object_component id="oc-57">
         <name>.text</name>
         <load_address>0x24e95</load_address>
         <run_address>0x24e95</run_address>
         <size>0x1c9</size>
         <input_file_ref idref="fl-d"/>
      </object_component>
      <object_component id="oc-70">
         <name>.text</name>
         <load_address>0x2505e</load_address>
         <run_address>0x2505e</run_address>
         <size>0x17b</size>
         <input_file_ref idref="fl-17"/>
      </object_component>
      <object_component id="oc-4b">
         <name>.text</name>
         <load_address>0x251d9</load_address>
         <run_address>0x251d9</run_address>
         <size>0x156</size>
         <input_file_ref idref="fl-b"/>
      </object_component>
      <object_component id="oc-f1">
         <name>.text</name>
         <load_address>0x2532f</load_address>
         <run_address>0x2532f</run_address>
         <size>0x14b</size>
         <input_file_ref idref="fl-35"/>
      </object_component>
      <object_component id="oc-50">
         <name>.text</name>
         <load_address>0x2547a</load_address>
         <run_address>0x2547a</run_address>
         <size>0x13e</size>
         <input_file_ref idref="fl-c"/>
      </object_component>
      <object_component id="oc-1a">
         <name>.text</name>
         <load_address>0x255b8</load_address>
         <run_address>0x255b8</run_address>
         <size>0x13b</size>
         <input_file_ref idref="fl-3"/>
      </object_component>
      <object_component id="oc-101">
         <name>.text</name>
         <load_address>0x256f3</load_address>
         <run_address>0x256f3</run_address>
         <size>0xf3</size>
         <input_file_ref idref="fl-39"/>
      </object_component>
      <object_component id="oc-92">
         <name>.text</name>
         <load_address>0x257e6</load_address>
         <run_address>0x257e6</run_address>
         <size>0xda</size>
         <input_file_ref idref="fl-1e"/>
      </object_component>
      <object_component id="oc-8b">
         <name>.text:CIO_breakpoint</name>
         <load_address>0x258c0</load_address>
         <run_address>0x258c0</run_address>
         <size>0xbe</size>
         <input_file_ref idref="fl-1c"/>
      </object_component>
      <object_component id="oc-c0">
         <name>.text</name>
         <load_address>0x2597e</load_address>
         <run_address>0x2597e</run_address>
         <size>0xba</size>
         <input_file_ref idref="fl-29"/>
      </object_component>
      <object_component id="oc-d1">
         <name>.text</name>
         <load_address>0x25a38</load_address>
         <run_address>0x25a38</run_address>
         <size>0xa2</size>
         <input_file_ref idref="fl-2d"/>
      </object_component>
      <object_component id="oc-bc">
         <name>.text</name>
         <load_address>0x25ada</load_address>
         <run_address>0x25ada</run_address>
         <size>0xa0</size>
         <input_file_ref idref="fl-28"/>
      </object_component>
      <object_component id="oc-e9">
         <name>.text</name>
         <load_address>0x25b7a</load_address>
         <run_address>0x25b7a</run_address>
         <size>0x79</size>
         <input_file_ref idref="fl-33"/>
      </object_component>
      <object_component id="oc-126">
         <name>.text</name>
         <load_address>0x25bf3</load_address>
         <run_address>0x25bf3</run_address>
         <size>0x76</size>
         <input_file_ref idref="fl-41"/>
      </object_component>
      <object_component id="oc-11b">
         <name>.text</name>
         <load_address>0x25c69</load_address>
         <run_address>0x25c69</run_address>
         <size>0x76</size>
         <input_file_ref idref="fl-3f"/>
      </object_component>
      <object_component id="oc-d5">
         <name>.text</name>
         <load_address>0x25cdf</load_address>
         <run_address>0x25cdf</run_address>
         <size>0x73</size>
         <input_file_ref idref="fl-2e"/>
      </object_component>
      <object_component id="oc-fd">
         <name>.text</name>
         <load_address>0x25d52</load_address>
         <run_address>0x25d52</run_address>
         <size>0x70</size>
         <input_file_ref idref="fl-38"/>
      </object_component>
      <object_component id="oc-c8">
         <name>.text</name>
         <load_address>0x25dc2</load_address>
         <run_address>0x25dc2</run_address>
         <size>0x6e</size>
         <input_file_ref idref="fl-2b"/>
      </object_component>
      <object_component id="oc-5c">
         <name>.text</name>
         <load_address>0x25e30</load_address>
         <run_address>0x25e30</run_address>
         <size>0x6b</size>
         <input_file_ref idref="fl-13"/>
      </object_component>
      <object_component id="oc-88">
         <name>.text</name>
         <load_address>0x25e9b</load_address>
         <run_address>0x25e9b</run_address>
         <size>0x6b</size>
         <input_file_ref idref="fl-1c"/>
      </object_component>
      <object_component id="oc-d9">
         <name>.text</name>
         <load_address>0x25f06</load_address>
         <run_address>0x25f06</run_address>
         <size>0x68</size>
         <input_file_ref idref="fl-2f"/>
      </object_component>
      <object_component id="oc-cc">
         <name>.text</name>
         <load_address>0x25f6e</load_address>
         <run_address>0x25f6e</run_address>
         <size>0x67</size>
         <input_file_ref idref="fl-2c"/>
      </object_component>
      <object_component id="oc-a6">
         <name>.text</name>
         <load_address>0x25fd5</load_address>
         <run_address>0x25fd5</run_address>
         <size>0x59</size>
         <input_file_ref idref="fl-22"/>
      </object_component>
      <object_component id="oc-7b">
         <name>.text</name>
         <load_address>0x2602e</load_address>
         <run_address>0x2602e</run_address>
         <size>0x56</size>
         <input_file_ref idref="fl-19"/>
      </object_component>
      <object_component id="oc-46">
         <name>.text</name>
         <load_address>0x26084</load_address>
         <run_address>0x26084</run_address>
         <size>0x54</size>
         <input_file_ref idref="fl-a"/>
      </object_component>
      <object_component id="oc-7f">
         <name>.text</name>
         <load_address>0x260d8</load_address>
         <run_address>0x260d8</run_address>
         <size>0x4e</size>
         <input_file_ref idref="fl-1a"/>
      </object_component>
      <object_component id="oc-aa">
         <name>.text</name>
         <load_address>0x26126</load_address>
         <run_address>0x26126</run_address>
         <size>0x4d</size>
         <input_file_ref idref="fl-23"/>
      </object_component>
      <object_component id="oc-f9">
         <name>.text</name>
         <load_address>0x26173</load_address>
         <run_address>0x26173</run_address>
         <size>0x4b</size>
         <input_file_ref idref="fl-37"/>
      </object_component>
      <object_component id="oc-a2">
         <name>.text</name>
         <load_address>0x261be</load_address>
         <run_address>0x261be</run_address>
         <size>0x49</size>
         <input_file_ref idref="fl-21"/>
      </object_component>
      <object_component id="oc-111">
         <name>.text</name>
         <load_address>0x26207</load_address>
         <run_address>0x26207</run_address>
         <size>0x48</size>
         <input_file_ref idref="fl-3d"/>
      </object_component>
      <object_component id="oc-69">
         <name>.text</name>
         <load_address>0x2624f</load_address>
         <run_address>0x2624f</run_address>
         <size>0x3e</size>
         <input_file_ref idref="fl-16"/>
      </object_component>
      <object_component id="oc-10">
         <name>.text</name>
         <load_address>0x2628d</load_address>
         <run_address>0x2628d</run_address>
         <size>0x34</size>
         <input_file_ref idref="fl-15"/>
      </object_component>
      <object_component id="oc-c4">
         <name>.text</name>
         <load_address>0x262c1</load_address>
         <run_address>0x262c1</run_address>
         <size>0x2a</size>
         <input_file_ref idref="fl-2a"/>
      </object_component>
      <object_component id="oc-109">
         <name>.text</name>
         <load_address>0x262eb</load_address>
         <run_address>0x262eb</run_address>
         <size>0x2a</size>
         <input_file_ref idref="fl-3b"/>
      </object_component>
      <object_component id="oc-ed">
         <name>.text</name>
         <load_address>0x26315</load_address>
         <run_address>0x26315</run_address>
         <size>0x22</size>
         <input_file_ref idref="fl-34"/>
      </object_component>
      <object_component id="oc-41">
         <name>.text</name>
         <load_address>0x26337</load_address>
         <run_address>0x26337</run_address>
         <size>0x1c</size>
         <input_file_ref idref="fl-9"/>
      </object_component>
      <object_component id="oc-dd">
         <name>.text</name>
         <load_address>0x26353</load_address>
         <run_address>0x26353</run_address>
         <size>0x1a</size>
         <input_file_ref idref="fl-30"/>
      </object_component>
      <object_component id="oc-105">
         <name>.text</name>
         <load_address>0x2636d</load_address>
         <run_address>0x2636d</run_address>
         <size>0x14</size>
         <input_file_ref idref="fl-3a"/>
      </object_component>
      <object_component id="oc-e5">
         <name>.text</name>
         <load_address>0x26381</load_address>
         <run_address>0x26381</run_address>
         <size>0x13</size>
         <input_file_ref idref="fl-32"/>
      </object_component>
      <object_component id="oc-96">
         <name>.text</name>
         <load_address>0x26394</load_address>
         <run_address>0x26394</run_address>
         <size>0x12</size>
         <input_file_ref idref="fl-1f"/>
      </object_component>
      <object_component id="oc-f5">
         <name>.text</name>
         <load_address>0x263a6</load_address>
         <run_address>0x263a6</run_address>
         <size>0x10</size>
         <input_file_ref idref="fl-36"/>
      </object_component>
      <object_component id="oc-12a">
         <name>.text</name>
         <load_address>0x263b6</load_address>
         <run_address>0x263b6</run_address>
         <size>0xa</size>
         <input_file_ref idref="fl-42"/>
      </object_component>
      <object_component id="oc-6d">
         <name>.text:CIO_breakpoint</name>
         <load_address>0x263c0</load_address>
         <run_address>0x263c0</run_address>
         <size>0x7</size>
         <input_file_ref idref="fl-16"/>
      </object_component>
      <object_component id="oc-8e">
         <name>.text</name>
         <load_address>0x263c7</load_address>
         <run_address>0x263c7</run_address>
         <size>0x2</size>
         <input_file_ref idref="fl-1d"/>
      </object_component>
      <object_component id="oc-65">
         <name>.stack</name>
         <uninitialized>true</uninitialized>
         <run_address>0xc0</run_address>
         <size>0x0</size>
         <input_file_ref idref="fl-15"/>
      </object_component>
      <object_component id="oc-148">
         <name>.stack</name>
         <uninitialized>true</uninitialized>
         <run_address>0xc0</run_address>
         <size>0x0</size>
      </object_component>
      <object_component id="oc-12e">
         <name>.sysstack</name>
         <uninitialized>true</uninitialized>
         <run_address>0x20c0</run_address>
         <size>0x0</size>
         <input_file_ref idref="fl-15"/>
      </object_component>
      <object_component id="oc-14a">
         <name>.sysstack</name>
         <uninitialized>true</uninitialized>
         <run_address>0x20c0</run_address>
         <size>0x0</size>
      </object_component>
      <object_component id="oc-2c">
         <name>.bss</name>
         <uninitialized>true</uninitialized>
         <run_address>0x50c0</run_address>
         <size>0x12f4</size>
         <input_file_ref idref="fl-6"/>
      </object_component>
      <object_component id="oc-34">
         <name>.bss</name>
         <uninitialized>true</uninitialized>
         <run_address>0x63b4</run_address>
         <size>0x544</size>
         <input_file_ref idref="fl-7"/>
      </object_component>
      <object_component id="oc-b4">
         <name>.bss</name>
         <uninitialized>true</uninitialized>
         <run_address>0x68f8</run_address>
         <size>0x232</size>
         <input_file_ref idref="fl-26"/>
      </object_component>
      <object_component id="oc-84">
         <name>.bss</name>
         <uninitialized>true</uninitialized>
         <run_address>0x6b2a</run_address>
         <size>0x1a0</size>
         <input_file_ref idref="fl-1b"/>
      </object_component>
      <object_component id="oc-116">
         <name>.bss</name>
         <uninitialized>true</uninitialized>
         <run_address>0x6cca</run_address>
         <size>0x2</size>
         <input_file_ref idref="fl-3e"/>
      </object_component>
      <object_component id="oc-76">
         <name>.bss</name>
         <uninitialized>true</uninitialized>
         <run_address>0x6ccc</run_address>
         <size>0xe2</size>
         <input_file_ref idref="fl-18"/>
      </object_component>
      <object_component id="oc-51">
         <name>.bss</name>
         <uninitialized>true</uninitialized>
         <run_address>0x6dae</run_address>
         <size>0x2</size>
         <input_file_ref idref="fl-c"/>
      </object_component>
      <object_component id="oc-13">
         <name>.bss</name>
         <uninitialized>true</uninitialized>
         <run_address>0x6db0</run_address>
         <size>0x6c</size>
         <input_file_ref idref="fl-2"/>
      </object_component>
      <object_component id="oc-3b">
         <name>.bss</name>
         <uninitialized>true</uninitialized>
         <run_address>0x6e1c</run_address>
         <size>0x18</size>
         <input_file_ref idref="fl-8"/>
      </object_component>
      <object_component id="oc-120">
         <name>.bss</name>
         <uninitialized>true</uninitialized>
         <run_address>0x6e34</run_address>
         <size>0xe</size>
         <input_file_ref idref="fl-40"/>
      </object_component>
      <object_component id="oc-97">
         <name>.bss</name>
         <uninitialized>true</uninitialized>
         <run_address>0x6e44</run_address>
         <size>0x8</size>
         <input_file_ref idref="fl-1f"/>
      </object_component>
      <object_component id="oc-6a">
         <name>.bss</name>
         <uninitialized>true</uninitialized>
         <run_address>0x6e4c</run_address>
         <size>0x8</size>
         <input_file_ref idref="fl-16"/>
      </object_component>
      <object_component id="oc-1b">
         <name>.bss</name>
         <uninitialized>true</uninitialized>
         <run_address>0x6e54</run_address>
         <size>0x4</size>
         <input_file_ref idref="fl-3"/>
      </object_component>
      <object_component id="oc-16">
         <name>.const:.string</name>
         <load_address>0x6e58</load_address>
         <run_address>0x6e58</run_address>
         <size>0x46c</size>
         <input_file_ref idref="fl-2"/>
      </object_component>
      <object_component id="oc-2f">
         <name>.const:.string</name>
         <load_address>0x72c4</load_address>
         <run_address>0x72c4</run_address>
         <size>0x46c</size>
         <input_file_ref idref="fl-6"/>
      </object_component>
      <object_component id="oc-22">
         <name>.const:.string</name>
         <load_address>0x7730</load_address>
         <run_address>0x7730</run_address>
         <size>0x2e8</size>
         <input_file_ref idref="fl-4"/>
      </object_component>
      <object_component id="oc-12f">
         <name>.const:__ctypes_</name>
         <load_address>0x7a18</load_address>
         <run_address>0x7a18</run_address>
         <size>0x202</size>
         <input_file_ref idref="fl-25"/>
      </object_component>
      <object_component id="oc-9f">
         <name>.const:.string</name>
         <load_address>0x7c1c</load_address>
         <run_address>0x7c1c</run_address>
         <size>0x48</size>
         <input_file_ref idref="fl-20"/>
      </object_component>
      <object_component id="oc-9e">
         <name>.const</name>
         <load_address>0x7c64</load_address>
         <run_address>0x7c64</run_address>
         <size>0x18</size>
         <input_file_ref idref="fl-20"/>
      </object_component>
      <object_component id="oc-130">
         <name>.const:_initial_approx$1</name>
         <load_address>0x7c7c</load_address>
         <run_address>0x7c7c</run_address>
         <size>0x10</size>
         <input_file_ref idref="fl-27"/>
      </object_component>
      <object_component id="oc-72">
         <name>.const:.string</name>
         <load_address>0x7c8c</load_address>
         <run_address>0x7c8c</run_address>
         <size>0x4</size>
         <input_file_ref idref="fl-17"/>
      </object_component>
      <object_component id="oc-ce">
         <name>.const</name>
         <load_address>0x7c90</load_address>
         <run_address>0x7c90</run_address>
         <size>0x4</size>
         <input_file_ref idref="fl-2c"/>
      </object_component>
      <object_component id="oc-123">
         <name>.sysmem</name>
         <uninitialized>true</uninitialized>
         <run_address>0x30c0</run_address>
         <size>0x0</size>
         <input_file_ref idref="fl-40"/>
      </object_component>
      <object_component id="oc-149">
         <name>.sysmem</name>
         <uninitialized>true</uninitialized>
         <run_address>0x30c0</run_address>
         <size>0x0</size>
      </object_component>
      <object_component id="oc-36">
         <name>.cinit</name>
         <load_address>0x40000</load_address>
         <run_address>0x40000</run_address>
         <size>0x556</size>
         <input_file_ref idref="fl-7"/>
      </object_component>
      <object_component id="oc-2e">
         <name>.cinit</name>
         <load_address>0x40556</load_address>
         <run_address>0x40556</run_address>
         <size>0x378</size>
         <input_file_ref idref="fl-6"/>
      </object_component>
      <object_component id="oc-15">
         <name>.cinit</name>
         <load_address>0x408ce</load_address>
         <run_address>0x408ce</run_address>
         <size>0x8c</size>
         <input_file_ref idref="fl-2"/>
      </object_component>
      <object_component id="oc-78">
         <name>.cinit</name>
         <load_address>0x4095a</load_address>
         <run_address>0x4095a</run_address>
         <size>0x5a</size>
         <input_file_ref idref="fl-18"/>
      </object_component>
      <object_component id="oc-b6">
         <name>.cinit</name>
         <load_address>0x409b4</load_address>
         <run_address>0x409b4</run_address>
         <size>0x54</size>
         <input_file_ref idref="fl-26"/>
      </object_component>
      <object_component id="oc-3d">
         <name>.cinit</name>
         <load_address>0x40a08</load_address>
         <run_address>0x40a08</run_address>
         <size>0x48</size>
         <input_file_ref idref="fl-8"/>
      </object_component>
      <object_component id="oc-99">
         <name>.cinit</name>
         <load_address>0x40a50</load_address>
         <run_address>0x40a50</run_address>
         <size>0x14</size>
         <input_file_ref idref="fl-1f"/>
      </object_component>
      <object_component id="oc-6c">
         <name>.cinit</name>
         <load_address>0x40a64</load_address>
         <run_address>0x40a64</run_address>
         <size>0x14</size>
         <input_file_ref idref="fl-16"/>
      </object_component>
      <object_component id="oc-118">
         <name>.cinit</name>
         <load_address>0x40a78</load_address>
         <run_address>0x40a78</run_address>
         <size>0x8</size>
         <input_file_ref idref="fl-3e"/>
      </object_component>
      <object_component id="oc-122">
         <name>.cinit</name>
         <load_address>0x40a80</load_address>
         <run_address>0x40a80</run_address>
         <size>0x8</size>
         <input_file_ref idref="fl-40"/>
      </object_component>
      <object_component id="oc-53">
         <name>.cinit</name>
         <load_address>0x40a88</load_address>
         <run_address>0x40a88</run_address>
         <size>0x8</size>
         <input_file_ref idref="fl-c"/>
      </object_component>
      <object_component id="oc-8a">
         <name>.cio</name>
         <uninitialized>true</uninitialized>
         <run_address>0x40a98</run_address>
         <size>0x240</size>
         <input_file_ref idref="fl-1c"/>
      </object_component>
      <object_component id="oc-11">
         <name>vectors</name>
         <load_address>0x4fe00</load_address>
         <run_address>0x4fe00</run_address>
         <size>0x100</size>
         <input_file_ref idref="fl-1d"/>
      </object_component>
      <object_component id="oc-14">
         <name>.debug_info</name>
         <load_address>0x0</load_address>
         <run_address>0x0</run_address>
         <size>0x1179</size>
         <input_file_ref idref="fl-2"/>
      </object_component>
      <object_component id="oc-1c">
         <name>.debug_info</name>
         <load_address>0x1179</load_address>
         <run_address>0x1179</run_address>
         <size>0xc7f</size>
         <input_file_ref idref="fl-3"/>
      </object_component>
      <object_component id="oc-21">
         <name>.debug_info</name>
         <load_address>0x1df8</load_address>
         <run_address>0x1df8</run_address>
         <size>0xe5e</size>
         <input_file_ref idref="fl-4"/>
      </object_component>
      <object_component id="oc-27">
         <name>.debug_info</name>
         <load_address>0x2c56</load_address>
         <run_address>0x2c56</run_address>
         <size>0xb87</size>
         <input_file_ref idref="fl-5"/>
      </object_component>
      <object_component id="oc-2d">
         <name>.debug_info</name>
         <load_address>0x37dd</load_address>
         <run_address>0x37dd</run_address>
         <size>0xf74</size>
         <input_file_ref idref="fl-6"/>
      </object_component>
      <object_component id="oc-35">
         <name>.debug_info</name>
         <load_address>0x4751</load_address>
         <run_address>0x4751</run_address>
         <size>0x1d3c</size>
         <input_file_ref idref="fl-7"/>
      </object_component>
      <object_component id="oc-3c">
         <name>.debug_info</name>
         <load_address>0x648d</load_address>
         <run_address>0x648d</run_address>
         <size>0x703</size>
         <input_file_ref idref="fl-8"/>
      </object_component>
      <object_component id="oc-42">
         <name>.debug_info</name>
         <load_address>0x6b90</load_address>
         <run_address>0x6b90</run_address>
         <size>0x56b</size>
         <input_file_ref idref="fl-9"/>
      </object_component>
      <object_component id="oc-47">
         <name>.debug_info</name>
         <load_address>0x70fb</load_address>
         <run_address>0x70fb</run_address>
         <size>0x66d</size>
         <input_file_ref idref="fl-a"/>
      </object_component>
      <object_component id="oc-4c">
         <name>.debug_info</name>
         <load_address>0x7768</load_address>
         <run_address>0x7768</run_address>
         <size>0x7fb</size>
         <input_file_ref idref="fl-b"/>
      </object_component>
      <object_component id="oc-52">
         <name>.debug_info</name>
         <load_address>0x7f63</load_address>
         <run_address>0x7f63</run_address>
         <size>0xb89</size>
         <input_file_ref idref="fl-c"/>
      </object_component>
      <object_component id="oc-58">
         <name>.debug_info</name>
         <load_address>0x8aec</load_address>
         <run_address>0x8aec</run_address>
         <size>0xe78</size>
         <input_file_ref idref="fl-d"/>
      </object_component>
      <object_component id="oc-5d">
         <name>.debug_info</name>
         <load_address>0x9964</load_address>
         <run_address>0x9964</run_address>
         <size>0xe3</size>
         <input_file_ref idref="fl-13"/>
      </object_component>
      <object_component id="oc-61">
         <name>.debug_info</name>
         <load_address>0x9a47</load_address>
         <run_address>0x9a47</run_address>
         <size>0x5ff3</size>
         <input_file_ref idref="fl-14"/>
      </object_component>
      <object_component id="oc-66">
         <name>.debug_info</name>
         <load_address>0xfa3a</load_address>
         <run_address>0xfa3a</run_address>
         <size>0xe8</size>
         <input_file_ref idref="fl-15"/>
      </object_component>
      <object_component id="oc-6b">
         <name>.debug_info</name>
         <load_address>0xfb22</load_address>
         <run_address>0xfb22</run_address>
         <size>0x5fb</size>
         <input_file_ref idref="fl-16"/>
      </object_component>
      <object_component id="oc-71">
         <name>.debug_info</name>
         <load_address>0x1011d</load_address>
         <run_address>0x1011d</run_address>
         <size>0x942</size>
         <input_file_ref idref="fl-17"/>
      </object_component>
      <object_component id="oc-77">
         <name>.debug_info</name>
         <load_address>0x10a5f</load_address>
         <run_address>0x10a5f</run_address>
         <size>0x144b</size>
         <input_file_ref idref="fl-18"/>
      </object_component>
      <object_component id="oc-7c">
         <name>.debug_info</name>
         <load_address>0x11eaa</load_address>
         <run_address>0x11eaa</run_address>
         <size>0xd1</size>
         <input_file_ref idref="fl-19"/>
      </object_component>
      <object_component id="oc-80">
         <name>.debug_info</name>
         <load_address>0x11f7b</load_address>
         <run_address>0x11f7b</run_address>
         <size>0x76c</size>
         <input_file_ref idref="fl-1a"/>
      </object_component>
      <object_component id="oc-85">
         <name>.debug_info</name>
         <load_address>0x126e7</load_address>
         <run_address>0x126e7</run_address>
         <size>0xed4</size>
         <input_file_ref idref="fl-1b"/>
      </object_component>
      <object_component id="oc-89">
         <name>.debug_info</name>
         <load_address>0x135bb</load_address>
         <run_address>0x135bb</run_address>
         <size>0x744</size>
         <input_file_ref idref="fl-1c"/>
      </object_component>
      <object_component id="oc-8f">
         <name>.debug_info</name>
         <load_address>0x13cff</load_address>
         <run_address>0x13cff</run_address>
         <size>0xbc</size>
         <input_file_ref idref="fl-1d"/>
      </object_component>
      <object_component id="oc-93">
         <name>.debug_info</name>
         <load_address>0x13dbb</load_address>
         <run_address>0x13dbb</run_address>
         <size>0x662</size>
         <input_file_ref idref="fl-1e"/>
      </object_component>
      <object_component id="oc-98">
         <name>.debug_info</name>
         <load_address>0x1441d</load_address>
         <run_address>0x1441d</run_address>
         <size>0x5bc</size>
         <input_file_ref idref="fl-1f"/>
      </object_component>
      <object_component id="oc-9d">
         <name>.debug_info</name>
         <load_address>0x149d9</load_address>
         <run_address>0x149d9</run_address>
         <size>0x27bd</size>
         <input_file_ref idref="fl-20"/>
      </object_component>
      <object_component id="oc-a3">
         <name>.debug_info</name>
         <load_address>0x17196</load_address>
         <run_address>0x17196</run_address>
         <size>0x586</size>
         <input_file_ref idref="fl-21"/>
      </object_component>
      <object_component id="oc-a7">
         <name>.debug_info</name>
         <load_address>0x1771c</load_address>
         <run_address>0x1771c</run_address>
         <size>0x5a4</size>
         <input_file_ref idref="fl-22"/>
      </object_component>
      <object_component id="oc-ab">
         <name>.debug_info</name>
         <load_address>0x17cc0</load_address>
         <run_address>0x17cc0</run_address>
         <size>0xcd</size>
         <input_file_ref idref="fl-23"/>
      </object_component>
      <object_component id="oc-af">
         <name>.debug_info</name>
         <load_address>0x17d8d</load_address>
         <run_address>0x17d8d</run_address>
         <size>0x81f</size>
         <input_file_ref idref="fl-24"/>
      </object_component>
      <object_component id="oc-b2">
         <name>.debug_info</name>
         <load_address>0x185ac</load_address>
         <run_address>0x185ac</run_address>
         <size>0x498</size>
         <input_file_ref idref="fl-25"/>
      </object_component>
      <object_component id="oc-b5">
         <name>.debug_info</name>
         <load_address>0x18a44</load_address>
         <run_address>0x18a44</run_address>
         <size>0x57e</size>
         <input_file_ref idref="fl-26"/>
      </object_component>
      <object_component id="oc-b9">
         <name>.debug_info</name>
         <load_address>0x18fc2</load_address>
         <run_address>0x18fc2</run_address>
         <size>0x7e8</size>
         <input_file_ref idref="fl-27"/>
      </object_component>
      <object_component id="oc-bd">
         <name>.debug_info</name>
         <load_address>0x197aa</load_address>
         <run_address>0x197aa</run_address>
         <size>0x534</size>
         <input_file_ref idref="fl-28"/>
      </object_component>
      <object_component id="oc-c1">
         <name>.debug_info</name>
         <load_address>0x19cde</load_address>
         <run_address>0x19cde</run_address>
         <size>0x706</size>
         <input_file_ref idref="fl-29"/>
      </object_component>
      <object_component id="oc-c5">
         <name>.debug_info</name>
         <load_address>0x1a3e4</load_address>
         <run_address>0x1a3e4</run_address>
         <size>0x4cf</size>
         <input_file_ref idref="fl-2a"/>
      </object_component>
      <object_component id="oc-c9">
         <name>.debug_info</name>
         <load_address>0x1a8b3</load_address>
         <run_address>0x1a8b3</run_address>
         <size>0x534</size>
         <input_file_ref idref="fl-2b"/>
      </object_component>
      <object_component id="oc-cd">
         <name>.debug_info</name>
         <load_address>0x1ade7</load_address>
         <run_address>0x1ade7</run_address>
         <size>0x549</size>
         <input_file_ref idref="fl-2c"/>
      </object_component>
      <object_component id="oc-d2">
         <name>.debug_info</name>
         <load_address>0x1b330</load_address>
         <run_address>0x1b330</run_address>
         <size>0x6aa</size>
         <input_file_ref idref="fl-2d"/>
      </object_component>
      <object_component id="oc-d6">
         <name>.debug_info</name>
         <load_address>0x1b9da</load_address>
         <run_address>0x1b9da</run_address>
         <size>0x53e</size>
         <input_file_ref idref="fl-2e"/>
      </object_component>
      <object_component id="oc-da">
         <name>.debug_info</name>
         <load_address>0x1bf18</load_address>
         <run_address>0x1bf18</run_address>
         <size>0x5f7</size>
         <input_file_ref idref="fl-2f"/>
      </object_component>
      <object_component id="oc-de">
         <name>.debug_info</name>
         <load_address>0x1c50f</load_address>
         <run_address>0x1c50f</run_address>
         <size>0x680</size>
         <input_file_ref idref="fl-30"/>
      </object_component>
      <object_component id="oc-e2">
         <name>.debug_info</name>
         <load_address>0x1cb8f</load_address>
         <run_address>0x1cb8f</run_address>
         <size>0x7d4</size>
         <input_file_ref idref="fl-31"/>
      </object_component>
      <object_component id="oc-e6">
         <name>.debug_info</name>
         <load_address>0x1d363</load_address>
         <run_address>0x1d363</run_address>
         <size>0xbd</size>
         <input_file_ref idref="fl-32"/>
      </object_component>
      <object_component id="oc-ea">
         <name>.debug_info</name>
         <load_address>0x1d420</load_address>
         <run_address>0x1d420</run_address>
         <size>0x5ad</size>
         <input_file_ref idref="fl-33"/>
      </object_component>
      <object_component id="oc-ee">
         <name>.debug_info</name>
         <load_address>0x1d9cd</load_address>
         <run_address>0x1d9cd</run_address>
         <size>0x574</size>
         <input_file_ref idref="fl-34"/>
      </object_component>
      <object_component id="oc-f2">
         <name>.debug_info</name>
         <load_address>0x1df41</load_address>
         <run_address>0x1df41</run_address>
         <size>0x55b</size>
         <input_file_ref idref="fl-35"/>
      </object_component>
      <object_component id="oc-f6">
         <name>.debug_info</name>
         <load_address>0x1e49c</load_address>
         <run_address>0x1e49c</run_address>
         <size>0x4b7</size>
         <input_file_ref idref="fl-36"/>
      </object_component>
      <object_component id="oc-fa">
         <name>.debug_info</name>
         <load_address>0x1e953</load_address>
         <run_address>0x1e953</run_address>
         <size>0x4f2</size>
         <input_file_ref idref="fl-37"/>
      </object_component>
      <object_component id="oc-fe">
         <name>.debug_info</name>
         <load_address>0x1ee45</load_address>
         <run_address>0x1ee45</run_address>
         <size>0x534</size>
         <input_file_ref idref="fl-38"/>
      </object_component>
      <object_component id="oc-102">
         <name>.debug_info</name>
         <load_address>0x1f379</load_address>
         <run_address>0x1f379</run_address>
         <size>0x64a</size>
         <input_file_ref idref="fl-39"/>
      </object_component>
      <object_component id="oc-106">
         <name>.debug_info</name>
         <load_address>0x1f9c3</load_address>
         <run_address>0x1f9c3</run_address>
         <size>0x4de</size>
         <input_file_ref idref="fl-3a"/>
      </object_component>
      <object_component id="oc-10a">
         <name>.debug_info</name>
         <load_address>0x1fea1</load_address>
         <run_address>0x1fea1</run_address>
         <size>0xef</size>
         <input_file_ref idref="fl-3b"/>
      </object_component>
      <object_component id="oc-10e">
         <name>.debug_info</name>
         <load_address>0x1ff90</load_address>
         <run_address>0x1ff90</run_address>
         <size>0x5ab</size>
         <input_file_ref idref="fl-3c"/>
      </object_component>
      <object_component id="oc-112">
         <name>.debug_info</name>
         <load_address>0x2053b</load_address>
         <run_address>0x2053b</run_address>
         <size>0x4f2</size>
         <input_file_ref idref="fl-3d"/>
      </object_component>
      <object_component id="oc-117">
         <name>.debug_info</name>
         <load_address>0x20a2d</load_address>
         <run_address>0x20a2d</run_address>
         <size>0xa1c</size>
         <input_file_ref idref="fl-3e"/>
      </object_component>
      <object_component id="oc-11c">
         <name>.debug_info</name>
         <load_address>0x21449</load_address>
         <run_address>0x21449</run_address>
         <size>0x4d2</size>
         <input_file_ref idref="fl-3f"/>
      </object_component>
      <object_component id="oc-121">
         <name>.debug_info</name>
         <load_address>0x2191b</load_address>
         <run_address>0x2191b</run_address>
         <size>0xba5</size>
         <input_file_ref idref="fl-40"/>
      </object_component>
      <object_component id="oc-127">
         <name>.debug_info</name>
         <load_address>0x224c0</load_address>
         <run_address>0x224c0</run_address>
         <size>0x64f</size>
         <input_file_ref idref="fl-41"/>
      </object_component>
      <object_component id="oc-12b">
         <name>.debug_info</name>
         <load_address>0x22b0f</load_address>
         <run_address>0x22b0f</run_address>
         <size>0x510</size>
         <input_file_ref idref="fl-42"/>
      </object_component>
      <object_component id="oc-151">
         <name>.debug_info</name>
         <load_address>0x2301f</load_address>
         <run_address>0x2301f</run_address>
         <size>0x6e</size>
      </object_component>
      <object_component id="oc-17">
         <name>.debug_frame</name>
         <load_address>0x0</load_address>
         <run_address>0x0</run_address>
         <size>0x103</size>
         <input_file_ref idref="fl-2"/>
      </object_component>
      <object_component id="oc-1d">
         <name>.debug_frame</name>
         <load_address>0x103</load_address>
         <run_address>0x103</run_address>
         <size>0x172</size>
         <input_file_ref idref="fl-3"/>
      </object_component>
      <object_component id="oc-23">
         <name>.debug_frame</name>
         <load_address>0x275</load_address>
         <run_address>0x275</run_address>
         <size>0x103</size>
         <input_file_ref idref="fl-4"/>
      </object_component>
      <object_component id="oc-28">
         <name>.debug_frame</name>
         <load_address>0x378</load_address>
         <run_address>0x378</run_address>
         <size>0x13b</size>
         <input_file_ref idref="fl-5"/>
      </object_component>
      <object_component id="oc-30">
         <name>.debug_frame</name>
         <load_address>0x4b3</load_address>
         <run_address>0x4b3</run_address>
         <size>0xe3</size>
         <input_file_ref idref="fl-6"/>
      </object_component>
      <object_component id="oc-37">
         <name>.debug_frame</name>
         <load_address>0x596</load_address>
         <run_address>0x596</run_address>
         <size>0x25e</size>
         <input_file_ref idref="fl-7"/>
      </object_component>
      <object_component id="oc-3e">
         <name>.debug_frame</name>
         <load_address>0x7f4</load_address>
         <run_address>0x7f4</run_address>
         <size>0x118</size>
         <input_file_ref idref="fl-8"/>
      </object_component>
      <object_component id="oc-43">
         <name>.debug_frame</name>
         <load_address>0x90c</load_address>
         <run_address>0x90c</run_address>
         <size>0xe4</size>
         <input_file_ref idref="fl-9"/>
      </object_component>
      <object_component id="oc-48">
         <name>.debug_frame</name>
         <load_address>0x9f0</load_address>
         <run_address>0x9f0</run_address>
         <size>0x116</size>
         <input_file_ref idref="fl-a"/>
      </object_component>
      <object_component id="oc-4d">
         <name>.debug_frame</name>
         <load_address>0xb06</load_address>
         <run_address>0xb06</run_address>
         <size>0x135</size>
         <input_file_ref idref="fl-b"/>
      </object_component>
      <object_component id="oc-54">
         <name>.debug_frame</name>
         <load_address>0xc3b</load_address>
         <run_address>0xc3b</run_address>
         <size>0x14a</size>
         <input_file_ref idref="fl-c"/>
      </object_component>
      <object_component id="oc-59">
         <name>.debug_frame</name>
         <load_address>0xd85</load_address>
         <run_address>0xd85</run_address>
         <size>0x1d9</size>
         <input_file_ref idref="fl-d"/>
      </object_component>
      <object_component id="oc-62">
         <name>.debug_frame</name>
         <load_address>0xf5e</load_address>
         <run_address>0xf5e</run_address>
         <size>0x175</size>
         <input_file_ref idref="fl-14"/>
      </object_component>
      <object_component id="oc-18">
         <name>.debug_line</name>
         <load_address>0x0</load_address>
         <run_address>0x0</run_address>
         <size>0x10e</size>
         <input_file_ref idref="fl-2"/>
      </object_component>
      <object_component id="oc-1e">
         <name>.debug_line</name>
         <load_address>0x10e</load_address>
         <run_address>0x10e</run_address>
         <size>0xfe</size>
         <input_file_ref idref="fl-3"/>
      </object_component>
      <object_component id="oc-24">
         <name>.debug_line</name>
         <load_address>0x20c</load_address>
         <run_address>0x20c</run_address>
         <size>0x20e</size>
         <input_file_ref idref="fl-4"/>
      </object_component>
      <object_component id="oc-29">
         <name>.debug_line</name>
         <load_address>0x41a</load_address>
         <run_address>0x41a</run_address>
         <size>0x1a9</size>
         <input_file_ref idref="fl-5"/>
      </object_component>
      <object_component id="oc-31">
         <name>.debug_line</name>
         <load_address>0x5c3</load_address>
         <run_address>0x5c3</run_address>
         <size>0x177</size>
         <input_file_ref idref="fl-6"/>
      </object_component>
      <object_component id="oc-38">
         <name>.debug_line</name>
         <load_address>0x73a</load_address>
         <run_address>0x73a</run_address>
         <size>0x513</size>
         <input_file_ref idref="fl-7"/>
      </object_component>
      <object_component id="oc-3f">
         <name>.debug_line</name>
         <load_address>0xc4d</load_address>
         <run_address>0xc4d</run_address>
         <size>0x1d5</size>
         <input_file_ref idref="fl-8"/>
      </object_component>
      <object_component id="oc-44">
         <name>.debug_line</name>
         <load_address>0xe22</load_address>
         <run_address>0xe22</run_address>
         <size>0x44</size>
         <input_file_ref idref="fl-9"/>
      </object_component>
      <object_component id="oc-49">
         <name>.debug_line</name>
         <load_address>0xe66</load_address>
         <run_address>0xe66</run_address>
         <size>0x83</size>
         <input_file_ref idref="fl-a"/>
      </object_component>
      <object_component id="oc-4e">
         <name>.debug_line</name>
         <load_address>0xee9</load_address>
         <run_address>0xee9</run_address>
         <size>0xdd</size>
         <input_file_ref idref="fl-b"/>
      </object_component>
      <object_component id="oc-55">
         <name>.debug_line</name>
         <load_address>0xfc6</load_address>
         <run_address>0xfc6</run_address>
         <size>0x122</size>
         <input_file_ref idref="fl-c"/>
      </object_component>
      <object_component id="oc-5a">
         <name>.debug_line</name>
         <load_address>0x10e8</load_address>
         <run_address>0x10e8</run_address>
         <size>0x179</size>
         <input_file_ref idref="fl-d"/>
      </object_component>
      <object_component id="oc-5e">
         <name>.debug_line</name>
         <load_address>0x1261</load_address>
         <run_address>0x1261</run_address>
         <size>0x51</size>
         <input_file_ref idref="fl-13"/>
      </object_component>
      <object_component id="oc-63">
         <name>.debug_line</name>
         <load_address>0x12b2</load_address>
         <run_address>0x12b2</run_address>
         <size>0x2dd</size>
         <input_file_ref idref="fl-14"/>
      </object_component>
      <object_component id="oc-67">
         <name>.debug_line</name>
         <load_address>0x158f</load_address>
         <run_address>0x158f</run_address>
         <size>0x54</size>
         <input_file_ref idref="fl-15"/>
      </object_component>
      <object_component id="oc-6e">
         <name>.debug_line</name>
         <load_address>0x15e3</load_address>
         <run_address>0x15e3</run_address>
         <size>0x51</size>
         <input_file_ref idref="fl-16"/>
      </object_component>
      <object_component id="oc-73">
         <name>.debug_line</name>
         <load_address>0x1634</load_address>
         <run_address>0x1634</run_address>
         <size>0xa6</size>
         <input_file_ref idref="fl-17"/>
      </object_component>
      <object_component id="oc-79">
         <name>.debug_line</name>
         <load_address>0x16da</load_address>
         <run_address>0x16da</run_address>
         <size>0x1b0</size>
         <input_file_ref idref="fl-18"/>
      </object_component>
      <object_component id="oc-7d">
         <name>.debug_line</name>
         <load_address>0x188a</load_address>
         <run_address>0x188a</run_address>
         <size>0x54</size>
         <input_file_ref idref="fl-19"/>
      </object_component>
      <object_component id="oc-81">
         <name>.debug_line</name>
         <load_address>0x18de</load_address>
         <run_address>0x18de</run_address>
         <size>0x69</size>
         <input_file_ref idref="fl-1a"/>
      </object_component>
      <object_component id="oc-86">
         <name>.debug_line</name>
         <load_address>0x1947</load_address>
         <run_address>0x1947</run_address>
         <size>0x15e</size>
         <input_file_ref idref="fl-1b"/>
      </object_component>
      <object_component id="oc-8c">
         <name>.debug_line</name>
         <load_address>0x1aa5</load_address>
         <run_address>0x1aa5</run_address>
         <size>0x6a</size>
         <input_file_ref idref="fl-1c"/>
      </object_component>
      <object_component id="oc-90">
         <name>.debug_line</name>
         <load_address>0x1b0f</load_address>
         <run_address>0x1b0f</run_address>
         <size>0x37</size>
         <input_file_ref idref="fl-1d"/>
      </object_component>
      <object_component id="oc-94">
         <name>.debug_line</name>
         <load_address>0x1b46</load_address>
         <run_address>0x1b46</run_address>
         <size>0x57</size>
         <input_file_ref idref="fl-1e"/>
      </object_component>
      <object_component id="oc-9a">
         <name>.debug_line</name>
         <load_address>0x1b9d</load_address>
         <run_address>0x1b9d</run_address>
         <size>0x57</size>
         <input_file_ref idref="fl-1f"/>
      </object_component>
      <object_component id="oc-a0">
         <name>.debug_line</name>
         <load_address>0x1bf4</load_address>
         <run_address>0x1bf4</run_address>
         <size>0x328</size>
         <input_file_ref idref="fl-20"/>
      </object_component>
      <object_component id="oc-a4">
         <name>.debug_line</name>
         <load_address>0x1f1c</load_address>
         <run_address>0x1f1c</run_address>
         <size>0x41</size>
         <input_file_ref idref="fl-21"/>
      </object_component>
      <object_component id="oc-a8">
         <name>.debug_line</name>
         <load_address>0x1f5d</load_address>
         <run_address>0x1f5d</run_address>
         <size>0x46</size>
         <input_file_ref idref="fl-22"/>
      </object_component>
      <object_component id="oc-ac">
         <name>.debug_line</name>
         <load_address>0x1fa3</load_address>
         <run_address>0x1fa3</run_address>
         <size>0x55</size>
         <input_file_ref idref="fl-23"/>
      </object_component>
      <object_component id="oc-b0">
         <name>.debug_line</name>
         <load_address>0x1ff8</load_address>
         <run_address>0x1ff8</run_address>
         <size>0xad</size>
         <input_file_ref idref="fl-24"/>
      </object_component>
      <object_component id="oc-ba">
         <name>.debug_line</name>
         <load_address>0x20a5</load_address>
         <run_address>0x20a5</run_address>
         <size>0x5b</size>
         <input_file_ref idref="fl-27"/>
      </object_component>
      <object_component id="oc-be">
         <name>.debug_line</name>
         <load_address>0x2100</load_address>
         <run_address>0x2100</run_address>
         <size>0x44</size>
         <input_file_ref idref="fl-28"/>
      </object_component>
      <object_component id="oc-c2">
         <name>.debug_line</name>
         <load_address>0x2144</load_address>
         <run_address>0x2144</run_address>
         <size>0x5b</size>
         <input_file_ref idref="fl-29"/>
      </object_component>
      <object_component id="oc-c6">
         <name>.debug_line</name>
         <load_address>0x219f</load_address>
         <run_address>0x219f</run_address>
         <size>0x3d</size>
         <input_file_ref idref="fl-2a"/>
      </object_component>
      <object_component id="oc-ca">
         <name>.debug_line</name>
         <load_address>0x21dc</load_address>
         <run_address>0x21dc</run_address>
         <size>0x3d</size>
         <input_file_ref idref="fl-2b"/>
      </object_component>
      <object_component id="oc-cf">
         <name>.debug_line</name>
         <load_address>0x2219</load_address>
         <run_address>0x2219</run_address>
         <size>0x44</size>
         <input_file_ref idref="fl-2c"/>
      </object_component>
      <object_component id="oc-d3">
         <name>.debug_line</name>
         <load_address>0x225d</load_address>
         <run_address>0x225d</run_address>
         <size>0x56</size>
         <input_file_ref idref="fl-2d"/>
      </object_component>
      <object_component id="oc-d7">
         <name>.debug_line</name>
         <load_address>0x22b3</load_address>
         <run_address>0x22b3</run_address>
         <size>0x40</size>
         <input_file_ref idref="fl-2e"/>
      </object_component>
      <object_component id="oc-db">
         <name>.debug_line</name>
         <load_address>0x22f3</load_address>
         <run_address>0x22f3</run_address>
         <size>0x3c</size>
         <input_file_ref idref="fl-2f"/>
      </object_component>
      <object_component id="oc-df">
         <name>.debug_line</name>
         <load_address>0x232f</load_address>
         <run_address>0x232f</run_address>
         <size>0x38</size>
         <input_file_ref idref="fl-30"/>
      </object_component>
      <object_component id="oc-e3">
         <name>.debug_line</name>
         <load_address>0x2367</load_address>
         <run_address>0x2367</run_address>
         <size>0xa8</size>
         <input_file_ref idref="fl-31"/>
      </object_component>
      <object_component id="oc-e7">
         <name>.debug_line</name>
         <load_address>0x240f</load_address>
         <run_address>0x240f</run_address>
         <size>0x3c</size>
         <input_file_ref idref="fl-32"/>
      </object_component>
      <object_component id="oc-eb">
         <name>.debug_line</name>
         <load_address>0x244b</load_address>
         <run_address>0x244b</run_address>
         <size>0x40</size>
         <input_file_ref idref="fl-33"/>
      </object_component>
      <object_component id="oc-ef">
         <name>.debug_line</name>
         <load_address>0x248b</load_address>
         <run_address>0x248b</run_address>
         <size>0x3a</size>
         <input_file_ref idref="fl-34"/>
      </object_component>
      <object_component id="oc-f3">
         <name>.debug_line</name>
         <load_address>0x24c5</load_address>
         <run_address>0x24c5</run_address>
         <size>0x3c</size>
         <input_file_ref idref="fl-35"/>
      </object_component>
      <object_component id="oc-f7">
         <name>.debug_line</name>
         <load_address>0x2501</load_address>
         <run_address>0x2501</run_address>
         <size>0x37</size>
         <input_file_ref idref="fl-36"/>
      </object_component>
      <object_component id="oc-fb">
         <name>.debug_line</name>
         <load_address>0x2538</load_address>
         <run_address>0x2538</run_address>
         <size>0x3c</size>
         <input_file_ref idref="fl-37"/>
      </object_component>
      <object_component id="oc-ff">
         <name>.debug_line</name>
         <load_address>0x2574</load_address>
         <run_address>0x2574</run_address>
         <size>0x44</size>
         <input_file_ref idref="fl-38"/>
      </object_component>
      <object_component id="oc-103">
         <name>.debug_line</name>
         <load_address>0x25b8</load_address>
         <run_address>0x25b8</run_address>
         <size>0x40</size>
         <input_file_ref idref="fl-39"/>
      </object_component>
      <object_component id="oc-107">
         <name>.debug_line</name>
         <load_address>0x25f8</load_address>
         <run_address>0x25f8</run_address>
         <size>0x37</size>
         <input_file_ref idref="fl-3a"/>
      </object_component>
      <object_component id="oc-10b">
         <name>.debug_line</name>
         <load_address>0x262f</load_address>
         <run_address>0x262f</run_address>
         <size>0x58</size>
         <input_file_ref idref="fl-3b"/>
      </object_component>
      <object_component id="oc-10f">
         <name>.debug_line</name>
         <load_address>0x2687</load_address>
         <run_address>0x2687</run_address>
         <size>0x5c</size>
         <input_file_ref idref="fl-3c"/>
      </object_component>
      <object_component id="oc-113">
         <name>.debug_line</name>
         <load_address>0x26e3</load_address>
         <run_address>0x26e3</run_address>
         <size>0x3c</size>
         <input_file_ref idref="fl-3d"/>
      </object_component>
      <object_component id="oc-119">
         <name>.debug_line</name>
         <load_address>0x271f</load_address>
         <run_address>0x271f</run_address>
         <size>0xd7</size>
         <input_file_ref idref="fl-3e"/>
      </object_component>
      <object_component id="oc-11d">
         <name>.debug_line</name>
         <load_address>0x27f6</load_address>
         <run_address>0x27f6</run_address>
         <size>0x3a</size>
         <input_file_ref idref="fl-3f"/>
      </object_component>
      <object_component id="oc-124">
         <name>.debug_line</name>
         <load_address>0x2830</load_address>
         <run_address>0x2830</run_address>
         <size>0x112</size>
         <input_file_ref idref="fl-40"/>
      </object_component>
      <object_component id="oc-128">
         <name>.debug_line</name>
         <load_address>0x2942</load_address>
         <run_address>0x2942</run_address>
         <size>0x3d</size>
         <input_file_ref idref="fl-41"/>
      </object_component>
      <object_component id="oc-12c">
         <name>.debug_line</name>
         <load_address>0x297f</load_address>
         <run_address>0x297f</run_address>
         <size>0x39</size>
         <input_file_ref idref="fl-42"/>
      </object_component>
      <object_component id="oc-19">
         <name>.debug_abbrev</name>
         <load_address>0x0</load_address>
         <run_address>0x0</run_address>
         <size>0x14c</size>
         <input_file_ref idref="fl-2"/>
      </object_component>
      <object_component id="oc-1f">
         <name>.debug_abbrev</name>
         <load_address>0x14c</load_address>
         <run_address>0x14c</run_address>
         <size>0x147</size>
         <input_file_ref idref="fl-3"/>
      </object_component>
      <object_component id="oc-25">
         <name>.debug_abbrev</name>
         <load_address>0x293</load_address>
         <run_address>0x293</run_address>
         <size>0xfd</size>
         <input_file_ref idref="fl-4"/>
      </object_component>
      <object_component id="oc-2a">
         <name>.debug_abbrev</name>
         <load_address>0x390</load_address>
         <run_address>0x390</run_address>
         <size>0xf4</size>
         <input_file_ref idref="fl-5"/>
      </object_component>
      <object_component id="oc-32">
         <name>.debug_abbrev</name>
         <load_address>0x484</load_address>
         <run_address>0x484</run_address>
         <size>0x128</size>
         <input_file_ref idref="fl-6"/>
      </object_component>
      <object_component id="oc-39">
         <name>.debug_abbrev</name>
         <load_address>0x5ac</load_address>
         <run_address>0x5ac</run_address>
         <size>0x174</size>
         <input_file_ref idref="fl-7"/>
      </object_component>
      <object_component id="oc-40">
         <name>.debug_abbrev</name>
         <load_address>0x720</load_address>
         <run_address>0x720</run_address>
         <size>0xf5</size>
         <input_file_ref idref="fl-8"/>
      </object_component>
      <object_component id="oc-45">
         <name>.debug_abbrev</name>
         <load_address>0x815</load_address>
         <run_address>0x815</run_address>
         <size>0x87</size>
         <input_file_ref idref="fl-9"/>
      </object_component>
      <object_component id="oc-4a">
         <name>.debug_abbrev</name>
         <load_address>0x89c</load_address>
         <run_address>0x89c</run_address>
         <size>0xe7</size>
         <input_file_ref idref="fl-a"/>
      </object_component>
      <object_component id="oc-4f">
         <name>.debug_abbrev</name>
         <load_address>0x983</load_address>
         <run_address>0x983</run_address>
         <size>0x87</size>
         <input_file_ref idref="fl-b"/>
      </object_component>
      <object_component id="oc-56">
         <name>.debug_abbrev</name>
         <load_address>0xa0a</load_address>
         <run_address>0xa0a</run_address>
         <size>0xe0</size>
         <input_file_ref idref="fl-c"/>
      </object_component>
      <object_component id="oc-5b">
         <name>.debug_abbrev</name>
         <load_address>0xaea</load_address>
         <run_address>0xaea</run_address>
         <size>0xdc</size>
         <input_file_ref idref="fl-d"/>
      </object_component>
      <object_component id="oc-5f">
         <name>.debug_abbrev</name>
         <load_address>0xbc6</load_address>
         <run_address>0xbc6</run_address>
         <size>0x2c</size>
         <input_file_ref idref="fl-13"/>
      </object_component>
      <object_component id="oc-64">
         <name>.debug_abbrev</name>
         <load_address>0xbf2</load_address>
         <run_address>0xbf2</run_address>
         <size>0x23e</size>
         <input_file_ref idref="fl-14"/>
      </object_component>
      <object_component id="oc-68">
         <name>.debug_abbrev</name>
         <load_address>0xe30</load_address>
         <run_address>0xe30</run_address>
         <size>0x3a</size>
         <input_file_ref idref="fl-15"/>
      </object_component>
      <object_component id="oc-6f">
         <name>.debug_abbrev</name>
         <load_address>0xe6a</load_address>
         <run_address>0xe6a</run_address>
         <size>0xf7</size>
         <input_file_ref idref="fl-16"/>
      </object_component>
      <object_component id="oc-74">
         <name>.debug_abbrev</name>
         <load_address>0xf61</load_address>
         <run_address>0xf61</run_address>
         <size>0x140</size>
         <input_file_ref idref="fl-17"/>
      </object_component>
      <object_component id="oc-7a">
         <name>.debug_abbrev</name>
         <load_address>0x10a1</load_address>
         <run_address>0x10a1</run_address>
         <size>0x225</size>
         <input_file_ref idref="fl-18"/>
      </object_component>
      <object_component id="oc-7e">
         <name>.debug_abbrev</name>
         <load_address>0x12c6</load_address>
         <run_address>0x12c6</run_address>
         <size>0x38</size>
         <input_file_ref idref="fl-19"/>
      </object_component>
      <object_component id="oc-82">
         <name>.debug_abbrev</name>
         <load_address>0x12fe</load_address>
         <run_address>0x12fe</run_address>
         <size>0x145</size>
         <input_file_ref idref="fl-1a"/>
      </object_component>
      <object_component id="oc-87">
         <name>.debug_abbrev</name>
         <load_address>0x1443</load_address>
         <run_address>0x1443</run_address>
         <size>0x15a</size>
         <input_file_ref idref="fl-1b"/>
      </object_component>
      <object_component id="oc-8d">
         <name>.debug_abbrev</name>
         <load_address>0x159d</load_address>
         <run_address>0x159d</run_address>
         <size>0xde</size>
         <input_file_ref idref="fl-1c"/>
      </object_component>
      <object_component id="oc-91">
         <name>.debug_abbrev</name>
         <load_address>0x167b</load_address>
         <run_address>0x167b</run_address>
         <size>0x26</size>
         <input_file_ref idref="fl-1d"/>
      </object_component>
      <object_component id="oc-95">
         <name>.debug_abbrev</name>
         <load_address>0x16a1</load_address>
         <run_address>0x16a1</run_address>
         <size>0xd1</size>
         <input_file_ref idref="fl-1e"/>
      </object_component>
      <object_component id="oc-9b">
         <name>.debug_abbrev</name>
         <load_address>0x1772</load_address>
         <run_address>0x1772</run_address>
         <size>0x9f</size>
         <input_file_ref idref="fl-1f"/>
      </object_component>
      <object_component id="oc-a1">
         <name>.debug_abbrev</name>
         <load_address>0x1811</load_address>
         <run_address>0x1811</run_address>
         <size>0x1f8</size>
         <input_file_ref idref="fl-20"/>
      </object_component>
      <object_component id="oc-a5">
         <name>.debug_abbrev</name>
         <load_address>0x1a09</load_address>
         <run_address>0x1a09</run_address>
         <size>0xec</size>
         <input_file_ref idref="fl-21"/>
      </object_component>
      <object_component id="oc-a9">
         <name>.debug_abbrev</name>
         <load_address>0x1af5</load_address>
         <run_address>0x1af5</run_address>
         <size>0xd5</size>
         <input_file_ref idref="fl-22"/>
      </object_component>
      <object_component id="oc-ad">
         <name>.debug_abbrev</name>
         <load_address>0x1bca</load_address>
         <run_address>0x1bca</run_address>
         <size>0x44</size>
         <input_file_ref idref="fl-23"/>
      </object_component>
      <object_component id="oc-b1">
         <name>.debug_abbrev</name>
         <load_address>0x1c0e</load_address>
         <run_address>0x1c0e</run_address>
         <size>0xb7</size>
         <input_file_ref idref="fl-24"/>
      </object_component>
      <object_component id="oc-b3">
         <name>.debug_abbrev</name>
         <load_address>0x1cc5</load_address>
         <run_address>0x1cc5</run_address>
         <size>0x68</size>
         <input_file_ref idref="fl-25"/>
      </object_component>
      <object_component id="oc-b7">
         <name>.debug_abbrev</name>
         <load_address>0x1d2d</load_address>
         <run_address>0x1d2d</run_address>
         <size>0x83</size>
         <input_file_ref idref="fl-26"/>
      </object_component>
      <object_component id="oc-bb">
         <name>.debug_abbrev</name>
         <load_address>0x1db0</load_address>
         <run_address>0x1db0</run_address>
         <size>0x112</size>
         <input_file_ref idref="fl-27"/>
      </object_component>
      <object_component id="oc-bf">
         <name>.debug_abbrev</name>
         <load_address>0x1ec2</load_address>
         <run_address>0x1ec2</run_address>
         <size>0xb5</size>
         <input_file_ref idref="fl-28"/>
      </object_component>
      <object_component id="oc-c3">
         <name>.debug_abbrev</name>
         <load_address>0x1f77</load_address>
         <run_address>0x1f77</run_address>
         <size>0x136</size>
[...]
         <object_component_ref idref="oc-4b"/>
      </symbol>
      <symbol id="sm-27c">
         <name>_USBSTK5515_I2C_close</name>
         <value>0x25499</value>
         <object_component_ref idref="oc-50"/>
      </symbol>
      <symbol id="sm-27d">
         <name>_USBSTK5515_I2C_read</name>
         <value>0x2553f</value>
         <object_component_ref idref="oc-50"/>
      </symbol>
      <symbol id="sm-27e">
         <name>_USBSTK5515_I2C_write</name>
         <value>0x254b0</value>
         <object_component_ref idref="oc-50"/>
      </symbol>
      <symbol id="sm-27f">
         <name>_USBSTK5515_I2C_reset</name>
         <value>0x254a2</value>
         <object_component_ref idref="oc-50"/>
      </symbol>
      <symbol id="sm-280">
         <name>_USBSTK5515_I2C_init</name>
         <value>0x2547a</value>
         <object_component_ref idref="oc-50"/>
      </symbol>
      <symbol id="sm-29d">
         <name>_USBSTK5515_ULED_toggle</name>
         <value>0x25019</value>
         <object_component_ref idref="oc-57"/>
      </symbol>
      <symbol id="sm-29e">
         <name>_USBSTK5515_LED_on</name>
         <value>0x24ea0</value>
         <object_component_ref idref="oc-57"/>
      </symbol>
      <symbol id="sm-29f">
         <name>_USBSTK5515_LED_off</name>
         <value>0x24eb1</value>
         <object_component_ref idref="oc-57"/>
      </symbol>
      <symbol id="sm-2a0">
         <name>_USBSTK5515_ULED_on</name>
         <value>0x24fb1</value>
         <object_component_ref idref="oc-57"/>
      </symbol>
      <symbol id="sm-2a1">
         <name>_USBSTK5515_ULED_off</name>
         <value>0x24fe6</value>
         <object_component_ref idref="oc-57"/>
      </symbol>
      <symbol id="sm-2a2">
         <name>_USBSTK5515_ULED_getall</name>
         <value>0x24ef1</value>
         <object_component_ref idref="oc-57"/>
      </symbol>
      <symbol id="sm-2a3">
         <name>_USBSTK5515_ULED_setall</name>
         <value>0x24f43</value>
         <object_component_ref idref="oc-57"/>
      </symbol>
      <symbol id="sm-2a4">
         <name>_USBSTK5515_ULED_init</name>
         <value>0x24ec2</value>
         <object_component_ref idref="oc-57"/>
      </symbol>
      <symbol id="sm-2a5">
         <name>_USBSTK5515_LED_init</name>
         <value>0x24e95</value>
         <object_component_ref idref="oc-57"/>
      </symbol>
      <symbol id="sm-2b1">
         <name>_fir</name>
         <value>0x25e30</value>
         <object_component_ref idref="oc-5c"/>
      </symbol>
      <symbol id="sm-2d6">
         <name>_PLL_reset</name>
         <value>0x242c4</value>
         <object_component_ref idref="oc-60"/>
      </symbol>
      <symbol id="sm-2d7">
         <name>_PLL_bypass</name>
         <value>0x24275</value>
         <object_component_ref idref="oc-60"/>
      </symbol>
      <symbol id="sm-2d8">
         <name>_PLL_enable</name>
         <value>0x2420e</value>
         <object_component_ref idref="oc-60"/>
      </symbol>
      <symbol id="sm-2d9">
         <name>_PLL_config</name>
         <value>0x240e5</value>
         <object_component_ref idref="oc-60"/>
      </symbol>
      <symbol id="sm-2da">
         <name>_PLL_init</name>
         <value>0x240ad</value>
         <object_component_ref idref="oc-60"/>
      </symbol>
      <symbol id="sm-2e6">
         <name>__sysstack</name>
         <value>0x20c0</value>
         <object_component_ref idref="oc-12e"/>
      </symbol>
      <symbol id="sm-2e7">
         <name>_c_int00</name>
         <value>0x2628d</value>
         <object_component_ref idref="oc-10"/>
      </symbol>
      <symbol id="sm-2e8">
         <name>__stack</name>
         <value>0xc0</value>
         <object_component_ref idref="oc-65"/>
      </symbol>
      <symbol id="sm-2f8">
         <name>C$$EXIT</name>
         <value>0x263c1</value>
         <object_component_ref idref="oc-6d"/>
      </symbol>
      <symbol id="sm-2f9">
         <name>_exit</name>
         <value>0x2624f</value>
         <object_component_ref idref="oc-69"/>
      </symbol>
      <symbol id="sm-2fa">
         <name>_abort</name>
         <value>0x263c0</value>
         <object_component_ref idref="oc-6d"/>
      </symbol>
      <symbol id="sm-2fb">
         <name>__cleanup_ptr</name>
         <value>0x6e4c</value>
         <object_component_ref idref="oc-6a"/>
      </symbol>
      <symbol id="sm-2fc">
         <name>__dtors_ptr</name>
         <value>0x6e50</value>
         <object_component_ref idref="oc-6a"/>
      </symbol>
      <symbol id="sm-308">
         <name>_puts</name>
         <value>0x251ad</value>
         <object_component_ref idref="oc-70"/>
      </symbol>
      <symbol id="sm-309">
         <name>_fputs</name>
         <value>0x2505e</value>
         <object_component_ref idref="oc-70"/>
      </symbol>
      <symbol id="sm-31a">
         <name>_add_device</name>
         <value>0x23255</value>
         <object_component_ref idref="oc-75"/>
      </symbol>
      <symbol id="sm-31b">
         <name>_rename</name>
         <value>0x22f86</value>
         <object_component_ref idref="oc-75"/>
      </symbol>
      <symbol id="sm-31c">
         <name>_read</name>
         <value>0x23011</value>
         <object_component_ref idref="oc-75"/>
      </symbol>
      <symbol id="sm-31d">
         <name>_unlink</name>
         <value>0x22f52</value>
         <object_component_ref idref="oc-75"/>
      </symbol>
      <symbol id="sm-31e">
         <name>_remove_device</name>
         <value>0x22fdd</value>
         <object_component_ref idref="oc-75"/>
      </symbol>
      <symbol id="sm-31f">
         <name>_open</name>
         <value>0x230bb</value>
         <object_component_ref idref="oc-75"/>
      </symbol>
      <symbol id="sm-320">
         <name>_find_registered_device</name>
         <value>0x231dc</value>
         <object_component_ref idref="oc-75"/>
      </symbol>
      <symbol id="sm-321">
         <name>_lseek</name>
         <value>0x23178</value>
         <object_component_ref idref="oc-75"/>
      </symbol>
      <symbol id="sm-322">
         <name>_close</name>
         <value>0x231e5</value>
         <object_component_ref idref="oc-75"/>
      </symbol>
      <symbol id="sm-323">
         <name>_write</name>
         <value>0x22e25</value>
         <object_component_ref idref="oc-75"/>
      </symbol>
      <symbol id="sm-32d">
         <name>_memcpy</name>
         <value>0x2602e</value>
         <object_component_ref idref="oc-7b"/>
      </symbol>
      <symbol id="sm-337">
         <name>_printf</name>
         <value>0x260d8</value>
         <object_component_ref idref="oc-7f"/>
      </symbol>
      <symbol id="sm-343">
         <name>_HOSTopen</name>
         <value>0x221b1</value>
         <object_component_ref idref="oc-83"/>
      </symbol>
      <symbol id="sm-344">
         <name>_HOSTread</name>
         <value>0x22126</value>
         <object_component_ref idref="oc-83"/>
      </symbol>
      <symbol id="sm-345">
         <name>_HOSTtime</name>
         <value>0x2200f</value>
         <object_component_ref idref="oc-83"/>
      </symbol>
      <symbol id="sm-346">
         <name>_getenv</name>
         <value>0x21e98</value>
         <object_component_ref idref="oc-83"/>
      </symbol>
      <symbol id="sm-347">
         <name>_HOSTrename</name>
         <value>0x2206d</value>
         <object_component_ref idref="oc-83"/>
      </symbol>
      <symbol id="sm-348">
         <name>_HOSTclock</name>
         <value>0x22372</value>
         <object_component_ref idref="oc-83"/>
      </symbol>
      <symbol id="sm-349">
         <name>_HOSTwrite</name>
         <value>0x21f18</value>
         <object_component_ref idref="oc-83"/>
      </symbol>
      <symbol id="sm-34a">
         <name>_HOSTlseek</name>
         <value>0x22252</value>
         <object_component_ref idref="oc-83"/>
      </symbol>
      <symbol id="sm-34b">
         <name>_HOSTunlink</name>
         <value>0x21fa3</value>
         <object_component_ref idref="oc-83"/>
      </symbol>
      <symbol id="sm-34c">
         <name>_HOSTclose</name>
         <value>0x22307</value>
         <object_component_ref idref="oc-83"/>
      </symbol>
      <symbol id="sm-35e">
         <name>C$$IO$$</name>
         <value>0x25979</value>
         <object_component_ref idref="oc-8b"/>
      </symbol>
      <symbol id="sm-35f">
         <name>__CIOBUF_</name>
         <value>0x40a98</value>
         <object_component_ref idref="oc-8a"/>
      </symbol>
      <symbol id="sm-360">
         <name>_readmsg</name>
         <value>0x25e9b</value>
         <object_component_ref idref="oc-88"/>
      </symbol>
      <symbol id="sm-361">
         <name>_writemsg</name>
         <value>0x258c0</value>
         <object_component_ref idref="oc-8b"/>
      </symbol>
      <symbol id="sm-36b">
         <name>_Reset</name>
         <value>0x4fe00</value>
         <object_component_ref idref="oc-11"/>
      </symbol>
      <symbol id="sm-375">
         <name>__rd_ok</name>
         <value>0x25863</value>
         <object_component_ref idref="oc-92"/>
      </symbol>
      <symbol id="sm-376">
         <name>__wrt_ok</name>
         <value>0x257e6</value>
         <object_component_ref idref="oc-92"/>
      </symbol>
      <symbol id="sm-384">
         <name>__unlock</name>
         <value>0x6e48</value>
         <object_component_ref idref="oc-97"/>
      </symbol>
      <symbol id="sm-385">
         <name>__lock</name>
         <value>0x6e44</value>
         <object_component_ref idref="oc-97"/>
      </symbol>
      <symbol id="sm-386">
         <name>__register_lock</name>
         <value>0x2639c</value>
         <object_component_ref idref="oc-96"/>
      </symbol>
      <symbol id="sm-387">
         <name>__nop</name>
         <value>0x263a4</value>
         <object_component_ref idref="oc-96"/>
      </symbol>
      <symbol id="sm-388">
         <name>__register_unlock</name>
         <value>0x26394</value>
         <object_component_ref idref="oc-96"/>
      </symbol>
      <symbol id="sm-39a">
         <name>__printfi</name>
         <value>0x21315</value>
         <object_component_ref idref="oc-9c"/>
      </symbol>
      <symbol id="sm-3a4">
         <name>__args_main</name>
         <value>0x261be</value>
         <object_component_ref idref="oc-a2"/>
      </symbol>
      <symbol id="sm-3a5">
         <name>__TI_args_main</name>
         <value>0x1</value>
      </symbol>
      <symbol id="sm-3af">
         <name>_atoi</name>
         <value>0x25fd5</value>
         <object_component_ref idref="oc-a6"/>
      </symbol>
      <symbol id="sm-3b7">
         <name>_auto_init</name>
         <value>0x26126</value>
         <object_component_ref idref="oc-aa"/>
      </symbol>
      <symbol id="sm-3c1">
         <name>__eqld</name>
         <value>0x24e09</value>
         <object_component_ref idref="oc-ae"/>
      </symbol>
      <symbol id="sm-3c2">
         <name>__cmpd</name>
         <value>0x24e3d</value>
         <object_component_ref idref="oc-ae"/>
      </symbol>
      <symbol id="sm-3c3">
         <name>__neqd</name>
         <value>0x24cab</value>
         <object_component_ref idref="oc-ae"/>
      </symbol>
      <symbol id="sm-3c4">
         <name>__gtrd</name>
         <value>0x24d74</value>
         <object_component_ref idref="oc-ae"/>
      </symbol>
      <symbol id="sm-3c5">
         <name>__geqd</name>
         <value>0x24dbf</value>
         <object_component_ref idref="oc-ae"/>
      </symbol>
      <symbol id="sm-3c6">
         <name>__leqd</name>
         <value>0x24d27</value>
         <object_component_ref idref="oc-ae"/>
      </symbol>
      <symbol id="sm-3c7">
         <name>__lssd</name>
         <value>0x24cdf</value>
         <object_component_ref idref="oc-ae"/>
      </symbol>
      <symbol id="sm-3cf">
         <name>__ctypes_</name>
         <value>0x7a18</value>
         <object_component_ref idref="oc-12f"/>
      </symbol>
      <symbol id="sm-3d9">
         <name>__tmpnams</name>
         <value>0x69e8</value>
         <object_component_ref idref="oc-b4"/>
      </symbol>
      <symbol id="sm-3da">
         <name>__ft_end</name>
         <value>0x6b28</value>
         <object_component_ref idref="oc-b4"/>
      </symbol>
      <symbol id="sm-3db">
         <name>__ftable</name>
         <value>0x68f8</value>
         <object_component_ref idref="oc-b4"/>
      </symbol>
      <symbol id="sm-3e7">
         <name>__divd</name>
         <value>0x2333d</value>
         <object_component_ref idref="oc-b8"/>
      </symbol>
      <symbol id="sm-3f2">
         <name>__divul</name>
         <value>0x25ada</value>
         <object_component_ref idref="oc-bc"/>
      </symbol>
      <symbol id="sm-3fc">
         <name>__doflush</name>
         <value>0x2597e</value>
         <object_component_ref idref="oc-c0"/>
      </symbol>
      <symbol id="sm-3fd">
         <name>_fflush</name>
         <value>0x259e0</value>
         <object_component_ref idref="oc-c0"/>
      </symbol>
      <symbol id="sm-407">
         <name>__fixdi</name>
         <value>0x262c1</value>
         <object_component_ref idref="oc-c4"/>
      </symbol>
      <symbol id="sm-411">
         <name>__fixdli</name>
         <value>0x25dc2</value>
         <object_component_ref idref="oc-c8"/>
      </symbol>
      <symbol id="sm-41d">
         <name>__fltlid</name>
         <value>0x25f6e</value>
         <object_component_ref idref="oc-cc"/>
      </symbol>
      <symbol id="sm-427">
         <name>_putchar</name>
         <value>0x25acb</value>
         <object_component_ref idref="oc-d1"/>
      </symbol>
      <symbol id="sm-428">
         <name>_putc</name>
         <value>0x25a38</value>
         <object_component_ref idref="oc-d1"/>
      </symbol>
      <symbol id="sm-429">
         <name>_fputc</name>
         <value>0x25a38</value>
         <object_component_ref idref="oc-d1"/>
      </symbol>
      <symbol id="sm-433">
         <name>__frcmpyd_div</name>
         <value>0x25cdf</value>
         <object_component_ref idref="oc-d5"/>
      </symbol>
      <symbol id="sm-43d">
         <name>_fseek</name>
         <value>0x25f06</value>
         <object_component_ref idref="oc-d9"/>
      </symbol>
      <symbol id="sm-447">
         <name>___isinf</name>
         <value>0x26353</value>
         <object_component_ref idref="oc-dd"/>
      </symbol>
      <symbol id="sm-451">
         <name>__divull</name>
         <value>0x2492c</value>
         <object_component_ref idref="oc-e1"/>
      </symbol>
      <symbol id="sm-452">
         <name>__mpylli</name>
         <value>0x24875</value>
         <object_component_ref idref="oc-e1"/>
      </symbol>
      <symbol id="sm-453">
         <name>__remlli</name>
         <value>0x24846</value>
         <object_component_ref idref="oc-e1"/>
      </symbol>
      <symbol id="sm-454">
         <name>__divlli</name>
         <value>0x24a20</value>
         <object_component_ref idref="oc-e1"/>
      </symbol>
      <symbol id="sm-455">
         <name>__remull</name>
         <value>0x247f8</value>
         <object_component_ref idref="oc-e1"/>
      </symbol>
      <symbol id="sm-45d">
         <name>__mpyli</name>
         <value>0x26381</value>
         <object_component_ref idref="oc-e5"/>
      </symbol>
      <symbol id="sm-45e">
         <name>I$$LMPY</name>
         <value>0x26381</value>
         <object_component_ref idref="oc-e5"/>
      </symbol>
      <symbol id="sm-468">
         <name>_ltoa</name>
         <value>0x25b7a</value>
         <object_component_ref idref="oc-e9"/>
      </symbol>
      <symbol id="sm-473">
         <name>_memccpy</name>
         <value>0x26315</value>
         <object_component_ref idref="oc-ed"/>
      </symbol>
      <symbol id="sm-47d">
         <name>__mpyd</name>
         <value>0x2532f</value>
         <object_component_ref idref="oc-f1"/>
      </symbol>
      <symbol id="sm-487">
         <name>__negd</name>
         <value>0x263a6</value>
         <object_component_ref idref="oc-f5"/>
      </symbol>
      <symbol id="sm-491">
         <name>__remli</name>
         <value>0x26173</value>
         <object_component_ref idref="oc-f9"/>
      </symbol>
      <symbol id="sm-49c">
         <name>__remul</name>
         <value>0x25d52</value>
         <object_component_ref idref="oc-fd"/>
      </symbol>
      <symbol id="sm-4a6">
         <name>_setvbuf</name>
         <value>0x256f3</value>
         <object_component_ref idref="oc-101"/>
      </symbol>
      <symbol id="sm-4b0">
         <name>__subd</name>
         <value>0x2636d</value>
         <object_component_ref idref="oc-105"/>
      </symbol>
      <symbol id="sm-4b8">
         <name>__remu</name>
         <value>0x26300</value>
         <object_component_ref idref="oc-109"/>
      </symbol>
      <symbol id="sm-4b9">
         <name>__divu</name>
         <value>0x262eb</value>
         <object_component_ref idref="oc-109"/>
      </symbol>
      <symbol id="sm-4ba">
         <name>I$$UMOD</name>
         <value>0x26300</value>
         <object_component_ref idref="oc-109"/>
      </symbol>
      <symbol id="sm-4bb">
         <name>I$$UDIV</name>
         <value>0x262eb</value>
         <object_component_ref idref="oc-109"/>
      </symbol>
      <symbol id="sm-4c5">
         <name>__addd</name>
         <value>0x24a54</value>
         <object_component_ref idref="oc-10d"/>
      </symbol>
      <symbol id="sm-4cf">
         <name>__divli</name>
         <value>0x26207</value>
         <object_component_ref idref="oc-111"/>
      </symbol>
      <symbol id="sm-4de">
         <name>__cleanup</name>
         <value>0x24445</value>
         <object_component_ref idref="oc-115"/>
      </symbol>
      <symbol id="sm-4df">
         <name>_fopen</name>
         <value>0x24563</value>
         <object_component_ref idref="oc-115"/>
      </symbol>
      <symbol id="sm-4e0">
         <name>_freopen</name>
         <value>0x2449d</value>
         <object_component_ref idref="oc-115"/>
      </symbol>
      <symbol id="sm-4ea">
         <name>__frcmpyd</name>
         <value>0x25c69</value>
         <object_component_ref idref="oc-11b"/>
      </symbol>
      <symbol id="sm-4fa">
         <name>__sys_memory</name>
         <value>0x30c0</value>
         <object_component_ref idref="oc-123"/>
      </symbol>
      <symbol id="sm-4fb">
         <name>_chkheap</name>
         <value>0x228af</value>
         <object_component_ref idref="oc-11f"/>
      </symbol>
      <symbol id="sm-4fc">
         <name>_realloc</name>
         <value>0x22615</value>
         <object_component_ref idref="oc-11f"/>
      </symbol>
      <symbol id="sm-4fd">
         <name>_free_memory</name>
         <value>0x22848</value>
         <object_component_ref idref="oc-11f"/>
      </symbol>
      <symbol id="sm-4fe">
         <name>_max_free</name>
         <value>0x227de</value>
         <object_component_ref idref="oc-11f"/>
      </symbol>
      <symbol id="sm-4ff">
         <name>_free</name>
         <value>0x223d0</value>
         <object_component_ref idref="oc-11f"/>
      </symbol>
      <symbol id="sm-500">
         <name>_calloc</name>
         <value>0x228b7</value>
         <object_component_ref idref="oc-11f"/>
      </symbol>
      <symbol id="sm-501">
         <name>_malloc</name>
         <value>0x22514</value>
         <object_component_ref idref="oc-11f"/>
      </symbol>
      <symbol id="sm-502">
         <name>_minit</name>
         <value>0x224a2</value>
         <object_component_ref idref="oc-11f"/>
      </symbol>
      <symbol id="sm-50c">
         <name>_fclose</name>
         <value>0x25bf3</value>
         <object_component_ref idref="oc-126"/>
      </symbol>
      <symbol id="sm-516">
         <name>_remove</name>
         <value>0x263b6</value>
         <object_component_ref idref="oc-12a"/>
      </symbol>
   </symbol_table>
</link_info>
